Archive member included to satisfy reference by file (symbol)

c:/program files (x86)/gnu arm embedded toolchain/10 2021.10/bin/../lib/gcc/arm-none-eabi/10.3.1/thumb/v6-m/nofp\libgcc.a(_dvmd_tls.o)
                              CMakeFiles/01_blink.dir/C_/Repositories/pico/pico-sdk/src/rp2_common/pico_divider/divider_hardware.S.obj (__aeabi_idiv0)
c:/program files (x86)/gnu arm embedded toolchain/10 2021.10/bin/../lib/gcc/arm-none-eabi/10.3.1/../../../../arm-none-eabi/lib/thumb/v6-m/nofp\libg.a(lib_a-calloc.o)
                              CMakeFiles/01_blink.dir/C_/Repositories/pico/pico-sdk/src/rp2_common/pico_malloc/malloc.c.obj (calloc)
c:/program files (x86)/gnu arm embedded toolchain/10 2021.10/bin/../lib/gcc/arm-none-eabi/10.3.1/../../../../arm-none-eabi/lib/thumb/v6-m/nofp\libg.a(lib_a-callocr.o)
                              c:/program files (x86)/gnu arm embedded toolchain/10 2021.10/bin/../lib/gcc/arm-none-eabi/10.3.1/../../../../arm-none-eabi/lib/thumb/v6-m/nofp\libg.a(lib_a-calloc.o) (_calloc_r)
c:/program files (x86)/gnu arm embedded toolchain/10 2021.10/bin/../lib/gcc/arm-none-eabi/10.3.1/../../../../arm-none-eabi/lib/thumb/v6-m/nofp\libg.a(lib_a-errno.o)
                              c:/program files (x86)/gnu arm embedded toolchain/10 2021.10/bin/../lib/gcc/arm-none-eabi/10.3.1/../../../../arm-none-eabi/lib/thumb/v6-m/nofp\libg.a(lib_a-callocr.o) (__errno)
c:/program files (x86)/gnu arm embedded toolchain/10 2021.10/bin/../lib/gcc/arm-none-eabi/10.3.1/../../../../arm-none-eabi/lib/thumb/v6-m/nofp\libg.a(lib_a-impure.o)
                              c:/program files (x86)/gnu arm embedded toolchain/10 2021.10/bin/../lib/gcc/arm-none-eabi/10.3.1/../../../../arm-none-eabi/lib/thumb/v6-m/nofp\libg.a(lib_a-calloc.o) (_impure_ptr)
c:/program files (x86)/gnu arm embedded toolchain/10 2021.10/bin/../lib/gcc/arm-none-eabi/10.3.1/../../../../arm-none-eabi/lib/thumb/v6-m/nofp\libg.a(lib_a-init.o)
                              c:/program files (x86)/gnu arm embedded toolchain/10 2021.10/bin/../lib/gcc/arm-none-eabi/10.3.1/../../../../arm-none-eabi/lib/thumb/v6-m/nofp/crt0.o (__libc_init_array)
c:/program files (x86)/gnu arm embedded toolchain/10 2021.10/bin/../lib/gcc/arm-none-eabi/10.3.1/../../../../arm-none-eabi/lib/thumb/v6-m/nofp\libg.a(lib_a-lcltime_r.o)
                              CMakeFiles/01_blink.dir/C_/Repositories/pico/pico-sdk/src/common/pico_util/datetime.c.obj (localtime_r)
c:/program files (x86)/gnu arm embedded toolchain/10 2021.10/bin/../lib/gcc/arm-none-eabi/10.3.1/../../../../arm-none-eabi/lib/thumb/v6-m/nofp\libg.a(lib_a-malloc.o)
                              CMakeFiles/01_blink.dir/C_/Repositories/pico/pico-sdk/src/rp2_common/pico_malloc/malloc.c.obj (malloc)
c:/program files (x86)/gnu arm embedded toolchain/10 2021.10/bin/../lib/gcc/arm-none-eabi/10.3.1/../../../../arm-none-eabi/lib/thumb/v6-m/nofp\libg.a(lib_a-mallocr.o)
                              c:/program files (x86)/gnu arm embedded toolchain/10 2021.10/bin/../lib/gcc/arm-none-eabi/10.3.1/../../../../arm-none-eabi/lib/thumb/v6-m/nofp\libg.a(lib_a-callocr.o) (_malloc_r)
c:/program files (x86)/gnu arm embedded toolchain/10 2021.10/bin/../lib/gcc/arm-none-eabi/10.3.1/../../../../arm-none-eabi/lib/thumb/v6-m/nofp\libg.a(lib_a-memcmp.o)
                              CMakeFiles/01_blink.dir/C_/Repositories/pico/pico-sdk/src/rp2_common/pico_atomic/atomic.c.obj (memcmp)
c:/program files (x86)/gnu arm embedded toolchain/10 2021.10/bin/../lib/gcc/arm-none-eabi/10.3.1/../../../../arm-none-eabi/lib/thumb/v6-m/nofp\libg.a(lib_a-mktime.o)
                              CMakeFiles/01_blink.dir/C_/Repositories/pico/pico-sdk/src/common/pico_util/datetime.c.obj (mktime)
c:/program files (x86)/gnu arm embedded toolchain/10 2021.10/bin/../lib/gcc/arm-none-eabi/10.3.1/../../../../arm-none-eabi/lib/thumb/v6-m/nofp\libg.a(lib_a-mlock.o)
                              c:/program files (x86)/gnu arm embedded toolchain/10 2021.10/bin/../lib/gcc/arm-none-eabi/10.3.1/../../../../arm-none-eabi/lib/thumb/v6-m/nofp\libg.a(lib_a-mallocr.o) (__malloc_lock)
c:/program files (x86)/gnu arm embedded toolchain/10 2021.10/bin/../lib/gcc/arm-none-eabi/10.3.1/../../../../arm-none-eabi/lib/thumb/v6-m/nofp\libg.a(lib_a-month_lengths.o)
                              c:/program files (x86)/gnu arm embedded toolchain/10 2021.10/bin/../lib/gcc/arm-none-eabi/10.3.1/../../../../arm-none-eabi/lib/thumb/v6-m/nofp\libg.a(lib_a-lcltime_r.o) (__month_lengths)
c:/program files (x86)/gnu arm embedded toolchain/10 2021.10/bin/../lib/gcc/arm-none-eabi/10.3.1/../../../../arm-none-eabi/lib/thumb/v6-m/nofp\libg.a(lib_a-realloc.o)
                              CMakeFiles/01_blink.dir/C_/Repositories/pico/pico-sdk/src/rp2_common/pico_malloc/malloc.c.obj (realloc)
c:/program files (x86)/gnu arm embedded toolchain/10 2021.10/bin/../lib/gcc/arm-none-eabi/10.3.1/../../../../arm-none-eabi/lib/thumb/v6-m/nofp\libg.a(lib_a-reallocr.o)
[...]
Memory Configuration

Name             Origin             Length             Attributes
FLASH            0x10000000         0x00200000         xr
RAM              0x20000000         0x00040000         xrw
SCRATCH_X        0x20040000         0x00001000         xrw
SCRATCH_Y        0x20041000         0x00001000         xrw
*default*        0x00000000         0xffffffff

Linker script and memory map

LOAD c:/program files (x86)/gnu arm embedded toolchain/10 2021.10/bin/../lib/gcc/arm-none-eabi/10.3.1/thumb/v6-m/nofp/crti.o
LOAD c:/program files (x86)/gnu arm embedded toolchain/10 2021.10/bin/../lib/gcc/arm-none-eabi/10.3.1/thumb/v6-m/nofp/crtbegin.o
LOAD c:/program files (x86)/gnu arm embedded toolchain/10 2021.10/bin/../lib/gcc/arm-none-eabi/10.3.1/../../../../arm-none-eabi/lib/thumb/v6-m/nofp/crt0.o

.flash_begin    0x10000000        0x0
                0x10000000                __flash_binary_start = .

.boot2          0x10000000      0x100
                0x10000000                __boot2_start__ = .
 *(.boot2)
 .boot2         0x10000000      0x100 pico-sdk/src/rp2040/boot_stage2/CMakeFiles/bs2_default_library.dir/bs2_default_padded_checksummed.S.obj
                0x10000100                __boot2_end__ = .
                0x00000001                ASSERT (((__boot2_end__ - __boot2_start__) == 0x100), ERROR: Pico second stage bootloader must be 256 bytes in size)

.text           0x10000100     0x16e8
                0x10000100                __logical_binary_start = .
 *(.vectors)
 .vectors       0x10000100       0xd4 CMakeFiles/01_blink.dir/C_/Repositories/pico/pico-sdk/src/rp2_common/pico_crt0/crt0.S.obj
                0x10000100                __VECTOR_TABLE
                0x10000100                __vectors
                0x100001c0                isr_irq13
                0x100001c0                isr_irq27
                0x100001c0                isr_irq31
                0x100001c0                isr_irq12
                0x100001c0                isr_irq5
                0x100001c0                isr_irq11
                0x100001c0                isr_irq3
                0x100001c0                isr_irq23
                0x100001c0                __unhandled_user_irq
                0x100001c0                isr_irq26
                0x100001c0                isr_irq28
                0x100001c0                isr_irq19
                0x100001c0                isr_irq0
                0x100001c0                isr_irq6
                0x100001c0                isr_irq29
                0x100001c0                isr_irq16
                0x100001c0                isr_irq22
                0x100001c0                isr_irq18
                0x100001c0                isr_irq17
                0x100001c0                isr_irq14
                0x100001c0                __vectors_end
                0x100001c0                __default_isrs_start
                0x100001c0                isr_irq2
                0x100001c0                isr_irq10
                0x100001c0                isr_irq8
                0x100001c0                isr_irq24
                0x100001c0                isr_irq1
                0x100001c0                isr_irq7
                0x100001c0                isr_irq21
                0x100001c0                isr_irq20
                0x100001c0                isr_irq15
                0x100001c0                isr_irq25
                0x100001c0                isr_irq4
                0x100001c0                isr_irq30
                0x100001c0                isr_irq9
                0x100001c6                unhandled_user_irq_num_in_r0
                0x100001c8                isr_invalid
                0x100001ca                isr_nmi
                0x100001cc                isr_hardfault
                0x100001ce                isr_svcall
                0x100001d0                isr_pendsv
                0x100001d2                isr_systick
                0x100001d4                __default_isrs_end
 *(.binary_info_header)
 .binary_info_header
                0x100001d4       0x14 CMakeFiles/01_blink.dir/C_/Repositories/pico/pico-sdk/src/rp2_common/pico_crt0/crt0.S.obj
                0x100001e8                __binary_info_header_end = .
 *(.embedded_block)
                0x100001e8                __embedded_block_end = .
 *(.reset)
 .reset         0x100001e8       0x9c CMakeFiles/01_blink.dir/C_/Repositories/pico/pico-sdk/src/rp2_common/pico_crt0/crt0.S.obj
                0x100001e8                _entry_point
 *(.init)
 .init          0x10000284        0x4 c:/program files (x86)/gnu arm embedded toolchain/10 2021.10/bin/../lib/gcc/arm-none-eabi/10.3.1/thumb/v6-m/nofp/crti.o
                0x10000284                _init
 *(EXCLUDE_FILE(*libm.a: *libc.a:*lib_a-mem*.o *libgcc.a:) .text*)
 .text          0x10000288       0x48 c:/program files (x86)/gnu arm embedded toolchain/10 2021.10/bin/../lib/gcc/arm-none-eabi/10.3.1/thumb/v6-m/nofp/crtbegin.o
 .text.startup.main
                0x100002d0       0x28 CMakeFiles/01_blink.dir/main.c.obj
                0x100002d0                main
 .text.gpio_init
                0x100002f8       0x40 CMakeFiles/01_blink.dir/C_/Repositories/pico/pico-sdk/src/rp2_common/hardware_gpio/gpio.c.obj
                0x100002f8                gpio_init
 .text.panic    0x10000338       0x30 CMakeFiles/01_blink.dir/C_/Repositories/pico/pico-sdk/src/rp2_common/pico_platform_panic/panic.c.obj
                0x10000338                panic
 .text.hw_claim_or_assert
                0x10000368       0x44 CMakeFiles/01_blink.dir/C_/Repositories/pico/pico-sdk/src/common/hardware_claim/claim.c.obj
                0x10000368                hw_claim_or_assert
 .text.next_striped_spin_lock_num
                0x100003ac       0x18 CMakeFiles/01_blink.dir/C_/Repositories/pico/pico-sdk/src/rp2_common/hardware_sync/sync.c.obj
                0x100003ac                next_striped_spin_lock_num
 .text.spin_locks_reset
                0x100003c4       0x1c CMakeFiles/01_blink.dir/C_/Repositories/pico/pico-sdk/src/rp2_common/hardware_sync_spin_lock/sync_spin_lock.c.obj
                0x100003c4                spin_locks_reset
 .text.runtime_init_per_core_irq_priorities
                0x100003e0       0x24 CMakeFiles/01_blink.dir/C_/Repositories/pico/pico-sdk/src/rp2_common/hardware_irq/irq.c.obj
                0x100003e0                runtime_init_per_core_irq_priorities
 .text.irq_set_enabled
                0x10000404       0x24 CMakeFiles/01_blink.dir/C_/Repositories/pico/pico-sdk/src/rp2_common/hardware_irq/irq.c.obj
                0x10000404                irq_set_enabled
 .text.irq_set_exclusive_handler
                0x10000428       0x54 CMakeFiles/01_blink.dir/C_/Repositories/pico/pico-sdk/src/rp2_common/hardware_irq/irq.c.obj
                0x10000428                irq_set_exclusive_handler
 .text.lock_init
                0x1000047c       0x10 CMakeFiles/01_blink.dir/C_/Repositories/pico/pico-sdk/src/common/pico_sync/lock_core.c.obj
                0x1000047c                lock_init
 .text.runtime_init_mutex
                0x1000048c       0x58 CMakeFiles/01_blink.dir/C_/Repositories/pico/pico-sdk/src/common/pico_sync/mutex.c.obj
                0x1000048c                runtime_init_mutex
 .text.sleep_until_callback
                0x100004e4       0x30 CMakeFiles/01_blink.dir/C_/Repositories/pico/pico-sdk/src/common/pico_time/time.c.obj
 .text.alarm_pool_irq_handler
                0x10000514      0x308 CMakeFiles/01_blink.dir/C_/Repositories/pico/pico-sdk/src/common/pico_time/time.c.obj
 .text.runtime_init_default_alarm_pool
                0x1000081c       0xdc CMakeFiles/01_blink.dir/C_/Repositories/pico/pico-sdk/src/common/pico_time/time.c.obj
                0x1000081c                runtime_init_default_alarm_pool
 .text.alarm_pool_add_alarm_at_force_in_context
                0x100008f8       0xb0 CMakeFiles/01_blink.dir/C_/Repositories/pico/pico-sdk/src/common/pico_time/time.c.obj
                0x100008f8                alarm_pool_add_alarm_at_force_in_context
 .text.alarm_pool_cancel_alarm
                0x100009a8       0x7c CMakeFiles/01_blink.dir/C_/Repositories/pico/pico-sdk/src/common/pico_time/time.c.obj
                0x100009a8                alarm_pool_cancel_alarm
 .text.sleep_until
                0x10000a24       0xd0 CMakeFiles/01_blink.dir/C_/Repositories/pico/pico-sdk/src/common/pico_time/time.c.obj
                0x10000a24                sleep_until
 .text.sleep_ms
                0x10000af4       0x34 CMakeFiles/01_blink.dir/C_/Repositories/pico/pico-sdk/src/common/pico_time/time.c.obj
                0x10000af4                sleep_ms
 .text.best_effort_wfe_or_timeout
                0x10000b28       0xfc CMakeFiles/01_blink.dir/C_/Repositories/pico/pico-sdk/src/common/pico_time/time.c.obj
                0x10000b28                best_effort_wfe_or_timeout
 .text.timer_hardware_alarm_claim
                0x10000c24       0x14 CMakeFiles/01_blink.dir/C_/Repositories/pico/pico-sdk/src/rp2_common/hardware_timer/timer.c.obj
                0x10000c24                timer_hardware_alarm_claim
 .text.timer_time_us_64
                0x10000c38       0x10 CMakeFiles/01_blink.dir/C_/Repositories/pico/pico-sdk/src/rp2_common/hardware_timer/timer.c.obj
                0x10000c38                timer_time_us_64
 .text.time_us_64
                0x10000c48       0x14 CMakeFiles/01_blink.dir/C_/Repositories/pico/pico-sdk/src/rp2_common/hardware_timer/timer.c.obj
                0x10000c48                time_us_64
 .text.busy_wait_until
                0x10000c5c       0x20 CMakeFiles/01_blink.dir/C_/Repositories/pico/pico-sdk/src/rp2_common/hardware_timer/timer.c.obj
                0x10000c5c                busy_wait_until
 .text.clock_configure_int_divider
                0x10000c7c       0xf4 CMakeFiles/01_blink.dir/C_/Repositories/pico/pico-sdk/src/rp2_common/hardware_clocks/clocks.c.obj
                0x10000c7c                clock_configure_int_divider
 .text.clock_configure_undivided
                0x10000d70       0xe8 CMakeFiles/01_blink.dir/C_/Repositories/pico/pico-sdk/src/rp2_common/hardware_clocks/clocks.c.obj
                0x10000d70                clock_configure_undivided
 .text.clock_get_hz
                0x10000e58        0xc CMakeFiles/01_blink.dir/C_/Repositories/pico/pico-sdk/src/rp2_common/hardware_clocks/clocks.c.obj
                0x10000e58                clock_get_hz
 .text.pll_init
                0x10000e64       0xa0 CMakeFiles/01_blink.dir/C_/Repositories/pico/pico-sdk/src/rp2_common/hardware_pll/pll.c.obj
                0x10000e64                pll_init
 .text.tick_start
                0x10000f04       0x10 CMakeFiles/01_blink.dir/C_/Repositories/pico/pico-sdk/src/rp2_common/hardware_ticks/ticks.c.obj
                0x10000f04                tick_start
 .text.rom_func_lookup
                0x10000f14       0x10 CMakeFiles/01_blink.dir/C_/Repositories/pico/pico-sdk/src/rp2_common/pico_bootrom/bootrom.c.obj
                0x10000f14                rom_func_lookup
 .text.rom_data_lookup
                0x10000f24       0x10 CMakeFiles/01_blink.dir/C_/Repositories/pico/pico-sdk/src/rp2_common/pico_bootrom/bootrom.c.obj
                0x10000f24                rom_data_lookup
 .text.rom_funcs_lookup
                0x10000f34       0x44 CMakeFiles/01_blink.dir/C_/Repositories/pico/pico-sdk/src/rp2_common/pico_bootrom/bootrom.c.obj
                0x10000f34                rom_funcs_lookup
 .text.xosc_init
                0x10000f78       0x28 CMakeFiles/01_blink.dir/C_/Repositories/pico/pico-sdk/src/rp2_common/hardware_xosc/xosc.c.obj
                0x10000f78                xosc_init
 .text.first_per_core_initializer
                0x10000fa0        0x4 CMakeFiles/01_blink.dir/C_/Repositories/pico/pico-sdk/src/rp2_common/pico_runtime/runtime.c.obj
 .text.hard_assertion_failure
                0x10000fa4        0xc CMakeFiles/01_blink.dir/C_/Repositories/pico/pico-sdk/src/rp2_common/pico_runtime/runtime.c.obj
                0x10000fa4                hard_assertion_failure
 .text.runtime_run_initializers
                0x10000fb0       0x28 CMakeFiles/01_blink.dir/C_/Repositories/pico/pico-sdk/src/rp2_common/pico_runtime/runtime.c.obj
                0x10000fb0                runtime_run_initializers
 .text.runtime_init_early_resets
                0x10000fd8       0x2c CMakeFiles/01_blink.dir/C_/Repositories/pico/pico-sdk/src/rp2_common/pico_runtime_init/runtime_init.c.obj
                0x10000fd8                runtime_init_early_resets
 .text.runtime_init_usb_power_down
                0x10001004       0x1c CMakeFiles/01_blink.dir/C_/Repositories/pico/pico-sdk/src/rp2_common/pico_runtime_init/runtime_init.c.obj
                0x10001004                runtime_init_usb_power_down
 .text.runtime_init_post_clock_resets
                0x10001020       0x20 CMakeFiles/01_blink.dir/C_/Repositories/pico/pico-sdk/src/rp2_common/pico_runtime_init/runtime_init.c.obj
                0x10001020                runtime_init_post_clock_resets
 .text.runtime_init_rp2040_gpio_ie_disable
                0x10001040       0x14 CMakeFiles/01_blink.dir/C_/Repositories/pico/pico-sdk/src/rp2_common/pico_runtime_init/runtime_init.c.obj
                0x10001040                runtime_init_rp2040_gpio_ie_disable
 .text.runtime_init_spin_locks_reset
                0x10001054        0x8 CMakeFiles/01_blink.dir/C_/Repositories/pico/pico-sdk/src/rp2_common/pico_runtime_init/runtime_init.c.obj
                0x10001054                runtime_init_spin_locks_reset
 .text.runtime_init_install_ram_vector_table
                0x1000105c       0xcc CMakeFiles/01_blink.dir/C_/Repositories/pico/pico-sdk/src/rp2_common/pico_runtime_init/runtime_init.c.obj
                0x1000105c                runtime_init_install_ram_vector_table
 .text.runtime_init_clocks
                0x10001128       0xd8 CMakeFiles/01_blink.dir/C_/Repositories/pico/pico-sdk/src/rp2_common/pico_runtime_init/runtime_init_clocks.c.obj
                0x10001128                runtime_init_clocks
 .text          0x10001200       0x10 CMakeFiles/01_blink.dir/C_/Repositories/pico/pico-sdk/src/rp2_common/pico_bit_ops/bit_ops_aeabi.S.obj
 .text.__wrap___aeabi_uidiv
                0x10001210       0x4c CMakeFiles/01_blink.dir/C_/Repositories/pico/pico-sdk/src/rp2_common/pico_divider/divider_hardware.S.obj
                0x10001210                __wrap___aeabi_uidiv
                0x10001210                __wrap___aeabi_uidivmod
                0x10001210                div_u32u32
                0x10001210                divmod_u32u32
                0x10001218                divmod_u32u32_unsafe
                0x10001240                divmod_u32u32_savestate
 .text.__aeabi_double_init
                0x1000125c       0xa0 CMakeFiles/01_blink.dir/C_/Repositories/pico/pico-sdk/src/rp2_common/pico_double/double_init_rom_rp2040.c.obj
                0x1000125c                __aeabi_double_init
 .text.double_table_shim_on_use_helper
                0x100012fc       0x2c CMakeFiles/01_blink.dir/C_/Repositories/pico/pico-sdk/src/rp2_common/pico_double/double_v1_rom_shim_rp2040.S.obj
                0x100012fc                double_table_shim_on_use_helper
 .text.__aeabi_lmul
                0x10001328       0x32 CMakeFiles/01_blink.dir/C_/Repositories/pico/pico-sdk/src/rp2_common/pico_int64_ops/pico_int64_ops_aeabi.S.obj
                0x10001328                __wrap___aeabi_lmul
 *fill*         0x1000135a        0x2 
 .text.__aeabi_float_init
                0x1000135c       0x64 CMakeFiles/01_blink.dir/C_/Repositories/pico/pico-sdk/src/rp2_common/pico_float/float_init_rom_rp2040.c.obj
                0x1000135c                __aeabi_float_init
 .text.float_table_shim_on_use_helper
                0x100013c0       0x2c CMakeFiles/01_blink.dir/C_/Repositories/pico/pico-sdk/src/rp2_common/pico_float/float_v1_rom_shim_rp2040.S.obj
                0x100013c0                float_table_shim_on_use_helper
 .text          0x100013ec       0x10 CMakeFiles/01_blink.dir/C_/Repositories/pico/pico-sdk/src/rp2_common/pico_mem_ops/mem_ops_aeabi.S.obj
                0x100013ec                __aeabi_mem_init
 .text.memcpy   0x100013fc        0xc CMakeFiles/01_blink.dir/C_/Repositories/pico/pico-sdk/src/rp2_common/pico_mem_ops/mem_ops_aeabi.S.obj
                0x100013fc                __wrap_memcpy
                0x100013fc                __wrap___aeabi_memcpy
 .text._out_char
                0x10001408       0x10 CMakeFiles/01_blink.dir/C_/Repositories/pico/pico-sdk/src/rp2_common/pico_printf/printf.c.obj
 .text.weak_raw_vprintf
                0x10001418       0x30 CMakeFiles/01_blink.dir/C_/Repositories/pico/pico-sdk/src/rp2_common/pico_printf/printf.c.obj
                0x10001418                weak_raw_vprintf
 .text._exit    0x10001448        0x4 CMakeFiles/01_blink.dir/C_/Repositories/pico/pico-sdk/src/rp2_common/pico_clib_interface/newlib_interface.c.obj
                0x10001448                _exit
 .text.exit     0x1000144c        0x8 CMakeFiles/01_blink.dir/C_/Repositories/pico/pico-sdk/src/rp2_common/pico_clib_interface/newlib_interface.c.obj
                0x1000144c                exit
 .text.runtime_init
                0x10001454       0x2c CMakeFiles/01_blink.dir/C_/Repositories/pico/pico-sdk/src/rp2_common/pico_clib_interface/newlib_interface.c.obj
                0x10001454                runtime_init
 .text.stdio_out_chars_no_crlf
                0x10001480       0x10 CMakeFiles/01_blink.dir/C_/Repositories/pico/pico-sdk/src/rp2_common/pico_stdio/stdio.c.obj
 .text.stdio_out_chars_crlf
                0x10001490       0xb4 CMakeFiles/01_blink.dir/C_/Repositories/pico/pico-sdk/src/rp2_common/pico_stdio/stdio.c.obj
 .text.stdio_put_string
                0x10001544      0x100 CMakeFiles/01_blink.dir/C_/Repositories/pico/pico-sdk/src/rp2_common/pico_stdio/stdio.c.obj
                0x10001544                stdio_put_string
 .text.__wrap_putchar
                0x10001644       0x98 CMakeFiles/01_blink.dir/C_/Repositories/pico/pico-sdk/src/rp2_common/pico_stdio/stdio.c.obj
                0x10001644                __wrap_putchar
                0x10001644                stdio_putchar
 .text.__wrap_puts
                0x100016dc       0x3c CMakeFiles/01_blink.dir/C_/Repositories/pico/pico-sdk/src/rp2_common/pico_stdio/stdio.c.obj
                0x100016dc                stdio_puts
                0x100016dc                __wrap_puts
 .text.strlen   0x10001718       0x5c c:/program files (x86)/gnu arm embedded toolchain/10 2021.10/bin/../lib/gcc/arm-none-eabi/10.3.1/../../../../arm-none-eabi/lib/thumb/v6-m/nofp\libg.a(lib_a-strlen-stub.o)
                0x10001718                strlen
 *(.fini)
 .fini          0x10001774        0x4 c:/program files (x86)/gnu arm embedded toolchain/10 2021.10/bin/../lib/gcc/arm-none-eabi/10.3.1/thumb/v6-m/nofp/crti.o
                0x10001774                _fini
 .fini.__stub   0x10001778       0x30 linker stubs
 *crtbegin.o(.ctors)
 *crtbegin?.o(.ctors)
 *(EXCLUDE_FILE(*crtend.o *crtend?.o) .ctors)
 *(SORT_BY_NAME(.ctors.*))
 *(.ctors)
 *crtbegin.o(.dtors)
 *crtbegin?.o(.dtors)
 *(EXCLUDE_FILE(*crtend.o *crtend?.o) .dtors)
 *(SORT_BY_NAME(.dtors.*))
 *(.dtors)
                0x100017a8                . = ALIGN (0x4)
                0x100017a8                PROVIDE (__preinit_array_start = .)
 *(SORT_BY_NAME(.preinit_array.*))
 .preinit_array.00100
                0x100017a8        0x4 CMakeFiles/01_blink.dir/C_/Repositories/pico/pico-sdk/src/rp2_common/pico_runtime_init/runtime_init.c.obj
                0x100017a8                __pre_init_runtime_init_early_resets
 .preinit_array.00101
                0x100017ac        0x4 CMakeFiles/01_blink.dir/C_/Repositories/pico/pico-sdk/src/rp2_common/pico_runtime_init/runtime_init.c.obj
                0x100017ac                __pre_init_runtime_init_usb_power_down
 .preinit_array.00275
                0x100017b0        0x4 CMakeFiles/01_blink.dir/C_/Repositories/pico/pico-sdk/src/rp2_common/pico_bit_ops/bit_ops_aeabi.S.obj
 .preinit_array.00300
                0x100017b4        0x4 CMakeFiles/01_blink.dir/C_/Repositories/pico/pico-sdk/src/rp2_common/pico_mem_ops/mem_ops_aeabi.S.obj
 .preinit_array.00350
                0x100017b8        0x4 CMakeFiles/01_blink.dir/C_/Repositories/pico/pico-sdk/src/rp2_common/pico_double/double_aeabi_rp2040.S.obj
 .preinit_array.00350
                0x100017bc        0x4 CMakeFiles/01_blink.dir/C_/Repositories/pico/pico-sdk/src/rp2_common/pico_float/float_aeabi_rp2040.S.obj
 .preinit_array.00500
                0x100017c0        0x4 CMakeFiles/01_blink.dir/C_/Repositories/pico/pico-sdk/src/rp2_common/pico_runtime_init/runtime_init.c.obj
                0x100017c0                __pre_init_runtime_init_clocks
 .preinit_array.00600
                0x100017c4        0x4 CMakeFiles/01_blink.dir/C_/Repositories/pico/pico-sdk/src/rp2_common/pico_runtime_init/runtime_init.c.obj
                0x100017c4                __pre_init_runtime_init_post_clock_resets
 .preinit_array.00700
                0x100017c8        0x4 CMakeFiles/01_blink.dir/C_/Repositories/pico/pico-sdk/src/rp2_common/pico_runtime_init/runtime_init.c.obj
                0x100017c8                __pre_init_runtime_init_rp2040_gpio_ie_disable
 .preinit_array.01000
                0x100017cc        0x4 CMakeFiles/01_blink.dir/C_/Repositories/pico/pico-sdk/src/rp2_common/pico_runtime_init/runtime_init.c.obj
                0x100017cc                __pre_init_runtime_init_spin_locks_reset
 .preinit_array.01100
                0x100017d0        0x4 CMakeFiles/01_blink.dir/C_/Repositories/pico/pico-sdk/src/common/pico_sync/mutex.c.obj
                0x100017d0                __pre_init_runtime_init_mutex
 .preinit_array.10080
                0x100017d4        0x4 CMakeFiles/01_blink.dir/C_/Repositories/pico/pico-sdk/src/rp2_common/pico_runtime_init/runtime_init.c.obj
                0x100017d4                __pre_init_runtime_init_install_ram_vector_table
 .preinit_array.11000
                0x100017d8        0x4 CMakeFiles/01_blink.dir/C_/Repositories/pico/pico-sdk/src/common/pico_time/time.c.obj
                0x100017d8                __pre_init_runtime_init_default_alarm_pool
 .preinit_array.YYYYY
                0x100017dc        0x4 CMakeFiles/01_blink.dir/C_/Repositories/pico/pico-sdk/src/rp2_common/pico_runtime/runtime.c.obj
                0x100017dc                __pre_init_first_per_core_initializer
 .preinit_array.ZZZZZ.01200
                0x100017e0        0x4 CMakeFiles/01_blink.dir/C_/Repositories/pico/pico-sdk/src/rp2_common/hardware_irq/irq.c.obj
                0x100017e0                __pre_init_runtime_init_per_core_irq_priorities
 *(.preinit_array)
                0x100017e4                PROVIDE (__preinit_array_end = .)
                0x100017e4                . = ALIGN (0x4)
                0x100017e4                PROVIDE (__init_array_start = .)
 *(SORT_BY_NAME(.init_array.*))
 *(.init_array)
 .init_array    0x100017e4        0x4 c:/program files (x86)/gnu arm embedded toolchain/10 2021.10/bin/../lib/gcc/arm-none-eabi/10.3.1/thumb/v6-m/nofp/crtbegin.o
                0x100017e8                PROVIDE (__init_array_end = .)
                0x100017e8                . = ALIGN (0x4)
                [!provide]                PROVIDE (__fini_array_start = .)
 *(SORT_BY_NAME(.fini_array.*))
 *(.fini_array)
                [!provide]                PROVIDE (__fini_array_end = .)
 *(.eh_frame*)
 .eh_frame      0x100017e8        0x0 c:/program files (x86)/gnu arm embedded toolchain/10 2021.10/bin/../lib/gcc/arm-none-eabi/10.3.1/thumb/v6-m/nofp/crtbegin.o
                0x100017e8                . = ALIGN (0x4)

.glue_7         0x100017e8        0x0
 .glue_7        0x100017e8        0x0 linker stubs

.glue_7t        0x100017e8        0x0
 .glue_7t       0x100017e8        0x0 linker stubs

.vfp11_veneer   0x100017e8        0x0
 .vfp11_veneer  0x100017e8        0x0 linker stubs

.v4_bx          0x100017e8        0x0
 .v4_bx         0x100017e8        0x0 linker stubs

.iplt           0x100017e8        0x0
 .iplt          0x100017e8        0x0 c:/program files (x86)/gnu arm embedded toolchain/10 2021.10/bin/../lib/gcc/arm-none-eabi/10.3.1/thumb/v6-m/nofp/crtbegin.o

.rodata         0x100017e8       0xdc
 *(EXCLUDE_FILE(*libm.a: *libc.a:*lib_a-mem*.o *libgcc.a:) .rodata*)
 .rodata.panic.str1.4
                0x100017e8       0x12 CMakeFiles/01_blink.dir/C_/Repositories/pico/pico-sdk/src/rp2_common/pico_platform_panic/panic.c.obj
 *fill*         0x100017fa        0x2 
 .rodata.timer_hardware_alarm_claim.str1.4
                0x100017fc       0x22 CMakeFiles/01_blink.dir/C_/Repositories/pico/pico-sdk/src/rp2_common/hardware_timer/timer.c.obj
 *fill*         0x1000181e        0x2 
 .rodata.hard_assertion_failure.str1.4
                0x10001820        0xc CMakeFiles/01_blink.dir/C_/Repositories/pico/pico-sdk/src/rp2_common/pico_runtime/runtime.c.obj
 .rodata.str1.4
                0x1000182c       0x40 CMakeFiles/01_blink.dir/C_/Repositories/pico/pico-sdk/src/rp2_common/pico_standard_binary_info/standard_binary_info.c.obj
 .rodata.__bi_26
                0x1000186c        0xc CMakeFiles/01_blink.dir/C_/Repositories/pico/pico-sdk/src/rp2_common/pico_standard_binary_info/standard_binary_info.c.obj
 .rodata.__bi_34
                0x10001878        0xc CMakeFiles/01_blink.dir/C_/Repositories/pico/pico-sdk/src/rp2_common/pico_standard_binary_info/standard_binary_info.c.obj
 .rodata.__bi_42
                0x10001884        0xc CMakeFiles/01_blink.dir/C_/Repositories/pico/pico-sdk/src/rp2_common/pico_standard_binary_info/standard_binary_info.c.obj
 .rodata.__bi_48
                0x10001890        0xc CMakeFiles/01_blink.dir/C_/Repositories/pico/pico-sdk/src/rp2_common/pico_standard_binary_info/standard_binary_info.c.obj
 .rodata.__bi_54
                0x1000189c        0xc CMakeFiles/01_blink.dir/C_/Repositories/pico/pico-sdk/src/rp2_common/pico_standard_binary_info/standard_binary_info.c.obj
 .rodata.__bi_78
                0x100018a8        0xc CMakeFiles/01_blink.dir/C_/Repositories/pico/pico-sdk/src/rp2_common/pico_standard_binary_info/standard_binary_info.c.obj
 .rodata.__bi_84
                0x100018b4        0xc CMakeFiles/01_blink.dir/C_/Repositories/pico/pico-sdk/src/rp2_common/pico_standard_binary_info/standard_binary_info.c.obj
 .rodata.crlf_str.0
                0x100018c0        0x2 CMakeFiles/01_blink.dir/C_/Repositories/pico/pico-sdk/src/rp2_common/pico_stdio/stdio.c.obj
                0x100018c4                . = ALIGN (0x4)
 *fill*         0x100018c2        0x2 
 *(SORT_BY_ALIGNMENT(SORT_BY_NAME(.flashdata*)))
                0x100018c4                . = ALIGN (0x4)

.ARM.extab
 *(.ARM.extab* .gnu.linkonce.armextab.*)
                0x100018c4                __exidx_start = .

.ARM.exidx
 *(.ARM.exidx* .gnu.linkonce.armexidx.*)
                0x100018c4                __exidx_end = .
                0x100018c4                . = ALIGN (0x4)
                0x100018c4                __binary_info_start = .

.binary_info    0x100018c4       0x1c
 *(.binary_info.keep.*)
 .binary_info.keep.__bi_ptr26
                0x100018c4        0x4 CMakeFiles/01_blink.dir/C_/Repositories/pico/pico-sdk/src/rp2_common/pico_standard_binary_info/standard_binary_info.c.obj
 .binary_info.keep.__bi_ptr34
                0x100018c8        0x4 CMakeFiles/01_blink.dir/C_/Repositories/pico/pico-sdk/src/rp2_common/pico_standard_binary_info/standard_binary_info.c.obj
 .binary_info.keep.__bi_ptr42
                0x100018cc        0x4 CMakeFiles/01_blink.dir/C_/Repositories/pico/pico-sdk/src/rp2_common/pico_standard_binary_info/standard_binary_info.c.obj
 .binary_info.keep.__bi_ptr48
                0x100018d0        0x4 CMakeFiles/01_blink.dir/C_/Repositories/pico/pico-sdk/src/rp2_common/pico_standard_binary_info/standard_binary_info.c.obj
 .binary_info.keep.__bi_ptr54
                0x100018d4        0x4 CMakeFiles/01_blink.dir/C_/Repositories/pico/pico-sdk/src/rp2_common/pico_standard_binary_info/standard_binary_info.c.obj
 .binary_info.keep.__bi_ptr78
                0x100018d8        0x4 CMakeFiles/01_blink.dir/C_/Repositories/pico/pico-sdk/src/rp2_common/pico_standard_binary_info/standard_binary_info.c.obj
 .binary_info.keep.__bi_ptr84
                0x100018dc        0x4 CMakeFiles/01_blink.dir/C_/Repositories/pico/pico-sdk/src/rp2_common/pico_standard_binary_info/standard_binary_info.c.obj
 *(.binary_info.*)
                0x100018e0                __binary_info_end = .
                0x100018e0                . = ALIGN (0x4)

.ram_vector_table
                0x20000000       0xc0
 *(.ram_vector_table)
 .ram_vector_table
                0x20000000       0xc0 CMakeFiles/01_blink.dir/C_/Repositories/pico/pico-sdk/src/rp2_common/pico_runtime_init/runtime_init.c.obj
                0x20000000                ram_vector_table

.uninitialized_data
                0x200000c0        0x0
                0x200000c0                . = ALIGN (0x4)
 *(.uninitialized_data*)

.data           0x200000c0      0x128 load address 0x100018e0
                0x200000c0                __data_start__ = .
 *(vtable)
 *(.time_critical*)
 .time_critical.mutex_try_enter_block_until
                0x200000c0       0x9c CMakeFiles/01_blink.dir/C_/Repositories/pico/pico-sdk/src/common/pico_sync/mutex.c.obj
                0x200000c0                mutex_try_enter_block_until
 .time_critical.mutex_exit
                0x2000015c       0x28 CMakeFiles/01_blink.dir/C_/Repositories/pico/pico-sdk/src/common/pico_sync/mutex.c.obj
                0x2000015c                mutex_exit
 *(.text*)
 .text          0x20000184        0x4 c:/program files (x86)/gnu arm embedded toolchain/10 2021.10/bin/../lib/gcc/arm-none-eabi/10.3.1/thumb/v6-m/nofp\libgcc.a(_dvmd_tls.o)
                0x20000184                __aeabi_idiv0
                0x20000184                __aeabi_ldiv0
 .text.__stub   0x20000188       0x10 linker stubs
                0x20000198                . = ALIGN (0x4)
 *(.rodata*)
                0x20000198                . = ALIGN (0x4)
 *(.data*)
 .data.striped_spin_lock_num
                0x20000198        0x1 CMakeFiles/01_blink.dir/C_/Repositories/pico/pico-sdk/src/rp2_common/hardware_sync/sync.c.obj
 *fill*         0x20000199        0x3 
 .data.default_alarm_pool
                0x2000019c       0x18 CMakeFiles/01_blink.dir/C_/Repositories/pico/pico-sdk/src/common/pico_time/time.c.obj
 *fill*         0x200001b4        0xc 
 .data.aeabi_bits_funcs
                0x200001c0       0x10 CMakeFiles/01_blink.dir/C_/Repositories/pico/pico-sdk/src/rp2_common/pico_bit_ops/bit_ops_aeabi.S.obj
                0x200001c0                aeabi_bits_funcs
                0x200001d0                aeabi_bits_funcs_end
 .data.aeabi_mem_funcs
                0x200001d0       0x10 CMakeFiles/01_blink.dir/C_/Repositories/pico/pico-sdk/src/rp2_common/pico_mem_ops/mem_ops_aeabi.S.obj
                0x200001d0                aeabi_mem_funcs
                0x200001e0                aeabi_mem_funcs_end
                0x200001e0                . = ALIGN (0x4)
 *(.after_data.*)
                0x200001e0                . = ALIGN (0x4)
                0x200001e0                PROVIDE (__mutex_array_start = .)
 *(SORT_BY_NAME(.mutex_array.*))
 *(.mutex_array)
 .mutex_array   0x200001e0        0x8 CMakeFiles/01_blink.dir/C_/Repositories/pico/pico-sdk/src/rp2_common/pico_stdio/stdio.c.obj
                0x200001e8                PROVIDE (__mutex_array_end = .)
                0x200001e8                . = ALIGN (0x4)
 *(.jcr)
                0x200001e8                . = ALIGN (0x4)

.igot.plt       0x200001e8        0x0 load address 0x10001a08
 .igot.plt      0x200001e8        0x0 c:/program files (x86)/gnu arm embedded toolchain/10 2021.10/bin/../lib/gcc/arm-none-eabi/10.3.1/thumb/v6-m/nofp/crtbegin.o

.tdata          0x200001e8        0x0 load address 0x10001a08
                0x200001e8                . = ALIGN (0x4)
 *(.tdata .tdata.* .gnu.linkonce.td.*)
                0x200001e8                __tdata_end = .
                0x200001e8                PROVIDE (__data_end__ = .)
                0x100018e0                __etext = LOADADDR (.data)

.tbss           0x200001e8        0x0 load address 0x10001a08
                0x200001e8                . = ALIGN (0x4)
                0x200001e8                __bss_start__ = .
                0x200001e8                __tls_base = .
 *(.tbss .tbss.* .gnu.linkonce.tb.*)
 *(.tcommon)
                0x200001e8                __tls_end = .

.bss            0x200001e8      0x3ec load address 0x10001a08
                0x200001e8                . = ALIGN (0x4)
                0x200001e8                __tbss_end = .
 *(SORT_BY_ALIGNMENT(SORT_BY_NAME(.bss*)))
 .bss.default_alarm_pool_entries
                0x200001e8      0x180 CMakeFiles/01_blink.dir/C_/Repositories/pico/pico-sdk/src/common/pico_time/time.c.obj
 .bss.sd_table  0x20000368      0x100 CMakeFiles/01_blink.dir/C_/Repositories/pico/pico-sdk/src/rp2_common/pico_double/double_init_rom_rp2040.c.obj
                0x20000368                sd_table
 .bss.sf_table  0x20000468      0x100 CMakeFiles/01_blink.dir/C_/Repositories/pico/pico-sdk/src/rp2_common/pico_float/float_init_rom_rp2040.c.obj
                0x20000468                sf_table
 .bss           0x20000568       0x1c c:/program files (x86)/gnu arm embedded toolchain/10 2021.10/bin/../lib/gcc/arm-none-eabi/10.3.1/thumb/v6-m/nofp/crtbegin.o
 .bss.claimed   0x20000584        0x1 CMakeFiles/01_blink.dir/C_/Repositories/pico/pico-sdk/src/rp2_common/hardware_timer/timer.c.obj
 *fill*         0x20000585        0x3 
 .bss.configured_freq
                0x20000588       0x28 CMakeFiles/01_blink.dir/C_/Repositories/pico/pico-sdk/src/rp2_common/hardware_clocks/clocks.c.obj
 .bss.drivers   0x200005b0        0x4 CMakeFiles/01_blink.dir/C_/Repositories/pico/pico-sdk/src/rp2_common/pico_stdio/stdio.c.obj
 .bss.filter    0x200005b4        0x4 CMakeFiles/01_blink.dir/C_/Repositories/pico/pico-sdk/src/rp2_common/pico_stdio/stdio.c.obj
 .bss.lazy_vsnprintf
                0x200005b8        0x4 CMakeFiles/01_blink.dir/C_/Repositories/pico/pico-sdk/src/rp2_common/pico_printf/printf.c.obj
 .bss.pools     0x200005bc       0x10 CMakeFiles/01_blink.dir/C_/Repositories/pico/pico-sdk/src/common/pico_time/time.c.obj
 .bss.sf_clz_func
                0x200005cc        0x4 CMakeFiles/01_blink.dir/C_/Repositories/pico/pico-sdk/src/rp2_common/pico_double/double_init_rom_rp2040.c.obj
                0x200005cc                sf_clz_func
 .bss.sleep_notifier
                0x200005d0        0x4 CMakeFiles/01_blink.dir/C_/Repositories/pico/pico-sdk/src/common/pico_time/time.c.obj
 *(COMMON)
                0x200005d4                . = ALIGN (0x4)
                0x200005d4                __bss_end__ = .

.heap           0x200005d4      0x800 load address 0x10001a08
                0x200005d4                __end__ = .
                0x200005d4                end = __end__
 *(.heap*)
 .heap          0x200005d4      0x800 CMakeFiles/01_blink.dir/C_/Repositories/pico/pico-sdk/src/rp2_common/pico_crt0/crt0.S.obj
                0x20040000                __HeapLimit = (ORIGIN (RAM) + LENGTH (RAM))

.scratch_x      0x20040000        0x0 load address 0x10001a08
                0x20040000                __scratch_x_start__ = .
 *(.scratch_x.*)
                0x20040000                . = ALIGN (0x4)
                0x20040000                __scratch_x_end__ = .
                0x10001a08                __scratch_x_source__ = LOADADDR (.scratch_x)

.scratch_y      0x20041000        0x0 load address 0x10001a08
                0x20041000                __scratch_y_start__ = .
 *(.scratch_y.*)
                0x20041000                . = ALIGN (0x4)
                0x20041000                __scratch_y_end__ = .
                0x10001a08                __scratch_y_source__ = LOADADDR (.scratch_y)

.stack1_dummy   0x20040000        0x0
 *(.stack1*)

.stack_dummy    0x20041000      0x800
 *(.stack*)
 .stack         0x20041000      0x800 CMakeFiles/01_blink.dir/C_/Repositories/pico/pico-sdk/src/rp2_common/pico_crt0/crt0.S.obj

.rel.dyn        0x20041800        0x0
 .rel.iplt      0x20041800        0x0 c:/program files (x86)/gnu arm embedded toolchain/10 2021.10/bin/../lib/gcc/arm-none-eabi/10.3.1/thumb/v6-m/nofp/crtbegin.o

.flash_end      0x10001a08        0x0
 *(.embedded_end_block*)
                0x10001a08                PROVIDE (__flash_binary_end = .)
                0x20040000                __StackLimit = (ORIGIN (RAM) + LENGTH (RAM))
                0x20041000                __StackOneTop = (ORIGIN (SCRATCH_X) + LENGTH (SCRATCH_X))
                0x20042000                __StackTop = (ORIGIN (SCRATCH_Y) + LENGTH (SCRATCH_Y))
                0x20041000                __StackOneBottom = (__StackOneTop - SIZEOF (.stack1_dummy))
                0x20041800                __StackBottom = (__StackTop - SIZEOF (.stack_dummy))
                0x20042000                PROVIDE (__stack = __StackTop)
                [!provide]                PROVIDE (__heap_start = __end__)
                [!provide]                PROVIDE (__heap_end = __HeapLimit)
                [!provide]                PROVIDE (__tls_align = MAX (ALIGNOF (.tdata), ALIGNOF (.tbss)))
                [!provide]                PROVIDE (__tls_size_align = (((__tls_size + __tls_align) - 0x1) & ~ ((__tls_align - 0x1))))
                [!provide]                PROVIDE (__arm32_tls_tcb_offset = MAX (0x8, __tls_align))
                [!provide]                PROVIDE (_end = __end__)
                [!provide]                PROVIDE (__llvm_libc_heap_limit = __HeapLimit)
                0x00000001                ASSERT ((__StackLimit >= __HeapLimit), region RAM overflowed)
                0x00000001                ASSERT (((__binary_info_header_end - __logical_binary_start) <= 0x100), Binary info must be in first 256 bytes of the binary)
LOAD CMakeFiles/01_blink.dir/main.c.obj
LOAD CMakeFiles/01_blink.dir/C_/Repositories/pico/pico-sdk/src/rp2_common/pico_stdlib/stdlib.c.obj
LOAD CMakeFiles/01_blink.dir/C_/Repositories/pico/pico-sdk/src/rp2_common/hardware_gpio/gpio.c.obj
LOAD CMakeFiles/01_blink.dir/C_/Repositories/pico/pico-sdk/src/rp2040/pico_platform/platform.c.obj
LOAD CMakeFiles/01_blink.dir/C_/Repositories/pico/pico-sdk/src/rp2_common/pico_platform_common/common.c.obj
LOAD CMakeFiles/01_blink.dir/C_/Repositories/pico/pico-sdk/src/rp2_common/pico_platform_panic/panic.c.obj
LOAD CMakeFiles/01_blink.dir/C_/Repositories/pico/pico-sdk/src/common/hardware_claim/claim.c.obj
LOAD CMakeFiles/01_blink.dir/C_/Repositories/pico/pico-sdk/src/rp2_common/hardware_sync/sync.c.obj
LOAD CMakeFiles/01_blink.dir/C_/Repositories/pico/pico-sdk/src/rp2_common/hardware_sync_spin_lock/sync_spin_lock.c.obj
LOAD CMakeFiles/01_blink.dir/C_/Repositories/pico/pico-sdk/src/rp2_common/hardware_irq/irq.c.obj
LOAD CMakeFiles/01_blink.dir/C_/Repositories/pico/pico-sdk/src/rp2_common/hardware_irq/irq_handler_chain.S.obj
LOAD CMakeFiles/01_blink.dir/C_/Repositories/pico/pico-sdk/src/common/pico_sync/sem.c.obj
LOAD CMakeFiles/01_blink.dir/C_/Repositories/pico/pico-sdk/src/common/pico_sync/lock_core.c.obj
LOAD CMakeFiles/01_blink.dir/C_/Repositories/pico/pico-sdk/src/common/pico_sync/mutex.c.obj
LOAD CMakeFiles/01_blink.dir/C_/Repositories/pico/pico-sdk/src/common/pico_sync/critical_section.c.obj
LOAD CMakeFiles/01_blink.dir/C_/Repositories/pico/pico-sdk/src/common/pico_time/time.c.obj
LOAD CMakeFiles/01_blink.dir/C_/Repositories/pico/pico-sdk/src/common/pico_time/timeout_helper.c.obj
LOAD CMakeFiles/01_blink.dir/C_/Repositories/pico/pico-sdk/src/rp2_common/hardware_timer/timer.c.obj
LOAD CMakeFiles/01_blink.dir/C_/Repositories/pico/pico-sdk/src/common/pico_util/datetime.c.obj
LOAD CMakeFiles/01_blink.dir/C_/Repositories/pico/pico-sdk/src/common/pico_util/pheap.c.obj
LOAD CMakeFiles/01_blink.dir/C_/Repositories/pico/pico-sdk/src/common/pico_util/queue.c.obj
LOAD CMakeFiles/01_blink.dir/C_/Repositories/pico/pico-sdk/src/rp2_common/hardware_uart/uart.c.obj
LOAD CMakeFiles/01_blink.dir/C_/Repositories/pico/pico-sdk/src/rp2_common/hardware_clocks/clocks.c.obj
LOAD CMakeFiles/01_blink.dir/C_/Repositories/pico/pico-sdk/src/rp2_common/hardware_pll/pll.c.obj
LOAD CMakeFiles/01_blink.dir/C_/Repositories/pico/pico-sdk/src/rp2_common/hardware_vreg/vreg.c.obj
LOAD CMakeFiles/01_blink.dir/C_/Repositories/pico/pico-sdk/src/rp2_common/hardware_watchdog/watchdog.c.obj
LOAD CMakeFiles/01_blink.dir/C_/Repositories/pico/pico-sdk/src/rp2_common/hardware_ticks/ticks.c.obj
LOAD CMakeFiles/01_blink.dir/C_/Repositories/pico/pico-sdk/src/rp2_common/pico_bootrom/bootrom.c.obj
LOAD CMakeFiles/01_blink.dir/C_/Repositories/pico/pico-sdk/src/rp2_common/pico_bootrom/bootrom_lock.c.obj
LOAD CMakeFiles/01_blink.dir/C_/Repositories/pico/pico-sdk/src/rp2_common/hardware_boot_lock/boot_lock.c.obj
LOAD CMakeFiles/01_blink.dir/C_/Repositories/pico/pico-sdk/src/rp2_common/pico_flash/flash.c.obj
LOAD CMakeFiles/01_blink.dir/C_/Repositories/pico/pico-sdk/src/rp2_common/hardware_xosc/xosc.c.obj
LOAD CMakeFiles/01_blink.dir/C_/Repositories/pico/pico-sdk/src/rp2_common/hardware_divider/divider.S.obj
LOAD CMakeFiles/01_blink.dir/C_/Repositories/pico/pico-sdk/src/rp2_common/pico_runtime/runtime.c.obj
LOAD CMakeFiles/01_blink.dir/C_/Repositories/pico/pico-sdk/src/rp2_common/pico_runtime_init/runtime_init.c.obj
LOAD CMakeFiles/01_blink.dir/C_/Repositories/pico/pico-sdk/src/rp2_common/pico_runtime_init/runtime_init_clocks.c.obj
LOAD CMakeFiles/01_blink.dir/C_/Repositories/pico/pico-sdk/src/rp2_common/pico_runtime_init/runtime_init_stack_guard.c.obj
LOAD CMakeFiles/01_blink.dir/C_/Repositories/pico/pico-sdk/src/rp2_common/pico_bit_ops/bit_ops_aeabi.S.obj
LOAD CMakeFiles/01_blink.dir/C_/Repositories/pico/pico-sdk/src/rp2_common/pico_divider/divider_hardware.S.obj
LOAD CMakeFiles/01_blink.dir/C_/Repositories/pico/pico-sdk/src/rp2_common/pico_double/double_aeabi_rp2040.S.obj
LOAD CMakeFiles/01_blink.dir/C_/Repositories/pico/pico-sdk/src/rp2_common/pico_double/double_init_rom_rp2040.c.obj
LOAD CMakeFiles/01_blink.dir/C_/Repositories/pico/pico-sdk/src/rp2_common/pico_double/double_math.c.obj
LOAD CMakeFiles/01_blink.dir/C_/Repositories/pico/pico-sdk/src/rp2_common/pico_double/double_v1_rom_shim_rp2040.S.obj
LOAD CMakeFiles/01_blink.dir/C_/Repositories/pico/pico-sdk/src/rp2_common/pico_int64_ops/pico_int64_ops_aeabi.S.obj
LOAD CMakeFiles/01_blink.dir/C_/Repositories/pico/pico-sdk/src/rp2_common/pico_float/float_aeabi_rp2040.S.obj
LOAD CMakeFiles/01_blink.dir/C_/Repositories/pico/pico-sdk/src/rp2_common/pico_float/float_init_rom_rp2040.c.obj
LOAD CMakeFiles/01_blink.dir/C_/Repositories/pico/pico-sdk/src/rp2_common/pico_float/float_math.c.obj
LOAD CMakeFiles/01_blink.dir/C_/Repositories/pico/pico-sdk/src/rp2_common/pico_float/float_v1_rom_shim_rp2040.S.obj
LOAD CMakeFiles/01_blink.dir/C_/Repositories/pico/pico-sdk/src/rp2_common/pico_malloc/malloc.c.obj
LOAD CMakeFiles/01_blink.dir/C_/Repositories/pico/pico-sdk/src/rp2_common/pico_mem_ops/mem_ops_aeabi.S.obj
LOAD CMakeFiles/01_blink.dir/C_/Repositories/pico/pico-sdk/src/rp2_common/pico_atomic/atomic.c.obj
LOAD CMakeFiles/01_blink.dir/C_/Repositories/pico/pico-sdk/src/rp2_common/pico_cxx_options/new_delete.cpp.obj
LOAD CMakeFiles/01_blink.dir/C_/Repositories/pico/pico-sdk/src/rp2_common/pico_standard_binary_info/standard_binary_info.c.obj
LOAD CMakeFiles/01_blink.dir/C_/Repositories/pico/pico-sdk/src/rp2_common/pico_printf/printf.c.obj
LOAD CMakeFiles/01_blink.dir/C_/Repositories/pico/pico-sdk/src/rp2_common/pico_crt0/crt0.S.obj
LOAD CMakeFiles/01_blink.dir/C_/Repositories/pico/pico-sdk/src/rp2_common/pico_clib_interface/newlib_interface.c.obj
LOAD CMakeFiles/01_blink.dir/C_/Repositories/pico/pico-sdk/src/rp2_common/pico_stdio/stdio.c.obj
LOAD CMakeFiles/01_blink.dir/C_/Repositories/pico/pico-sdk/src/rp2_common/pico_stdio_uart/stdio_uart.c.obj
LOAD pico-sdk/src/rp2040/boot_stage2/CMakeFiles/bs2_default_library.dir/bs2_default_padded_checksummed.S.obj
LOAD c:/program files (x86)/gnu arm embedded toolchain/10 2021.10/bin/../lib/gcc/arm-none-eabi/10.3.1/../../../../arm-none-eabi/lib/thumb/v6-m/nofp\libstdc++.a
LOAD c:/program files (x86)/gnu arm embedded toolchain/10 2021.10/bin/../lib/gcc/arm-none-eabi/10.3.1/../../../../arm-none-eabi/lib/thumb/v6-m/nofp\libm.a
START GROUP
LOAD c:/program files (x86)/gnu arm embedded toolchain/10 2021.10/bin/../lib/gcc/arm-none-eabi/10.3.1/thumb/v6-m/nofp\libgcc.a
LOAD c:/program files (x86)/gnu arm embedded toolchain/10 2021.10/bin/../lib/gcc/arm-none-eabi/10.3.1/../../../../arm-none-eabi/lib/thumb/v6-m/nofp\libg.a
LOAD c:/program files (x86)/gnu arm embedded toolchain/10 2021.10/bin/../lib/gcc/arm-none-eabi/10.3.1/../../../../arm-none-eabi/lib/thumb/v6-m/nofp\libc.a
END GROUP
START GROUP
LOAD c:/program files (x86)/gnu arm embedded toolchain/10 2021.10/bin/../lib/gcc/arm-none-eabi/10.3.1/thumb/v6-m/nofp\libgcc.a
LOAD c:/program files (x86)/gnu arm embedded toolchain/10 2021.10/bin/../lib/gcc/arm-none-eabi/10.3.1/../../../../arm-none-eabi/lib/thumb/v6-m/nofp\libc.a
LOAD c:/program files (x86)/gnu arm embedded toolchain/10 2021.10/bin/../lib/gcc/arm-none-eabi/10.3.1/../../../../arm-none-eabi/lib/thumb/v6-m/nofp\libnosys.a
END GROUP
LOAD c:/program files (x86)/gnu arm embedded toolchain/10 2021.10/bin/../lib/gcc/arm-none-eabi/10.3.1/thumb/v6-m/nofp/crtend.o
LOAD c:/program files (x86)/gnu arm embedded toolchain/10 2021.10/bin/../lib/gcc/arm-none-eabi/10.3.1/thumb/v6-m/nofp/crtn.o
OUTPUT(01_blink.elf elf32-littlearm)
LOAD linker stubs

.ARM.attributes
                0x00000000       0x28
 .ARM.attributes
                0x00000000       0x1e c:/program files (x86)/gnu arm embedded toolchain/10 2021.10/bin/../lib/gcc/arm-none-eabi/10.3.1/thumb/v6-m/nofp/crti.o
 .ARM.attributes
                0x0000001e       0x2c c:/program files (x86)/gnu arm embedded toolchain/10 2021.10/bin/../lib/gcc/arm-none-eabi/10.3.1/thumb/v6-m/nofp/crtbegin.o
 .ARM.attributes
                0x0000004a       0x2c CMakeFiles/01_blink.dir/main.c.obj
 .ARM.attributes
                0x00000076       0x2c CMakeFiles/01_blink.dir/C_/Repositories/pico/pico-sdk/src/rp2_common/hardware_gpio/gpio.c.obj
 .ARM.attributes
                0x000000a2       0x2c CMakeFiles/01_blink.dir/C_/Repositories/pico/pico-sdk/src/rp2_common/pico_platform_panic/panic.c.obj
 .ARM.attributes
                0x000000ce       0x2c CMakeFiles/01_blink.dir/C_/Repositories/pico/pico-sdk/src/common/hardware_claim/claim.c.obj
 .ARM.attributes
                0x000000fa       0x2c CMakeFiles/01_blink.dir/C_/Repositories/pico/pico-sdk/src/rp2_common/hardware_sync/sync.c.obj
 .ARM.attributes
                0x00000126       0x2c CMakeFiles/01_blink.dir/C_/Repositories/pico/pico-sdk/src/rp2_common/hardware_sync_spin_lock/sync_spin_lock.c.obj
 .ARM.attributes
                0x00000152       0x2c CMakeFiles/01_blink.dir/C_/Repositories/pico/pico-sdk/src/rp2_common/hardware_irq/irq.c.obj
 .ARM.attributes
                0x0000017e       0x2c CMakeFiles/01_blink.dir/C_/Repositories/pico/pico-sdk/src/common/pico_sync/lock_core.c.obj
 .ARM.attributes
                0x000001aa       0x2c CMakeFiles/01_blink.dir/C_/Repositories/pico/pico-sdk/src/common/pico_sync/mutex.c.obj
 .ARM.attributes
                0x000001d6       0x2c CMakeFiles/01_blink.dir/C_/Repositories/pico/pico-sdk/src/common/pico_time/time.c.obj
 .ARM.attributes
                0x00000202       0x2c CMakeFiles/01_blink.dir/C_/Repositories/pico/pico-sdk/src/rp2_common/hardware_timer/timer.c.obj
 .ARM.attributes
                0x0000022e       0x2c CMakeFiles/01_blink.dir/C_/Repositories/pico/pico-sdk/src/rp2_common/hardware_clocks/clocks.c.obj
 .ARM.attributes
                0x0000025a       0x2c CMakeFiles/01_blink.dir/C_/Repositories/pico/pico-sdk/src/rp2_common/hardware_pll/pll.c.obj
 .ARM.attributes
                0x00000286       0x2c CMakeFiles/01_blink.dir/C_/Repositories/pico/pico-sdk/src/rp2_common/hardware_ticks/ticks.c.obj
 .ARM.attributes
                0x000002b2       0x2c CMakeFiles/01_blink.dir/C_/Repositories/pico/pico-sdk/src/rp2_common/pico_bootrom/bootrom.c.obj
 .ARM.attributes
                0x000002de       0x2c CMakeFiles/01_blink.dir/C_/Repositories/pico/pico-sdk/src/rp2_common/hardware_xosc/xosc.c.obj
 .ARM.attributes
                0x0000030a       0x2c CMakeFiles/01_blink.dir/C_/Repositories/pico/pico-sdk/src/rp2_common/pico_runtime/runtime.c.obj
 .ARM.attributes
                0x00000336       0x2c CMakeFiles/01_blink.dir/C_/Repositories/pico/pico-sdk/src/rp2_common/pico_runtime_init/runtime_init.c.obj
 .ARM.attributes
                0x00000362       0x2c CMakeFiles/01_blink.dir/C_/Repositories/pico/pico-sdk/src/rp2_common/pico_runtime_init/runtime_init_clocks.c.obj
 .ARM.attributes
                0x0000038e       0x22 CMakeFiles/01_blink.dir/C_/Repositories/pico/pico-sdk/src/rp2_common/pico_bit_ops/bit_ops_aeabi.S.obj
 .ARM.attributes
                0x000003b0       0x22 CMakeFiles/01_blink.dir/C_/Repositories/pico/pico-sdk/src/rp2_common/pico_divider/divider_hardware.S.obj
 .ARM.attributes
                0x000003d2       0x22 CMakeFiles/01_blink.dir/C_/Repositories/pico/pico-sdk/src/rp2_common/pico_double/double_aeabi_rp2040.S.obj
 .ARM.attributes
                0x000003f4       0x2c CMakeFiles/01_blink.dir/C_/Repositories/pico/pico-sdk/src/rp2_common/pico_double/double_init_rom_rp2040.c.obj
 .ARM.attributes
                0x00000420       0x22 CMakeFiles/01_blink.dir/C_/Repositories/pico/pico-sdk/src/rp2_common/pico_double/double_v1_rom_shim_rp2040.S.obj
 .ARM.attributes
                0x00000442       0x22 CMakeFiles/01_blink.dir/C_/Repositories/pico/pico-sdk/src/rp2_common/pico_int64_ops/pico_int64_ops_aeabi.S.obj
 .ARM.attributes
                0x00000464       0x22 CMakeFiles/01_blink.dir/C_/Repositories/pico/pico-sdk/src/rp2_common/pico_float/float_aeabi_rp2040.S.obj
 .ARM.attributes
                0x00000486       0x2c CMakeFiles/01_blink.dir/C_/Repositories/pico/pico-sdk/src/rp2_common/pico_float/float_init_rom_rp2040.c.obj
 .ARM.attributes
                0x000004b2       0x22 CMakeFiles/01_blink.dir/C_/Repositories/pico/pico-sdk/src/rp2_common/pico_float/float_v1_rom_shim_rp2040.S.obj
 .ARM.attributes
                0x000004d4       0x22 CMakeFiles/01_blink.dir/C_/Repositories/pico/pico-sdk/src/rp2_common/pico_mem_ops/mem_ops_aeabi.S.obj
 .ARM.attributes
                0x000004f6       0x2c CMakeFiles/01_blink.dir/C_/Repositories/pico/pico-sdk/src/rp2_common/pico_standard_binary_info/standard_binary_info.c.obj
 .ARM.attributes
                0x00000522       0x2c CMakeFiles/01_blink.dir/C_/Repositories/pico/pico-sdk/src/rp2_common/pico_printf/printf.c.obj
 .ARM.attributes
                0x0000054e       0x22 CMakeFiles/01_blink.dir/C_/Repositories/pico/pico-sdk/src/rp2_common/pico_crt0/crt0.S.obj
 .ARM.attributes
                0x00000570       0x2c CMakeFiles/01_blink.dir/C_/Repositories/pico/pico-sdk/src/rp2_common/pico_clib_interface/newlib_interface.c.obj
 .ARM.attributes
                0x0000059c       0x2c CMakeFiles/01_blink.dir/C_/Repositories/pico/pico-sdk/src/rp2_common/pico_stdio/stdio.c.obj
 .ARM.attributes
                0x000005c8       0x22 pico-sdk/src/rp2040/boot_stage2/CMakeFiles/bs2_default_library.dir/bs2_default_padded_checksummed.S.obj
 .ARM.attributes
                0x000005ea       0x1e c:/program files (x86)/gnu arm embedded toolchain/10 2021.10/bin/../lib/gcc/arm-none-eabi/10.3.1/thumb/v6-m/nofp\libgcc.a(_dvmd_tls.o)
 .ARM.attributes
                0x00000608       0x2c c:/program files (x86)/gnu arm embedded toolchain/10 2021.10/bin/../lib/gcc/arm-none-eabi/10.3.1/../../../../arm-none-eabi/lib/thumb/v6-m/nofp\libg.a(lib_a-strlen-stub.o)

.comment        0x00000000       0x49
 .comment       0x00000000       0x49 CMakeFiles/01_blink.dir/main.c.obj
                                 0x4a (size before relaxing)
 .comment       0x00000049       0x4a CMakeFiles/01_blink.dir/C_/Repositories/pico/pico-sdk/src/rp2_common/hardware_gpio/gpio.c.obj
 .comment       0x00000049       0x4a CMakeFiles/01_blink.dir/C_/Repositories/pico/pico-sdk/src/rp2_common/pico_platform_panic/panic.c.obj
 .comment       0x00000049       0x4a CMakeFiles/01_blink.dir/C_/Repositories/pico/pico-sdk/src/common/hardware_claim/claim.c.obj
 .comment       0x00000049       0x4a CMakeFiles/01_blink.dir/C_/Repositories/pico/pico-sdk/src/rp2_common/hardware_sync/sync.c.obj
 .comment       0x00000049       0x4a CMakeFiles/01_blink.dir/C_/Repositories/pico/pico-sdk/src/rp2_common/hardware_sync_spin_lock/sync_spin_lock.c.obj
 .comment       0x00000049       0x4a CMakeFiles/01_blink.dir/C_/Repositories/pico/pico-sdk/src/rp2_common/hardware_irq/irq.c.obj
 .comment       0x00000049       0x4a CMakeFiles/01_blink.dir/C_/Repositories/pico/pico-sdk/src/common/pico_sync/lock_core.c.obj
 .comment       0x00000049       0x4a CMakeFiles/01_blink.dir/C_/Repositories/pico/pico-sdk/src/common/pico_sync/mutex.c.obj
 .comment       0x00000049       0x4a CMakeFiles/01_blink.dir/C_/Repositories/pico/pico-sdk/src/common/pico_time/time.c.obj
 .comment       0x00000049       0x4a CMakeFiles/01_blink.dir/C_/Repositories/pico/pico-sdk/src/rp2_common/hardware_timer/timer.c.obj
 .comment       0x00000049       0x4a CMakeFiles/01_blink.dir/C_/Repositories/pico/pico-sdk/src/rp2_common/hardware_clocks/clocks.c.obj
 .comment       0x00000049       0x4a CMakeFiles/01_blink.dir/C_/Repositories/pico/pico-sdk/src/rp2_common/hardware_pll/pll.c.obj
 .comment       0x00000049       0x4a CMakeFiles/01_blink.dir/C_/Repositories/pico/pico-sdk/src/rp2_common/hardware_ticks/ticks.c.obj
 .comment       0x00000049       0x4a CMakeFiles/01_blink.dir/C_/Repositories/pico/pico-sdk/src/rp2_common/pico_bootrom/bootrom.c.obj
 .comment       0x00000049       0x4a CMakeFiles/01_blink.dir/C_/Repositories/pico/pico-sdk/src/rp2_common/hardware_xosc/xosc.c.obj
 .comment       0x00000049       0x4a CMakeFiles/01_blink.dir/C_/Repositories/pico/pico-sdk/src/rp2_common/pico_runtime/runtime.c.obj
 .comment       0x00000049       0x4a CMakeFiles/01_blink.dir/C_/Repositories/pico/pico-sdk/src/rp2_common/pico_runtime_init/runtime_init.c.obj
 .comment       0x00000049       0x4a CMakeFiles/01_blink.dir/C_/Repositories/pico/pico-sdk/src/rp2_common/pico_runtime_init/runtime_init_clocks.c.obj
 .comment       0x00000049       0x4a CMakeFiles/01_blink.dir/C_/Repositories/pico/pico-sdk/src/rp2_common/pico_double/double_init_rom_rp2040.c.obj
 .comment       0x00000049       0x4a CMakeFiles/01_blink.dir/C_/Repositories/pico/pico-sdk/src/rp2_common/pico_float/float_init_rom_rp2040.c.obj
 .comment       0x00000049       0x4a CMakeFiles/01_blink.dir/C_/Repositories/pico/pico-sdk/src/rp2_common/pico_standard_binary_info/standard_binary_info.c.obj
 .comment       0x00000049       0x4a CMakeFiles/01_blink.dir/C_/Repositories/pico/pico-sdk/src/rp2_common/pico_printf/printf.c.obj
 .comment       0x00000049       0x4a CMakeFiles/01_blink.dir/C_/Repositories/pico/pico-sdk/src/rp2_common/pico_clib_interface/newlib_interface.c.obj
 .comment       0x00000049       0x4a CMakeFiles/01_blink.dir/C_/Repositories/pico/pico-sdk/src/rp2_common/pico_stdio/stdio.c.obj

.debug_info     0x00000000    0x1a06c
 .debug_info    0x00000000      0x825 CMakeFiles/01_blink.dir/main.c.obj
 .debug_info    0x00000825     0x24fa CMakeFiles/01_blink.dir/C_/Repositories/pico/pico-sdk/src/rp2_common/hardware_gpio/gpio.c.obj
 .debug_info    0x00002d1f      0x19c CMakeFiles/01_blink.dir/C_/Repositories/pico/pico-sdk/src/rp2_common/pico_platform_panic/panic.c.obj
 .debug_info    0x00002ebb      0xa53 CMakeFiles/01_blink.dir/C_/Repositories/pico/pico-sdk/src/common/hardware_claim/claim.c.obj
 .debug_info    0x0000390e      0x3f5 CMakeFiles/01_blink.dir/C_/Repositories/pico/pico-sdk/src/rp2_common/hardware_sync/sync.c.obj
 .debug_info    0x00003d03      0x24e CMakeFiles/01_blink.dir/C_/Repositories/pico/pico-sdk/src/rp2_common/hardware_sync_spin_lock/sync_spin_lock.c.obj
 .debug_info    0x00003f51     0x22d3 CMakeFiles/01_blink.dir/C_/Repositories/pico/pico-sdk/src/rp2_common/hardware_irq/irq.c.obj
 .debug_info    0x00006224      0x160 CMakeFiles/01_blink.dir/C_/Repositories/pico/pico-sdk/src/common/pico_sync/lock_core.c.obj
 .debug_info    0x00006384     0x2b05 CMakeFiles/01_blink.dir/C_/Repositories/pico/pico-sdk/src/common/pico_sync/mutex.c.obj
 .debug_info    0x00008e89     0x4a13 CMakeFiles/01_blink.dir/C_/Repositories/pico/pico-sdk/src/common/pico_time/time.c.obj
 .debug_info    0x0000d89c     0x2b24 CMakeFiles/01_blink.dir/C_/Repositories/pico/pico-sdk/src/rp2_common/hardware_timer/timer.c.obj
 .debug_info    0x000103c0     0x29cd CMakeFiles/01_blink.dir/C_/Repositories/pico/pico-sdk/src/rp2_common/hardware_clocks/clocks.c.obj
 .debug_info    0x00012d8d      0x511 CMakeFiles/01_blink.dir/C_/Repositories/pico/pico-sdk/src/rp2_common/hardware_pll/pll.c.obj
 .debug_info    0x0001329e      0x25a CMakeFiles/01_blink.dir/C_/Repositories/pico/pico-sdk/src/rp2_common/hardware_ticks/ticks.c.obj
 .debug_info    0x000134f8      0x516 CMakeFiles/01_blink.dir/C_/Repositories/pico/pico-sdk/src/rp2_common/pico_bootrom/bootrom.c.obj
 .debug_info    0x00013a0e      0x1e1 CMakeFiles/01_blink.dir/C_/Repositories/pico/pico-sdk/src/rp2_common/hardware_xosc/xosc.c.obj
 .debug_info    0x00013bef      0x214 CMakeFiles/01_blink.dir/C_/Repositories/pico/pico-sdk/src/rp2_common/pico_runtime/runtime.c.obj
 .debug_info    0x00013e03      0x82a CMakeFiles/01_blink.dir/C_/Repositories/pico/pico-sdk/src/rp2_common/pico_runtime_init/runtime_init.c.obj
 .debug_info    0x0001462d      0x719 CMakeFiles/01_blink.dir/C_/Repositories/pico/pico-sdk/src/rp2_common/pico_runtime_init/runtime_init_clocks.c.obj
 .debug_info    0x00014d46       0x22 CMakeFiles/01_blink.dir/C_/Repositories/pico/pico-sdk/src/rp2_common/pico_bit_ops/bit_ops_aeabi.S.obj
 .debug_info    0x00014d68       0x22 CMakeFiles/01_blink.dir/C_/Repositories/pico/pico-sdk/src/rp2_common/pico_divider/divider_hardware.S.obj
 .debug_info    0x00014d8a       0x22 CMakeFiles/01_blink.dir/C_/Repositories/pico/pico-sdk/src/rp2_common/pico_double/double_aeabi_rp2040.S.obj
 .debug_info    0x00014dac      0x23c CMakeFiles/01_blink.dir/C_/Repositories/pico/pico-sdk/src/rp2_common/pico_double/double_init_rom_rp2040.c.obj
 .debug_info    0x00014fe8       0x22 CMakeFiles/01_blink.dir/C_/Repositories/pico/pico-sdk/src/rp2_common/pico_double/double_v1_rom_shim_rp2040.S.obj
 .debug_info    0x0001500a       0x26 CMakeFiles/01_blink.dir/C_/Repositories/pico/pico-sdk/src/rp2_common/pico_int64_ops/pico_int64_ops_aeabi.S.obj
 .debug_info    0x00015030       0x22 CMakeFiles/01_blink.dir/C_/Repositories/pico/pico-sdk/src/rp2_common/pico_float/float_aeabi_rp2040.S.obj
 .debug_info    0x00015052      0x246 CMakeFiles/01_blink.dir/C_/Repositories/pico/pico-sdk/src/rp2_common/pico_float/float_init_rom_rp2040.c.obj
 .debug_info    0x00015298       0x22 CMakeFiles/01_blink.dir/C_/Repositories/pico/pico-sdk/src/rp2_common/pico_float/float_v1_rom_shim_rp2040.S.obj
 .debug_info    0x000152ba       0x22 CMakeFiles/01_blink.dir/C_/Repositories/pico/pico-sdk/src/rp2_common/pico_mem_ops/mem_ops_aeabi.S.obj
 .debug_info    0x000152dc      0x2fb CMakeFiles/01_blink.dir/C_/Repositories/pico/pico-sdk/src/rp2_common/pico_standard_binary_info/standard_binary_info.c.obj
 .debug_info    0x000155d7     0x21c9 CMakeFiles/01_blink.dir/C_/Repositories/pico/pico-sdk/src/rp2_common/pico_printf/printf.c.obj
 .debug_info    0x000177a0       0x22 CMakeFiles/01_blink.dir/C_/Repositories/pico/pico-sdk/src/rp2_common/pico_crt0/crt0.S.obj
 .debug_info    0x000177c2      0xbbb CMakeFiles/01_blink.dir/C_/Repositories/pico/pico-sdk/src/rp2_common/pico_clib_interface/newlib_interface.c.obj
 .debug_info    0x0001837d     0x1cef CMakeFiles/01_blink.dir/C_/Repositories/pico/pico-sdk/src/rp2_common/pico_stdio/stdio.c.obj

.debug_abbrev   0x00000000     0x453d
 .debug_abbrev  0x00000000      0x1b7 CMakeFiles/01_blink.dir/main.c.obj
 .debug_abbrev  0x000001b7      0x4a1 CMakeFiles/01_blink.dir/C_/Repositories/pico/pico-sdk/src/rp2_common/hardware_gpio/gpio.c.obj
 .debug_abbrev  0x00000658       0xf4 CMakeFiles/01_blink.dir/C_/Repositories/pico/pico-sdk/src/rp2_common/pico_platform_panic/panic.c.obj
 .debug_abbrev  0x0000074c      0x2d3 CMakeFiles/01_blink.dir/C_/Repositories/pico/pico-sdk/src/common/hardware_claim/claim.c.obj
 .debug_abbrev  0x00000a1f      0x1de CMakeFiles/01_blink.dir/C_/Repositories/pico/pico-sdk/src/rp2_common/hardware_sync/sync.c.obj
 .debug_abbrev  0x00000bfd      0x1b2 CMakeFiles/01_blink.dir/C_/Repositories/pico/pico-sdk/src/rp2_common/hardware_sync_spin_lock/sync_spin_lock.c.obj
 .debug_abbrev  0x00000daf      0x588 CMakeFiles/01_blink.dir/C_/Repositories/pico/pico-sdk/src/rp2_common/hardware_irq/irq.c.obj
 .debug_abbrev  0x00001337       0xee CMakeFiles/01_blink.dir/C_/Repositories/pico/pico-sdk/src/common/pico_sync/lock_core.c.obj
 .debug_abbrev  0x00001425      0x413 CMakeFiles/01_blink.dir/C_/Repositories/pico/pico-sdk/src/common/pico_sync/mutex.c.obj
 .debug_abbrev  0x00001838      0x606 CMakeFiles/01_blink.dir/C_/Repositories/pico/pico-sdk/src/common/pico_time/time.c.obj
 .debug_abbrev  0x00001e3e      0x49d CMakeFiles/01_blink.dir/C_/Repositories/pico/pico-sdk/src/rp2_common/hardware_timer/timer.c.obj
 .debug_abbrev  0x000022db      0x4c3 CMakeFiles/01_blink.dir/C_/Repositories/pico/pico-sdk/src/rp2_common/hardware_clocks/clocks.c.obj
 .debug_abbrev  0x0000279e      0x1c6 CMakeFiles/01_blink.dir/C_/Repositories/pico/pico-sdk/src/rp2_common/hardware_pll/pll.c.obj
 .debug_abbrev  0x00002964      0x141 CMakeFiles/01_blink.dir/C_/Repositories/pico/pico-sdk/src/rp2_common/hardware_ticks/ticks.c.obj
 .debug_abbrev  0x00002aa5      0x1ba CMakeFiles/01_blink.dir/C_/Repositories/pico/pico-sdk/src/rp2_common/pico_bootrom/bootrom.c.obj
 .debug_abbrev  0x00002c5f      0x11a CMakeFiles/01_blink.dir/C_/Repositories/pico/pico-sdk/src/rp2_common/hardware_xosc/xosc.c.obj
 .debug_abbrev  0x00002d79      0x16c CMakeFiles/01_blink.dir/C_/Repositories/pico/pico-sdk/src/rp2_common/pico_runtime/runtime.c.obj
 .debug_abbrev  0x00002ee5      0x250 CMakeFiles/01_blink.dir/C_/Repositories/pico/pico-sdk/src/rp2_common/pico_runtime_init/runtime_init.c.obj
 .debug_abbrev  0x00003135      0x246 CMakeFiles/01_blink.dir/C_/Repositories/pico/pico-sdk/src/rp2_common/pico_runtime_init/runtime_init_clocks.c.obj
 .debug_abbrev  0x0000337b       0x12 CMakeFiles/01_blink.dir/C_/Repositories/pico/pico-sdk/src/rp2_common/pico_bit_ops/bit_ops_aeabi.S.obj
 .debug_abbrev  0x0000338d       0x12 CMakeFiles/01_blink.dir/C_/Repositories/pico/pico-sdk/src/rp2_common/pico_divider/divider_hardware.S.obj
 .debug_abbrev  0x0000339f       0x12 CMakeFiles/01_blink.dir/C_/Repositories/pico/pico-sdk/src/rp2_common/pico_double/double_aeabi_rp2040.S.obj
 .debug_abbrev  0x000033b1      0x15c CMakeFiles/01_blink.dir/C_/Repositories/pico/pico-sdk/src/rp2_common/pico_double/double_init_rom_rp2040.c.obj
 .debug_abbrev  0x0000350d       0x12 CMakeFiles/01_blink.dir/C_/Repositories/pico/pico-sdk/src/rp2_common/pico_double/double_v1_rom_shim_rp2040.S.obj
 .debug_abbrev  0x0000351f       0x14 CMakeFiles/01_blink.dir/C_/Repositories/pico/pico-sdk/src/rp2_common/pico_int64_ops/pico_int64_ops_aeabi.S.obj
 .debug_abbrev  0x00003533       0x12 CMakeFiles/01_blink.dir/C_/Repositories/pico/pico-sdk/src/rp2_common/pico_float/float_aeabi_rp2040.S.obj
 .debug_abbrev  0x00003545      0x15c CMakeFiles/01_blink.dir/C_/Repositories/pico/pico-sdk/src/rp2_common/pico_float/float_init_rom_rp2040.c.obj
 .debug_abbrev  0x000036a1       0x12 CMakeFiles/01_blink.dir/C_/Repositories/pico/pico-sdk/src/rp2_common/pico_float/float_v1_rom_shim_rp2040.S.obj
 .debug_abbrev  0x000036b3       0x12 CMakeFiles/01_blink.dir/C_/Repositories/pico/pico-sdk/src/rp2_common/pico_mem_ops/mem_ops_aeabi.S.obj
 .debug_abbrev  0x000036c5       0xad CMakeFiles/01_blink.dir/C_/Repositories/pico/pico-sdk/src/rp2_common/pico_standard_binary_info/standard_binary_info.c.obj
 .debug_abbrev  0x00003772      0x517 CMakeFiles/01_blink.dir/C_/Repositories/pico/pico-sdk/src/rp2_common/pico_printf/printf.c.obj
 .debug_abbrev  0x00003c89       0x12 CMakeFiles/01_blink.dir/C_/Repositories/pico/pico-sdk/src/rp2_common/pico_crt0/crt0.S.obj
 .debug_abbrev  0x00003c9b      0x315 CMakeFiles/01_blink.dir/C_/Repositories/pico/pico-sdk/src/rp2_common/pico_clib_interface/newlib_interface.c.obj
 .debug_abbrev  0x00003fb0      0x58d CMakeFiles/01_blink.dir/C_/Repositories/pico/pico-sdk/src/rp2_common/pico_stdio/stdio.c.obj

.debug_loc      0x00000000    0x16749
 .debug_loc     0x00000000      0x114 CMakeFiles/01_blink.dir/main.c.obj
 .debug_loc     0x00000114     0x291b CMakeFiles/01_blink.dir/C_/Repositories/pico/pico-sdk/src/rp2_common/hardware_gpio/gpio.c.obj
 .debug_loc     0x00002a2f      0x6c7 CMakeFiles/01_blink.dir/C_/Repositories/pico/pico-sdk/src/common/hardware_claim/claim.c.obj
 .debug_loc     0x000030f6      0x154 CMakeFiles/01_blink.dir/C_/Repositories/pico/pico-sdk/src/rp2_common/hardware_sync/sync.c.obj
 .debug_loc     0x0000324a       0xb5 CMakeFiles/01_blink.dir/C_/Repositories/pico/pico-sdk/src/rp2_common/hardware_sync_spin_lock/sync_spin_lock.c.obj
 .debug_loc     0x000032ff     0x1ba4 CMakeFiles/01_blink.dir/C_/Repositories/pico/pico-sdk/src/rp2_common/hardware_irq/irq.c.obj
 .debug_loc     0x00004ea3       0x4d CMakeFiles/01_blink.dir/C_/Repositories/pico/pico-sdk/src/common/pico_sync/lock_core.c.obj
 .debug_loc     0x00004ef0     0x1b8e CMakeFiles/01_blink.dir/C_/Repositories/pico/pico-sdk/src/common/pico_sync/mutex.c.obj
 .debug_loc     0x00006a7e     0x3f7a CMakeFiles/01_blink.dir/C_/Repositories/pico/pico-sdk/src/common/pico_time/time.c.obj
 .debug_loc     0x0000a9f8     0x2542 CMakeFiles/01_blink.dir/C_/Repositories/pico/pico-sdk/src/rp2_common/hardware_timer/timer.c.obj
 .debug_loc     0x0000cf3a     0x348b CMakeFiles/01_blink.dir/C_/Repositories/pico/pico-sdk/src/rp2_common/hardware_clocks/clocks.c.obj
 .debug_loc     0x000103c5      0x28f CMakeFiles/01_blink.dir/C_/Repositories/pico/pico-sdk/src/rp2_common/hardware_pll/pll.c.obj
 .debug_loc     0x00010654       0x57 CMakeFiles/01_blink.dir/C_/Repositories/pico/pico-sdk/src/rp2_common/hardware_ticks/ticks.c.obj
 .debug_loc     0x000106ab      0x4bb CMakeFiles/01_blink.dir/C_/Repositories/pico/pico-sdk/src/rp2_common/pico_bootrom/bootrom.c.obj
 .debug_loc     0x00010b66       0x71 CMakeFiles/01_blink.dir/C_/Repositories/pico/pico-sdk/src/rp2_common/hardware_xosc/xosc.c.obj
 .debug_loc     0x00010bd7       0xbc CMakeFiles/01_blink.dir/C_/Repositories/pico/pico-sdk/src/rp2_common/pico_runtime/runtime.c.obj
 .debug_loc     0x00010c93      0x206 CMakeFiles/01_blink.dir/C_/Repositories/pico/pico-sdk/src/rp2_common/pico_runtime_init/runtime_init.c.obj
 .debug_loc     0x00010e99       0xa7 CMakeFiles/01_blink.dir/C_/Repositories/pico/pico-sdk/src/rp2_common/pico_runtime_init/runtime_init_clocks.c.obj
 .debug_loc     0x00010f40       0x44 CMakeFiles/01_blink.dir/C_/Repositories/pico/pico-sdk/src/rp2_common/pico_double/double_init_rom_rp2040.c.obj
 .debug_loc     0x00010f84       0x82 CMakeFiles/01_blink.dir/C_/Repositories/pico/pico-sdk/src/rp2_common/pico_float/float_init_rom_rp2040.c.obj
 .debug_loc     0x00011006     0x3c08 CMakeFiles/01_blink.dir/C_/Repositories/pico/pico-sdk/src/rp2_common/pico_printf/printf.c.obj
 .debug_loc     0x00014c0e      0x5d6 CMakeFiles/01_blink.dir/C_/Repositories/pico/pico-sdk/src/rp2_common/pico_clib_interface/newlib_interface.c.obj
 .debug_loc     0x000151e4     0x1565 CMakeFiles/01_blink.dir/C_/Repositories/pico/pico-sdk/src/rp2_common/pico_stdio/stdio.c.obj

.debug_aranges  0x00000000      0xe68
 .debug_aranges
                0x00000000       0x20 CMakeFiles/01_blink.dir/main.c.obj
 .debug_aranges
                0x00000020      0x118 CMakeFiles/01_blink.dir/C_/Repositories/pico/pico-sdk/src/rp2_common/hardware_gpio/gpio.c.obj
 .debug_aranges
                0x00000138       0x28 CMakeFiles/01_blink.dir/C_/Repositories/pico/pico-sdk/src/rp2_common/pico_platform_panic/panic.c.obj
 .debug_aranges
                0x00000160       0x48 CMakeFiles/01_blink.dir/C_/Repositories/pico/pico-sdk/src/common/hardware_claim/claim.c.obj
 .debug_aranges
                0x000001a8       0x48 CMakeFiles/01_blink.dir/C_/Repositories/pico/pico-sdk/src/rp2_common/hardware_sync/sync.c.obj
 .debug_aranges
                0x000001f0       0x28 CMakeFiles/01_blink.dir/C_/Repositories/pico/pico-sdk/src/rp2_common/hardware_sync_spin_lock/sync_spin_lock.c.obj
 .debug_aranges
                0x00000218       0xb8 CMakeFiles/01_blink.dir/C_/Repositories/pico/pico-sdk/src/rp2_common/hardware_irq/irq.c.obj
 .debug_aranges
                0x000002d0       0x20 CMakeFiles/01_blink.dir/C_/Repositories/pico/pico-sdk/src/common/pico_sync/lock_core.c.obj
 .debug_aranges
                0x000002f0       0x98 CMakeFiles/01_blink.dir/C_/Repositories/pico/pico-sdk/src/common/pico_sync/mutex.c.obj
 .debug_aranges
                0x00000388       0xe0 CMakeFiles/01_blink.dir/C_/Repositories/pico/pico-sdk/src/common/pico_time/time.c.obj
 .debug_aranges
                0x00000468       0xf0 CMakeFiles/01_blink.dir/C_/Repositories/pico/pico-sdk/src/rp2_common/hardware_timer/timer.c.obj
 .debug_aranges
                0x00000558       0x90 CMakeFiles/01_blink.dir/C_/Repositories/pico/pico-sdk/src/rp2_common/hardware_clocks/clocks.c.obj
 .debug_aranges
                0x000005e8       0x28 CMakeFiles/01_blink.dir/C_/Repositories/pico/pico-sdk/src/rp2_common/hardware_pll/pll.c.obj
 .debug_aranges
                0x00000610       0x30 CMakeFiles/01_blink.dir/C_/Repositories/pico/pico-sdk/src/rp2_common/hardware_ticks/ticks.c.obj
 .debug_aranges
                0x00000640       0x40 CMakeFiles/01_blink.dir/C_/Repositories/pico/pico-sdk/src/rp2_common/pico_bootrom/bootrom.c.obj
 .debug_aranges
                0x00000680       0x30 CMakeFiles/01_blink.dir/C_/Repositories/pico/pico-sdk/src/rp2_common/hardware_xosc/xosc.c.obj
 .debug_aranges
                0x000006b0       0x38 CMakeFiles/01_blink.dir/C_/Repositories/pico/pico-sdk/src/rp2_common/pico_runtime/runtime.c.obj
 .debug_aranges
                0x000006e8       0x48 CMakeFiles/01_blink.dir/C_/Repositories/pico/pico-sdk/src/rp2_common/pico_runtime_init/runtime_init.c.obj
 .debug_aranges
                0x00000730       0x20 CMakeFiles/01_blink.dir/C_/Repositories/pico/pico-sdk/src/rp2_common/pico_runtime_init/runtime_init_clocks.c.obj
 .debug_aranges
                0x00000750       0x60 CMakeFiles/01_blink.dir/C_/Repositories/pico/pico-sdk/src/rp2_common/pico_bit_ops/bit_ops_aeabi.S.obj
 .debug_aranges
                0x000007b0       0x40 CMakeFiles/01_blink.dir/C_/Repositories/pico/pico-sdk/src/rp2_common/pico_divider/divider_hardware.S.obj
 .debug_aranges
                0x000007f0      0x150 CMakeFiles/01_blink.dir/C_/Repositories/pico/pico-sdk/src/rp2_common/pico_double/double_aeabi_rp2040.S.obj
 .debug_aranges
                0x00000940       0x20 CMakeFiles/01_blink.dir/C_/Repositories/pico/pico-sdk/src/rp2_common/pico_double/double_init_rom_rp2040.c.obj
 .debug_aranges
                0x00000960       0xc8 CMakeFiles/01_blink.dir/C_/Repositories/pico/pico-sdk/src/rp2_common/pico_double/double_v1_rom_shim_rp2040.S.obj
 .debug_aranges
                0x00000a28       0x20 CMakeFiles/01_blink.dir/C_/Repositories/pico/pico-sdk/src/rp2_common/pico_int64_ops/pico_int64_ops_aeabi.S.obj
 .debug_aranges
                0x00000a48      0x138 CMakeFiles/01_blink.dir/C_/Repositories/pico/pico-sdk/src/rp2_common/pico_float/float_aeabi_rp2040.S.obj
 .debug_aranges
                0x00000b80       0x20 CMakeFiles/01_blink.dir/C_/Repositories/pico/pico-sdk/src/rp2_common/pico_float/float_init_rom_rp2040.c.obj
 .debug_aranges
                0x00000ba0       0x50 CMakeFiles/01_blink.dir/C_/Repositories/pico/pico-sdk/src/rp2_common/pico_float/float_v1_rom_shim_rp2040.S.obj
 .debug_aranges
                0x00000bf0       0x38 CMakeFiles/01_blink.dir/C_/Repositories/pico/pico-sdk/src/rp2_common/pico_mem_ops/mem_ops_aeabi.S.obj
 .debug_aranges
                0x00000c28       0x18 CMakeFiles/01_blink.dir/C_/Repositories/pico/pico-sdk/src/rp2_common/pico_standard_binary_info/standard_binary_info.c.obj
 .debug_aranges
                0x00000c40       0x90 CMakeFiles/01_blink.dir/C_/Repositories/pico/pico-sdk/src/rp2_common/pico_printf/printf.c.obj
 .debug_aranges
                0x00000cd0       0x28 CMakeFiles/01_blink.dir/C_/Repositories/pico/pico-sdk/src/rp2_common/pico_crt0/crt0.S.obj
 .debug_aranges
                0x00000cf8       0xa8 CMakeFiles/01_blink.dir/C_/Repositories/pico/pico-sdk/src/rp2_common/pico_clib_interface/newlib_interface.c.obj
 .debug_aranges
                0x00000da0       0xc8 CMakeFiles/01_blink.dir/C_/Repositories/pico/pico-sdk/src/rp2_common/pico_stdio/stdio.c.obj

.debug_ranges   0x00000000     0x8440
 .debug_ranges  0x00000000       0x60 CMakeFiles/01_blink.dir/main.c.obj
 .debug_ranges  0x00000060      0xd20 CMakeFiles/01_blink.dir/C_/Repositories/pico/pico-sdk/src/rp2_common/hardware_gpio/gpio.c.obj
 .debug_ranges  0x00000d80       0x18 CMakeFiles/01_blink.dir/C_/Repositories/pico/pico-sdk/src/rp2_common/pico_platform_panic/panic.c.obj
 .debug_ranges  0x00000d98      0x440 CMakeFiles/01_blink.dir/C_/Repositories/pico/pico-sdk/src/common/hardware_claim/claim.c.obj
 .debug_ranges  0x000011d8       0xd8 CMakeFiles/01_blink.dir/C_/Repositories/pico/pico-sdk/src/rp2_common/hardware_sync/sync.c.obj
 .debug_ranges  0x000012b0       0xa8 CMakeFiles/01_blink.dir/C_/Repositories/pico/pico-sdk/src/rp2_common/hardware_sync_spin_lock/sync_spin_lock.c.obj
 .debug_ranges  0x00001358      0xa80 CMakeFiles/01_blink.dir/C_/Repositories/pico/pico-sdk/src/rp2_common/hardware_irq/irq.c.obj
 .debug_ranges  0x00001dd8       0x28 CMakeFiles/01_blink.dir/C_/Repositories/pico/pico-sdk/src/common/pico_sync/lock_core.c.obj
 .debug_ranges  0x00001e00     0x16b0 CMakeFiles/01_blink.dir/C_/Repositories/pico/pico-sdk/src/common/pico_sync/mutex.c.obj
 .debug_ranges  0x000034b0     0x1e10 CMakeFiles/01_blink.dir/C_/Repositories/pico/pico-sdk/src/common/pico_time/time.c.obj
 .debug_ranges  0x000052c0      0xe68 CMakeFiles/01_blink.dir/C_/Repositories/pico/pico-sdk/src/rp2_common/hardware_timer/timer.c.obj
 .debug_ranges  0x00006128      0xbd0 CMakeFiles/01_blink.dir/C_/Repositories/pico/pico-sdk/src/rp2_common/hardware_clocks/clocks.c.obj
 .debug_ranges  0x00006cf8       0xd8 CMakeFiles/01_blink.dir/C_/Repositories/pico/pico-sdk/src/rp2_common/hardware_pll/pll.c.obj
 .debug_ranges  0x00006dd0       0x38 CMakeFiles/01_blink.dir/C_/Repositories/pico/pico-sdk/src/rp2_common/hardware_ticks/ticks.c.obj
 .debug_ranges  0x00006e08      0x138 CMakeFiles/01_blink.dir/C_/Repositories/pico/pico-sdk/src/rp2_common/pico_bootrom/bootrom.c.obj
 .debug_ranges  0x00006f40       0x20 CMakeFiles/01_blink.dir/C_/Repositories/pico/pico-sdk/src/rp2_common/hardware_xosc/xosc.c.obj
 .debug_ranges  0x00006f60       0x58 CMakeFiles/01_blink.dir/C_/Repositories/pico/pico-sdk/src/rp2_common/pico_runtime/runtime.c.obj
 .debug_ranges  0x00006fb8       0xc8 CMakeFiles/01_blink.dir/C_/Repositories/pico/pico-sdk/src/rp2_common/pico_runtime_init/runtime_init.c.obj
 .debug_ranges  0x00007080       0x28 CMakeFiles/01_blink.dir/C_/Repositories/pico/pico-sdk/src/rp2_common/pico_runtime_init/runtime_init_clocks.c.obj
 .debug_ranges  0x000070a8       0x58 CMakeFiles/01_blink.dir/C_/Repositories/pico/pico-sdk/src/rp2_common/pico_bit_ops/bit_ops_aeabi.S.obj
 .debug_ranges  0x00007100       0x38 CMakeFiles/01_blink.dir/C_/Repositories/pico/pico-sdk/src/rp2_common/pico_divider/divider_hardware.S.obj
 .debug_ranges  0x00007138      0x148 CMakeFiles/01_blink.dir/C_/Repositories/pico/pico-sdk/src/rp2_common/pico_double/double_aeabi_rp2040.S.obj
 .debug_ranges  0x00007280       0x30 CMakeFiles/01_blink.dir/C_/Repositories/pico/pico-sdk/src/rp2_common/pico_double/double_init_rom_rp2040.c.obj
 .debug_ranges  0x000072b0       0xc0 CMakeFiles/01_blink.dir/C_/Repositories/pico/pico-sdk/src/rp2_common/pico_double/double_v1_rom_shim_rp2040.S.obj
 .debug_ranges  0x00007370      0x130 CMakeFiles/01_blink.dir/C_/Repositories/pico/pico-sdk/src/rp2_common/pico_float/float_aeabi_rp2040.S.obj
 .debug_ranges  0x000074a0       0x10 CMakeFiles/01_blink.dir/C_/Repositories/pico/pico-sdk/src/rp2_common/pico_float/float_init_rom_rp2040.c.obj
 .debug_ranges  0x000074b0       0x48 CMakeFiles/01_blink.dir/C_/Repositories/pico/pico-sdk/src/rp2_common/pico_float/float_v1_rom_shim_rp2040.S.obj
 .debug_ranges  0x000074f8       0x30 CMakeFiles/01_blink.dir/C_/Repositories/pico/pico-sdk/src/rp2_common/pico_mem_ops/mem_ops_aeabi.S.obj
 .debug_ranges  0x00007528      0x500 CMakeFiles/01_blink.dir/C_/Repositories/pico/pico-sdk/src/rp2_common/pico_printf/printf.c.obj
 .debug_ranges  0x00007a28       0x20 CMakeFiles/01_blink.dir/C_/Repositories/pico/pico-sdk/src/rp2_common/pico_crt0/crt0.S.obj
 .debug_ranges  0x00007a48      0x128 CMakeFiles/01_blink.dir/C_/Repositories/pico/pico-sdk/src/rp2_common/pico_clib_interface/newlib_interface.c.obj
 .debug_ranges  0x00007b70      0x8d0 CMakeFiles/01_blink.dir/C_/Repositories/pico/pico-sdk/src/rp2_common/pico_stdio/stdio.c.obj

.debug_line     0x00000000    0x14c34
 .debug_line    0x00000000      0x460 CMakeFiles/01_blink.dir/main.c.obj
 .debug_line    0x00000460     0x1c99 CMakeFiles/01_blink.dir/C_/Repositories/pico/pico-sdk/src/rp2_common/hardware_gpio/gpio.c.obj
 .debug_line    0x000020f9      0x2ab CMakeFiles/01_blink.dir/C_/Repositories/pico/pico-sdk/src/rp2_common/pico_platform_panic/panic.c.obj
 .debug_line    0x000023a4      0x943 CMakeFiles/01_blink.dir/C_/Repositories/pico/pico-sdk/src/common/hardware_claim/claim.c.obj
 .debug_line    0x00002ce7      0x4db CMakeFiles/01_blink.dir/C_/Repositories/pico/pico-sdk/src/rp2_common/hardware_sync/sync.c.obj
 .debug_line    0x000031c2      0x3ac CMakeFiles/01_blink.dir/C_/Repositories/pico/pico-sdk/src/rp2_common/hardware_sync_spin_lock/sync_spin_lock.c.obj
 .debug_line    0x0000356e     0x177b CMakeFiles/01_blink.dir/C_/Repositories/pico/pico-sdk/src/rp2_common/hardware_irq/irq.c.obj
 .debug_line    0x00004ce9      0x2e0 CMakeFiles/01_blink.dir/C_/Repositories/pico/pico-sdk/src/common/pico_sync/lock_core.c.obj
 .debug_line    0x00004fc9     0x1aea CMakeFiles/01_blink.dir/C_/Repositories/pico/pico-sdk/src/common/pico_sync/mutex.c.obj
 .debug_line    0x00006ab3     0x2ff2 CMakeFiles/01_blink.dir/C_/Repositories/pico/pico-sdk/src/common/pico_time/time.c.obj
 .debug_line    0x00009aa5     0x1dd3 CMakeFiles/01_blink.dir/C_/Repositories/pico/pico-sdk/src/rp2_common/hardware_timer/timer.c.obj
 .debug_line    0x0000b878     0x1da5 CMakeFiles/01_blink.dir/C_/Repositories/pico/pico-sdk/src/rp2_common/hardware_clocks/clocks.c.obj
 .debug_line    0x0000d61d      0x548 CMakeFiles/01_blink.dir/C_/Repositories/pico/pico-sdk/src/rp2_common/hardware_pll/pll.c.obj
 .debug_line    0x0000db65      0x336 CMakeFiles/01_blink.dir/C_/Repositories/pico/pico-sdk/src/rp2_common/hardware_ticks/ticks.c.obj
 .debug_line    0x0000de9b      0x3d3 CMakeFiles/01_blink.dir/C_/Repositories/pico/pico-sdk/src/rp2_common/pico_bootrom/bootrom.c.obj
 .debug_line    0x0000e26e      0x363 CMakeFiles/01_blink.dir/C_/Repositories/pico/pico-sdk/src/rp2_common/hardware_xosc/xosc.c.obj
 .debug_line    0x0000e5d1      0x303 CMakeFiles/01_blink.dir/C_/Repositories/pico/pico-sdk/src/rp2_common/pico_runtime/runtime.c.obj
 .debug_line    0x0000e8d4      0x67e CMakeFiles/01_blink.dir/C_/Repositories/pico/pico-sdk/src/rp2_common/pico_runtime_init/runtime_init.c.obj
 .debug_line    0x0000ef52      0x54f CMakeFiles/01_blink.dir/C_/Repositories/pico/pico-sdk/src/rp2_common/pico_runtime_init/runtime_init_clocks.c.obj
 .debug_line    0x0000f4a1      0x138 CMakeFiles/01_blink.dir/C_/Repositories/pico/pico-sdk/src/rp2_common/pico_bit_ops/bit_ops_aeabi.S.obj
 .debug_line    0x0000f5d9      0x2dc CMakeFiles/01_blink.dir/C_/Repositories/pico/pico-sdk/src/rp2_common/pico_divider/divider_hardware.S.obj
 .debug_line    0x0000f8b5      0x487 CMakeFiles/01_blink.dir/C_/Repositories/pico/pico-sdk/src/rp2_common/pico_double/double_aeabi_rp2040.S.obj
 .debug_line    0x0000fd3c      0x3da CMakeFiles/01_blink.dir/C_/Repositories/pico/pico-sdk/src/rp2_common/pico_double/double_init_rom_rp2040.c.obj
 .debug_line    0x00010116      0x6a8 CMakeFiles/01_blink.dir/C_/Repositories/pico/pico-sdk/src/rp2_common/pico_double/double_v1_rom_shim_rp2040.S.obj
 .debug_line    0x000107be       0x9a CMakeFiles/01_blink.dir/C_/Repositories/pico/pico-sdk/src/rp2_common/pico_int64_ops/pico_int64_ops_aeabi.S.obj
 .debug_line    0x00010858      0x405 CMakeFiles/01_blink.dir/C_/Repositories/pico/pico-sdk/src/rp2_common/pico_float/float_aeabi_rp2040.S.obj
 .debug_line    0x00010c5d      0x335 CMakeFiles/01_blink.dir/C_/Repositories/pico/pico-sdk/src/rp2_common/pico_float/float_init_rom_rp2040.c.obj
 .debug_line    0x00010f92      0x1ce CMakeFiles/01_blink.dir/C_/Repositories/pico/pico-sdk/src/rp2_common/pico_float/float_v1_rom_shim_rp2040.S.obj
 .debug_line    0x00011160       0xc4 CMakeFiles/01_blink.dir/C_/Repositories/pico/pico-sdk/src/rp2_common/pico_mem_ops/mem_ops_aeabi.S.obj
 .debug_line    0x00011224      0x206 CMakeFiles/01_blink.dir/C_/Repositories/pico/pico-sdk/src/rp2_common/pico_standard_binary_info/standard_binary_info.c.obj
 .debug_line    0x0001142a     0x18f5 CMakeFiles/01_blink.dir/C_/Repositories/pico/pico-sdk/src/rp2_common/pico_printf/printf.c.obj
 .debug_line    0x00012d1f       0xc6 CMakeFiles/01_blink.dir/C_/Repositories/pico/pico-sdk/src/rp2_common/pico_crt0/crt0.S.obj
 .debug_line    0x00012de5      0x8f1 CMakeFiles/01_blink.dir/C_/Repositories/pico/pico-sdk/src/rp2_common/pico_clib_interface/newlib_interface.c.obj
 .debug_line    0x000136d6     0x155e CMakeFiles/01_blink.dir/C_/Repositories/pico/pico-sdk/src/rp2_common/pico_stdio/stdio.c.obj

.debug_str      0x00000000     0x42c1
 .debug_str     0x00000000      0x7bf CMakeFiles/01_blink.dir/main.c.obj
                                0x80b (size before relaxing)
 .debug_str     0x000007bf      0x70f CMakeFiles/01_blink.dir/C_/Repositories/pico/pico-sdk/src/rp2_common/hardware_gpio/gpio.c.obj
                                0xcbd (size before relaxing)
 .debug_str     0x00000ece       0x95 CMakeFiles/01_blink.dir/C_/Repositories/pico/pico-sdk/src/rp2_common/pico_platform_panic/panic.c.obj
                                0x1ef (size before relaxing)
 .debug_str     0x00000f63      0x1d7 CMakeFiles/01_blink.dir/C_/Repositories/pico/pico-sdk/src/common/hardware_claim/claim.c.obj
                                0x378 (size before relaxing)
 .debug_str     0x0000113a       0xcf CMakeFiles/01_blink.dir/C_/Repositories/pico/pico-sdk/src/rp2_common/hardware_sync/sync.c.obj
                                0x31c (size before relaxing)
 .debug_str     0x00001209       0x65 CMakeFiles/01_blink.dir/C_/Repositories/pico/pico-sdk/src/rp2_common/hardware_sync_spin_lock/sync_spin_lock.c.obj
                                0x234 (size before relaxing)
 .debug_str     0x0000126e      0x4a2 CMakeFiles/01_blink.dir/C_/Repositories/pico/pico-sdk/src/rp2_common/hardware_irq/irq.c.obj
                                0xa5b (size before relaxing)
 .debug_str     0x00001710       0x5f CMakeFiles/01_blink.dir/C_/Repositories/pico/pico-sdk/src/common/pico_sync/lock_core.c.obj
                                0x200 (size before relaxing)
 .debug_str     0x0000176f      0x279 CMakeFiles/01_blink.dir/C_/Repositories/pico/pico-sdk/src/common/pico_sync/mutex.c.obj
                                0x7db (size before relaxing)
 .debug_str     0x000019e8      0xa0e CMakeFiles/01_blink.dir/C_/Repositories/pico/pico-sdk/src/common/pico_time/time.c.obj
                               0x11d7 (size before relaxing)
 .debug_str     0x000023f6      0x1c8 CMakeFiles/01_blink.dir/C_/Repositories/pico/pico-sdk/src/rp2_common/hardware_timer/timer.c.obj
                                0xa10 (size before relaxing)
 .debug_str     0x000025be      0x4d0 CMakeFiles/01_blink.dir/C_/Repositories/pico/pico-sdk/src/rp2_common/hardware_clocks/clocks.c.obj
                                0x9e8 (size before relaxing)
 .debug_str     0x00002a8e      0x22c CMakeFiles/01_blink.dir/C_/Repositories/pico/pico-sdk/src/rp2_common/hardware_pll/pll.c.obj
                                0x453 (size before relaxing)
 .debug_str     0x00002cba       0xcc CMakeFiles/01_blink.dir/C_/Repositories/pico/pico-sdk/src/rp2_common/hardware_ticks/ticks.c.obj
                                0x282 (size before relaxing)
 .debug_str     0x00002d86      0x189 CMakeFiles/01_blink.dir/C_/Repositories/pico/pico-sdk/src/rp2_common/pico_bootrom/bootrom.c.obj
                                0x32a (size before relaxing)
 .debug_str     0x00002f0f       0x78 CMakeFiles/01_blink.dir/C_/Repositories/pico/pico-sdk/src/rp2_common/hardware_xosc/xosc.c.obj
                                0x237 (size before relaxing)
 .debug_str     0x00002f87       0xed CMakeFiles/01_blink.dir/C_/Repositories/pico/pico-sdk/src/rp2_common/pico_runtime/runtime.c.obj
                                0x282 (size before relaxing)
 .debug_str     0x00003074      0x2d3 CMakeFiles/01_blink.dir/C_/Repositories/pico/pico-sdk/src/rp2_common/pico_runtime_init/runtime_init.c.obj
                                0x791 (size before relaxing)
 .debug_str     0x00003347       0x65 CMakeFiles/01_blink.dir/C_/Repositories/pico/pico-sdk/src/rp2_common/pico_runtime_init/runtime_init_clocks.c.obj
                                0x45e (size before relaxing)
 .debug_str     0x000033ac       0x58 CMakeFiles/01_blink.dir/C_/Repositories/pico/pico-sdk/src/rp2_common/pico_bit_ops/bit_ops_aeabi.S.obj
                                 0x80 (size before relaxing)
 .debug_str     0x00003404       0x4d CMakeFiles/01_blink.dir/C_/Repositories/pico/pico-sdk/src/rp2_common/pico_divider/divider_hardware.S.obj
                                 0x83 (size before relaxing)
 .debug_str     0x00003451       0x4f CMakeFiles/01_blink.dir/C_/Repositories/pico/pico-sdk/src/rp2_common/pico_double/double_aeabi_rp2040.S.obj
                                 0x85 (size before relaxing)
 .debug_str     0x000034a0       0xbe CMakeFiles/01_blink.dir/C_/Repositories/pico/pico-sdk/src/rp2_common/pico_double/double_init_rom_rp2040.c.obj
                                0x290 (size before relaxing)
 .debug_str     0x0000355e       0x55 CMakeFiles/01_blink.dir/C_/Repositories/pico/pico-sdk/src/rp2_common/pico_double/double_v1_rom_shim_rp2040.S.obj
                                 0x8b (size before relaxing)
 .debug_str     0x000035b3       0x53 CMakeFiles/01_blink.dir/C_/Repositories/pico/pico-sdk/src/rp2_common/pico_int64_ops/pico_int64_ops_aeabi.S.obj
                                 0x89 (size before relaxing)
 .debug_str     0x00003606       0x4d CMakeFiles/01_blink.dir/C_/Repositories/pico/pico-sdk/src/rp2_common/pico_float/float_aeabi_rp2040.S.obj
                                 0x83 (size before relaxing)
 .debug_str     0x00003653       0x95 CMakeFiles/01_blink.dir/C_/Repositories/pico/pico-sdk/src/rp2_common/pico_float/float_init_rom_rp2040.c.obj
                                0x295 (size before relaxing)
 .debug_str     0x000036e8       0x53 CMakeFiles/01_blink.dir/C_/Repositories/pico/pico-sdk/src/rp2_common/pico_float/float_v1_rom_shim_rp2040.S.obj
                                 0x89 (size before relaxing)
 .debug_str     0x0000373b       0x4a CMakeFiles/01_blink.dir/C_/Repositories/pico/pico-sdk/src/rp2_common/pico_mem_ops/mem_ops_aeabi.S.obj
                                 0x80 (size before relaxing)
 .debug_str     0x00003785      0x257 CMakeFiles/01_blink.dir/C_/Repositories/pico/pico-sdk/src/rp2_common/pico_standard_binary_info/standard_binary_info.c.obj
                                0x3f6 (size before relaxing)
 .debug_str     0x000039dc      0x292 CMakeFiles/01_blink.dir/C_/Repositories/pico/pico-sdk/src/rp2_common/pico_printf/printf.c.obj
                                0x4d9 (size before relaxing)
 .debug_str     0x00003c6e       0x3e CMakeFiles/01_blink.dir/C_/Repositories/pico/pico-sdk/src/rp2_common/pico_crt0/crt0.S.obj
                                 0x74 (size before relaxing)
 .debug_str     0x00003cac      0x316 CMakeFiles/01_blink.dir/C_/Repositories/pico/pico-sdk/src/rp2_common/pico_clib_interface/newlib_interface.c.obj
                                0x770 (size before relaxing)
 .debug_str     0x00003fc2      0x2ff CMakeFiles/01_blink.dir/C_/Repositories/pico/pico-sdk/src/rp2_common/pico_stdio/stdio.c.obj
                                0xda7 (size before relaxing)

.debug_frame    0x00000000     0x1968
 .debug_frame   0x00000000       0x2c CMakeFiles/01_blink.dir/main.c.obj
 .debug_frame   0x0000002c      0x320 CMakeFiles/01_blink.dir/C_/Repositories/pico/pico-sdk/src/rp2_common/hardware_gpio/gpio.c.obj
 .debug_frame   0x0000034c       0x44 CMakeFiles/01_blink.dir/C_/Repositories/pico/pico-sdk/src/rp2_common/pico_platform_panic/panic.c.obj
 .debug_frame   0x00000390       0xa0 CMakeFiles/01_blink.dir/C_/Repositories/pico/pico-sdk/src/common/hardware_claim/claim.c.obj
 .debug_frame   0x00000430       0xa4 CMakeFiles/01_blink.dir/C_/Repositories/pico/pico-sdk/src/rp2_common/hardware_sync/sync.c.obj
 .debug_frame   0x000004d4       0x30 CMakeFiles/01_blink.dir/C_/Repositories/pico/pico-sdk/src/rp2_common/hardware_sync_spin_lock/sync_spin_lock.c.obj
 .debug_frame   0x00000504      0x1c8 CMakeFiles/01_blink.dir/C_/Repositories/pico/pico-sdk/src/rp2_common/hardware_irq/irq.c.obj
 .debug_frame   0x000006cc       0x20 CMakeFiles/01_blink.dir/C_/Repositories/pico/pico-sdk/src/common/pico_sync/lock_core.c.obj
 .debug_frame   0x000006ec      0x1e4 CMakeFiles/01_blink.dir/C_/Repositories/pico/pico-sdk/src/common/pico_sync/mutex.c.obj
 .debug_frame   0x000008d0      0x2d4 CMakeFiles/01_blink.dir/C_/Repositories/pico/pico-sdk/src/common/pico_time/time.c.obj
 .debug_frame   0x00000ba4      0x2bc CMakeFiles/01_blink.dir/C_/Repositories/pico/pico-sdk/src/rp2_common/hardware_timer/timer.c.obj
 .debug_frame   0x00000e60      0x1f4 CMakeFiles/01_blink.dir/C_/Repositories/pico/pico-sdk/src/rp2_common/hardware_clocks/clocks.c.obj
 .debug_frame   0x00001054       0x40 CMakeFiles/01_blink.dir/C_/Repositories/pico/pico-sdk/src/rp2_common/hardware_pll/pll.c.obj
 .debug_frame   0x00001094       0x40 CMakeFiles/01_blink.dir/C_/Repositories/pico/pico-sdk/src/rp2_common/hardware_ticks/ticks.c.obj
 .debug_frame   0x000010d4       0xa0 CMakeFiles/01_blink.dir/C_/Repositories/pico/pico-sdk/src/rp2_common/pico_bootrom/bootrom.c.obj
 .debug_frame   0x00001174       0x40 CMakeFiles/01_blink.dir/C_/Repositories/pico/pico-sdk/src/rp2_common/hardware_xosc/xosc.c.obj
 .debug_frame   0x000011b4       0x70 CMakeFiles/01_blink.dir/C_/Repositories/pico/pico-sdk/src/rp2_common/pico_runtime/runtime.c.obj
 .debug_frame   0x00001224       0x88 CMakeFiles/01_blink.dir/C_/Repositories/pico/pico-sdk/src/rp2_common/pico_runtime_init/runtime_init.c.obj
 .debug_frame   0x000012ac       0x2c CMakeFiles/01_blink.dir/C_/Repositories/pico/pico-sdk/src/rp2_common/pico_runtime_init/runtime_init_clocks.c.obj
 .debug_frame   0x000012d8       0x2c CMakeFiles/01_blink.dir/C_/Repositories/pico/pico-sdk/src/rp2_common/pico_double/double_init_rom_rp2040.c.obj
 .debug_frame   0x00001304       0x28 CMakeFiles/01_blink.dir/C_/Repositories/pico/pico-sdk/src/rp2_common/pico_float/float_init_rom_rp2040.c.obj
 .debug_frame   0x0000132c      0x1e8 CMakeFiles/01_blink.dir/C_/Repositories/pico/pico-sdk/src/rp2_common/pico_printf/printf.c.obj
 .debug_frame   0x00001514      0x188 CMakeFiles/01_blink.dir/C_/Repositories/pico/pico-sdk/src/rp2_common/pico_clib_interface/newlib_interface.c.obj
 .debug_frame   0x0000169c      0x2a4 CMakeFiles/01_blink.dir/C_/Repositories/pico/pico-sdk/src/rp2_common/pico_stdio/stdio.c.obj
 .debug_frame   0x00001940       0x28 c:/program files (x86)/gnu arm embedded toolchain/10 2021.10/bin/../lib/gcc/arm-none-eabi/10.3.1/../../../../arm-none-eabi/lib/thumb/v6-m/nofp\libg.a(lib_a-strlen-stub.o)
