Archive member included to satisfy reference by file (symbol)

c:/mk/10 2021.10/bin/../lib/gcc/arm-none-eabi/10.3.1/thumb/v6-m/nofp\libgcc.a(_dvmd_tls.o)
                              CMakeFiles/03_adc.dir/C_/mk/pico/pico-sdk/src/rp2_common/pico_divider/divider_hardware.S.obj (__aeabi_idiv0)
c:/mk/10 2021.10/bin/../lib/gcc/arm-none-eabi/10.3.1/../../../../arm-none-eabi/lib/thumb/v6-m/nofp\libg.a(lib_a-calloc.o)
                              CMakeFiles/03_adc.dir/C_/mk/pico/pico-sdk/src/rp2_common/pico_malloc/malloc.c.obj (calloc)
c:/mk/10 2021.10/bin/../lib/gcc/arm-none-eabi/10.3.1/../../../../arm-none-eabi/lib/thumb/v6-m/nofp\libg.a(lib_a-callocr.o)
                              c:/mk/10 2021.10/bin/../lib/gcc/arm-none-eabi/10.3.1/../../../../arm-none-eabi/lib/thumb/v6-m/nofp\libg.a(lib_a-calloc.o) (_calloc_r)
c:/mk/10 2021.10/bin/../lib/gcc/arm-none-eabi/10.3.1/../../../../arm-none-eabi/lib/thumb/v6-m/nofp\libg.a(lib_a-errno.o)
                              c:/mk/10 2021.10/bin/../lib/gcc/arm-none-eabi/10.3.1/../../../../arm-none-eabi/lib/thumb/v6-m/nofp\libg.a(lib_a-callocr.o) (__errno)
c:/mk/10 2021.10/bin/../lib/gcc/arm-none-eabi/10.3.1/../../../../arm-none-eabi/lib/thumb/v6-m/nofp\libg.a(lib_a-fflush.o)
                              CMakeFiles/03_adc.dir/main.c.obj (fflush)
c:/mk/10 2021.10/bin/../lib/gcc/arm-none-eabi/10.3.1/../../../../arm-none-eabi/lib/thumb/v6-m/nofp\libg.a(lib_a-findfp.o)
                              c:/mk/10 2021.10/bin/../lib/gcc/arm-none-eabi/10.3.1/../../../../arm-none-eabi/lib/thumb/v6-m/nofp\libg.a(lib_a-fflush.o) (__sinit)
c:/mk/10 2021.10/bin/../lib/gcc/arm-none-eabi/10.3.1/../../../../arm-none-eabi/lib/thumb/v6-m/nofp\libg.a(lib_a-freer.o)
                              c:/mk/10 2021.10/bin/../lib/gcc/arm-none-eabi/10.3.1/../../../../arm-none-eabi/lib/thumb/v6-m/nofp\libg.a(lib_a-fflush.o) (_free_r)
c:/mk/10 2021.10/bin/../lib/gcc/arm-none-eabi/10.3.1/../../../../arm-none-eabi/lib/thumb/v6-m/nofp\libg.a(lib_a-fwalk.o)
                              c:/mk/10 2021.10/bin/../lib/gcc/arm-none-eabi/10.3.1/../../../../arm-none-eabi/lib/thumb/v6-m/nofp\libg.a(lib_a-findfp.o) (_fwalk)
c:/mk/10 2021.10/bin/../lib/gcc/arm-none-eabi/10.3.1/../../../../arm-none-eabi/lib/thumb/v6-m/nofp\libg.a(lib_a-impure.o)
                              c:/mk/10 2021.10/bin/../lib/gcc/arm-none-eabi/10.3.1/../../../../arm-none-eabi/lib/thumb/v6-m/nofp\libg.a(lib_a-fflush.o) (_global_impure_ptr)
c:/mk/10 2021.10/bin/../lib/gcc/arm-none-eabi/10.3.1/../../../../arm-none-eabi/lib/thumb/v6-m/nofp\libg.a(lib_a-init.o)
                              c:/mk/10 2021.10/bin/../lib/gcc/arm-none-eabi/10.3.1/../../../../arm-none-eabi/lib/thumb/v6-m/nofp/crt0.o (__libc_init_array)
c:/mk/10 2021.10/bin/../lib/gcc/arm-none-eabi/10.3.1/../../../../arm-none-eabi/lib/thumb/v6-m/nofp\libg.a(lib_a-lcltime_r.o)
                              CMakeFiles/03_adc.dir/C_/mk/pico/pico-sdk/src/common/pico_util/datetime.c.obj (localtime_r)
c:/mk/10 2021.10/bin/../lib/gcc/arm-none-eabi/10.3.1/../../../../arm-none-eabi/lib/thumb/v6-m/nofp\libg.a(lib_a-lock.o)
                              c:/mk/10 2021.10/bin/../lib/gcc/arm-none-eabi/10.3.1/../../../../arm-none-eabi/lib/thumb/v6-m/nofp\libg.a(lib_a-findfp.o) (__retarget_lock_init_recursive)
c:/mk/10 2021.10/bin/../lib/gcc/arm-none-eabi/10.3.1/../../../../arm-none-eabi/lib/thumb/v6-m/nofp\libg.a(lib_a-malloc.o)
                              CMakeFiles/03_adc.dir/C_/mk/pico/pico-sdk/src/rp2_common/pico_malloc/malloc.c.obj (malloc)
c:/mk/10 2021.10/bin/../lib/gcc/arm-none-eabi/10.3.1/../../../../arm-none-eabi/lib/thumb/v6-m/nofp\libg.a(lib_a-mallocr.o)
                              c:/mk/10 2021.10/bin/../lib/gcc/arm-none-eabi/10.3.1/../../../../arm-none-eabi/lib/thumb/v6-m/nofp\libg.a(lib_a-callocr.o) (_malloc_r)
c:/mk/10 2021.10/bin/../lib/gcc/arm-none-eabi/10.3.1/../../../../arm-none-eabi/lib/thumb/v6-m/nofp\libg.a(lib_a-memcmp.o)
                              CMakeFiles/03_adc.dir/C_/mk/pico/pico-sdk/src/rp2_common/pico_atomic/atomic.c.obj (memcmp)
c:/mk/10 2021.10/bin/../lib/gcc/arm-none-eabi/10.3.1/../../../../arm-none-eabi/lib/thumb/v6-m/nofp\libg.a(lib_a-mktime.o)
                              CMakeFiles/03_adc.dir/C_/mk/pico/pico-sdk/src/common/pico_util/datetime.c.obj (mktime)
c:/mk/10 2021.10/bin/../lib/gcc/arm-none-eabi/10.3.1/../../../../arm-none-eabi/lib/thumb/v6-m/nofp\libg.a(lib_a-mlock.o)
                              c:/mk/10 2021.10/bin/../lib/gcc/arm-none-eabi/10.3.1/../../../../arm-none-eabi/lib/thumb/v6-m/nofp\libg.a(lib_a-freer.o) (__malloc_lock)
c:/mk/10 2021.10/bin/../lib/gcc/arm-none-eabi/10.3.1/../../../../arm-none-eabi/lib/thumb/v6-m/nofp\libg.a(lib_a-month_lengths.o)
                              c:/mk/10 2021.10/bin/../lib/gcc/arm-none-eabi/10.3.1/../../../../arm-none-eabi/lib/thumb/v6-m/nofp\libg.a(lib_a-lcltime_r.o) (__month_lengths)
c:/mk/10 2021.10/bin/../lib/gcc/arm-none-eabi/10.3.1/../../../../arm-none-eabi/lib/thumb/v6-m/nofp\libg.a(lib_a-realloc.o)
[...]
Memory Configuration

Name             Origin             Length             Attributes
FLASH            0x10000000         0x00200000         xr
RAM              0x20000000         0x00040000         xrw
SCRATCH_X        0x20040000         0x00001000         xrw
SCRATCH_Y        0x20041000         0x00001000         xrw
*default*        0x00000000         0xffffffff

Linker script and memory map

LOAD c:/mk/10 2021.10/bin/../lib/gcc/arm-none-eabi/10.3.1/thumb/v6-m/nofp/crti.o
LOAD c:/mk/10 2021.10/bin/../lib/gcc/arm-none-eabi/10.3.1/thumb/v6-m/nofp/crtbegin.o
LOAD c:/mk/10 2021.10/bin/../lib/gcc/arm-none-eabi/10.3.1/../../../../arm-none-eabi/lib/thumb/v6-m/nofp/crt0.o

.flash_begin    0x10000000        0x0
                0x10000000                __flash_binary_start = .

.boot2          0x10000000      0x100
                0x10000000                __boot2_start__ = .
 *(.boot2)
 .boot2         0x10000000      0x100 pico-sdk/src/rp2040/boot_stage2/CMakeFiles/bs2_default_library.dir/bs2_default_padded_checksummed.S.obj
                0x10000100                __boot2_end__ = .
                0x00000001                ASSERT (((__boot2_end__ - __boot2_start__) == 0x100), ERROR: Pico second stage bootloader must be 256 bytes in size)

.text           0x10000100     0x7914
                0x10000100                __logical_binary_start = .
 *(.vectors)
 .vectors       0x10000100       0xd4 CMakeFiles/03_adc.dir/C_/mk/pico/pico-sdk/src/rp2_common/pico_crt0/crt0.S.obj
                0x10000100                __VECTOR_TABLE
                0x10000100                __vectors
                0x100001c0                isr_irq13
                0x100001c0                isr_irq27
                0x100001c0                isr_irq31
                0x100001c0                isr_irq12
                0x100001c0                isr_irq5
                0x100001c0                isr_irq11
                0x100001c0                isr_irq3
                0x100001c0                isr_irq23
                0x100001c0                __unhandled_user_irq
                0x100001c0                isr_irq26
                0x100001c0                isr_irq28
                0x100001c0                isr_irq19
                0x100001c0                isr_irq0
                0x100001c0                isr_irq6
                0x100001c0                isr_irq29
                0x100001c0                isr_irq16
                0x100001c0                isr_irq22
                0x100001c0                isr_irq18
                0x100001c0                isr_irq17
                0x100001c0                isr_irq14
                0x100001c0                __vectors_end
                0x100001c0                __default_isrs_start
                0x100001c0                isr_irq2
                0x100001c0                isr_irq10
                0x100001c0                isr_irq8
                0x100001c0                isr_irq24
                0x100001c0                isr_irq1
                0x100001c0                isr_irq7
                0x100001c0                isr_irq21
                0x100001c0                isr_irq20
                0x100001c0                isr_irq15
                0x100001c0                isr_irq25
                0x100001c0                isr_irq4
                0x100001c0                isr_irq30
                0x100001c0                isr_irq9
                0x100001c6                unhandled_user_irq_num_in_r0
                0x100001c8                isr_invalid
                0x100001ca                isr_nmi
                0x100001cc                isr_hardfault
                0x100001ce                isr_svcall
                0x100001d0                isr_pendsv
                0x100001d2                isr_systick
                0x100001d4                __default_isrs_end
 *(.binary_info_header)
 .binary_info_header
                0x100001d4       0x14 CMakeFiles/03_adc.dir/C_/mk/pico/pico-sdk/src/rp2_common/pico_crt0/crt0.S.obj
                0x100001e8                __binary_info_header_end = .
 *(.embedded_block)
                0x100001e8                __embedded_block_end = .
 *(.reset)
 .reset         0x100001e8       0x9c CMakeFiles/03_adc.dir/C_/mk/pico/pico-sdk/src/rp2_common/pico_crt0/crt0.S.obj
                0x100001e8                _entry_point
 *(.init)
 .init          0x10000284        0x4 c:/mk/10 2021.10/bin/../lib/gcc/arm-none-eabi/10.3.1/thumb/v6-m/nofp/crti.o
                0x10000284                _init
 *(EXCLUDE_FILE(*libm.a: *libc.a:*lib_a-mem*.o *libgcc.a:) .text*)
 .text          0x10000288       0x48 c:/mk/10 2021.10/bin/../lib/gcc/arm-none-eabi/10.3.1/thumb/v6-m/nofp/crtbegin.o
 .text.process_command.part.0
                0x100002d0      0x124 CMakeFiles/03_adc.dir/main.c.obj
 .text.startup.main
                0x100003f4      0x1c0 CMakeFiles/03_adc.dir/main.c.obj
                0x100003f4                main
 .text.adc_task_init
                0x100005b4       0x2c CMakeFiles/03_adc.dir/adc-task/adc-task.c.obj
                0x100005b4                adc_task_init
 .text.adc_task_get_voltage
                0x100005e0       0x4c CMakeFiles/03_adc.dir/adc-task/adc-task.c.obj
                0x100005e0                adc_task_get_voltage
 .text.adc_task_get_temperature
                0x1000062c       0x70 CMakeFiles/03_adc.dir/adc-task/adc-task.c.obj
                0x1000062c                adc_task_get_temperature
 .text.adc_task_set_state
                0x1000069c       0x20 CMakeFiles/03_adc.dir/adc-task/adc-task.c.obj
                0x1000069c                adc_task_set_state
 .text.adc_task_handle
                0x100006bc      0x104 CMakeFiles/03_adc.dir/adc-task/adc-task.c.obj
                0x100006bc                adc_task_handle
 .text.gpio_set_function
                0x100007c0       0x34 CMakeFiles/03_adc.dir/C_/mk/pico/pico-sdk/src/rp2_common/hardware_gpio/gpio.c.obj
                0x100007c0                gpio_set_function
 .text.gpio_set_pulls
                0x100007f4       0x34 CMakeFiles/03_adc.dir/C_/mk/pico/pico-sdk/src/rp2_common/hardware_gpio/gpio.c.obj
                0x100007f4                gpio_set_pulls
 .text.gpio_set_input_enabled
                0x10000828       0x28 CMakeFiles/03_adc.dir/C_/mk/pico/pico-sdk/src/rp2_common/hardware_gpio/gpio.c.obj
                0x10000828                gpio_set_input_enabled
 .text.gpio_init
                0x10000850       0x40 CMakeFiles/03_adc.dir/C_/mk/pico/pico-sdk/src/rp2_common/hardware_gpio/gpio.c.obj
                0x10000850                gpio_init
 .text.rp2040_chip_version
                0x10000890        0xc CMakeFiles/03_adc.dir/C_/mk/pico/pico-sdk/src/rp2040/pico_platform/platform.c.obj
                0x10000890                rp2040_chip_version
 .text.panic    0x1000089c       0x30 CMakeFiles/03_adc.dir/C_/mk/pico/pico-sdk/src/rp2_common/pico_platform_panic/panic.c.obj
                0x1000089c                panic
 .text.hw_claim_or_assert
                0x100008cc       0x44 CMakeFiles/03_adc.dir/C_/mk/pico/pico-sdk/src/common/hardware_claim/claim.c.obj
                0x100008cc                hw_claim_or_assert
 .text.hw_claim_unused_from_range
                0x10000910       0x9c CMakeFiles/03_adc.dir/C_/mk/pico/pico-sdk/src/common/hardware_claim/claim.c.obj
                0x10000910                hw_claim_unused_from_range
 .text.next_striped_spin_lock_num
                0x100009ac       0x18 CMakeFiles/03_adc.dir/C_/mk/pico/pico-sdk/src/rp2_common/hardware_sync/sync.c.obj
                0x100009ac                next_striped_spin_lock_num
 .text.spin_lock_claim_unused
                0x100009c4       0x20 CMakeFiles/03_adc.dir/C_/mk/pico/pico-sdk/src/rp2_common/hardware_sync/sync.c.obj
                0x100009c4                spin_lock_claim_unused
 .text.spin_locks_reset
                0x100009e4       0x1c CMakeFiles/03_adc.dir/C_/mk/pico/pico-sdk/src/rp2_common/hardware_sync_spin_lock/sync_spin_lock.c.obj
                0x100009e4                spin_locks_reset
 .text.runtime_init_per_core_irq_priorities
                0x10000a00       0x24 CMakeFiles/03_adc.dir/C_/mk/pico/pico-sdk/src/rp2_common/hardware_irq/irq.c.obj
                0x10000a00                runtime_init_per_core_irq_priorities
 .text.irq_set_enabled
                0x10000a24       0x24 CMakeFiles/03_adc.dir/C_/mk/pico/pico-sdk/src/rp2_common/hardware_irq/irq.c.obj
                0x10000a24                irq_set_enabled
 .text.irq_is_enabled
                0x10000a48       0x18 CMakeFiles/03_adc.dir/C_/mk/pico/pico-sdk/src/rp2_common/hardware_irq/irq.c.obj
                0x10000a48                irq_is_enabled
 .text.irq_set_pending
                0x10000a60       0x10 CMakeFiles/03_adc.dir/C_/mk/pico/pico-sdk/src/rp2_common/hardware_irq/irq.c.obj
                0x10000a60                irq_set_pending
 .text.irq_has_shared_handler
                0x10000a70       0x24 CMakeFiles/03_adc.dir/C_/mk/pico/pico-sdk/src/rp2_common/hardware_irq/irq.c.obj
                0x10000a70                irq_has_shared_handler
 .text.irq_set_exclusive_handler
                0x10000a94       0x54 CMakeFiles/03_adc.dir/C_/mk/pico/pico-sdk/src/rp2_common/hardware_irq/irq.c.obj
                0x10000a94                irq_set_exclusive_handler
 .text.irq_add_shared_handler
                0x10000ae8      0x1e8 CMakeFiles/03_adc.dir/C_/mk/pico/pico-sdk/src/rp2_common/hardware_irq/irq.c.obj
                0x10000ae8                irq_add_shared_handler
 .text.irq_add_tail_to_free_list
                0x10000cd0       0xb4 CMakeFiles/03_adc.dir/C_/mk/pico/pico-sdk/src/rp2_common/hardware_irq/irq.c.obj
                0x10000cd0                irq_add_tail_to_free_list
 .text.user_irq_claim_unused
                0x10000d84       0x28 CMakeFiles/03_adc.dir/C_/mk/pico/pico-sdk/src/rp2_common/hardware_irq/irq.c.obj
                0x10000d84                user_irq_claim_unused
 .text.lock_init
                0x10000dac       0x10 CMakeFiles/03_adc.dir/C_/mk/pico/pico-sdk/src/common/pico_sync/lock_core.c.obj
                0x10000dac                lock_init
 .text.runtime_init_mutex
                0x10000dbc       0x58 CMakeFiles/03_adc.dir/C_/mk/pico/pico-sdk/src/common/pico_sync/mutex.c.obj
                0x10000dbc                runtime_init_mutex
 .text.mutex_init
                0x10000e14       0x1c CMakeFiles/03_adc.dir/C_/mk/pico/pico-sdk/src/common/pico_sync/mutex.c.obj
                0x10000e14                mutex_init
 .text.critical_section_init
                0x10000e30       0x20 CMakeFiles/03_adc.dir/C_/mk/pico/pico-sdk/src/common/pico_sync/critical_section.c.obj
                0x10000e30                critical_section_init
 .text.critical_section_init_with_lock_num
                0x10000e50       0x14 CMakeFiles/03_adc.dir/C_/mk/pico/pico-sdk/src/common/pico_sync/critical_section.c.obj
                0x10000e50                critical_section_init_with_lock_num
 .text.sleep_until_callback
                0x10000e64       0x30 CMakeFiles/03_adc.dir/C_/mk/pico/pico-sdk/src/common/pico_time/time.c.obj
 .text.alarm_pool_irq_handler
                0x10000e94      0x308 CMakeFiles/03_adc.dir/C_/mk/pico/pico-sdk/src/common/pico_time/time.c.obj
 .text.runtime_init_default_alarm_pool
                0x1000119c       0xdc CMakeFiles/03_adc.dir/C_/mk/pico/pico-sdk/src/common/pico_time/time.c.obj
                0x1000119c                runtime_init_default_alarm_pool
 .text.alarm_pool_get_default
                0x10001278        0x8 CMakeFiles/03_adc.dir/C_/mk/pico/pico-sdk/src/common/pico_time/time.c.obj
                0x10001278                alarm_pool_get_default
 .text.alarm_pool_add_alarm_at
                0x10001280       0xc8 CMakeFiles/03_adc.dir/C_/mk/pico/pico-sdk/src/common/pico_time/time.c.obj
                0x10001280                alarm_pool_add_alarm_at
 .text.alarm_pool_add_alarm_at_force_in_context
                0x10001348       0xb0 CMakeFiles/03_adc.dir/C_/mk/pico/pico-sdk/src/common/pico_time/time.c.obj
                0x10001348                alarm_pool_add_alarm_at_force_in_context
 .text.alarm_pool_cancel_alarm
                0x100013f8       0x7c CMakeFiles/03_adc.dir/C_/mk/pico/pico-sdk/src/common/pico_time/time.c.obj
                0x100013f8                alarm_pool_cancel_alarm
 .text.alarm_pool_core_num
                0x10001474        0x4 CMakeFiles/03_adc.dir/C_/mk/pico/pico-sdk/src/common/pico_time/time.c.obj
                0x10001474                alarm_pool_core_num
 .text.sleep_until
                0x10001478       0xd0 CMakeFiles/03_adc.dir/C_/mk/pico/pico-sdk/src/common/pico_time/time.c.obj
                0x10001478                sleep_until
 .text.sleep_ms
                0x10001548       0x34 CMakeFiles/03_adc.dir/C_/mk/pico/pico-sdk/src/common/pico_time/time.c.obj
                0x10001548                sleep_ms
 .text.best_effort_wfe_or_timeout
                0x1000157c       0xfc CMakeFiles/03_adc.dir/C_/mk/pico/pico-sdk/src/common/pico_time/time.c.obj
                0x1000157c                best_effort_wfe_or_timeout
 .text.timer_hardware_alarm_claim
                0x10001678       0x14 CMakeFiles/03_adc.dir/C_/mk/pico/pico-sdk/src/rp2_common/hardware_timer/timer.c.obj
                0x10001678                timer_hardware_alarm_claim
 .text.timer_time_us_64
                0x1000168c       0x10 CMakeFiles/03_adc.dir/C_/mk/pico/pico-sdk/src/rp2_common/hardware_timer/timer.c.obj
                0x1000168c                timer_time_us_64
 .text.time_us_64
                0x1000169c       0x14 CMakeFiles/03_adc.dir/C_/mk/pico/pico-sdk/src/rp2_common/hardware_timer/timer.c.obj
                0x1000169c                time_us_64
 .text.busy_wait_us
                0x100016b0       0x54 CMakeFiles/03_adc.dir/C_/mk/pico/pico-sdk/src/rp2_common/hardware_timer/timer.c.obj
                0x100016b0                busy_wait_us
 .text.busy_wait_until
                0x10001704       0x20 CMakeFiles/03_adc.dir/C_/mk/pico/pico-sdk/src/rp2_common/hardware_timer/timer.c.obj
                0x10001704                busy_wait_until
 .text.clock_configure_int_divider
                0x10001724       0xf4 CMakeFiles/03_adc.dir/C_/mk/pico/pico-sdk/src/rp2_common/hardware_clocks/clocks.c.obj
                0x10001724                clock_configure_int_divider
 .text.clock_configure_undivided
                0x10001818       0xe8 CMakeFiles/03_adc.dir/C_/mk/pico/pico-sdk/src/rp2_common/hardware_clocks/clocks.c.obj
                0x10001818                clock_configure_undivided
 .text.clock_get_hz
                0x10001900        0xc CMakeFiles/03_adc.dir/C_/mk/pico/pico-sdk/src/rp2_common/hardware_clocks/clocks.c.obj
                0x10001900                clock_get_hz
 .text.pll_init
                0x1000190c       0xa0 CMakeFiles/03_adc.dir/C_/mk/pico/pico-sdk/src/rp2_common/hardware_pll/pll.c.obj
                0x1000190c                pll_init
 .text.watchdog_reboot
                0x100019ac       0x98 CMakeFiles/03_adc.dir/C_/mk/pico/pico-sdk/src/rp2_common/hardware_watchdog/watchdog.c.obj
                0x100019ac                watchdog_reboot
 .text.tick_start
                0x10001a44       0x10 CMakeFiles/03_adc.dir/C_/mk/pico/pico-sdk/src/rp2_common/hardware_ticks/ticks.c.obj
                0x10001a44                tick_start
 .text.rom_func_lookup
                0x10001a54       0x10 CMakeFiles/03_adc.dir/C_/mk/pico/pico-sdk/src/rp2_common/pico_bootrom/bootrom.c.obj
                0x10001a54                rom_func_lookup
 .text.rom_data_lookup
                0x10001a64       0x10 CMakeFiles/03_adc.dir/C_/mk/pico/pico-sdk/src/rp2_common/pico_bootrom/bootrom.c.obj
                0x10001a64                rom_data_lookup
 .text.rom_funcs_lookup
                0x10001a74       0x44 CMakeFiles/03_adc.dir/C_/mk/pico/pico-sdk/src/rp2_common/pico_bootrom/bootrom.c.obj
                0x10001a74                rom_funcs_lookup
 .text.rom_reset_usb_boot_extra
                0x10001ab8       0x28 CMakeFiles/03_adc.dir/C_/mk/pico/pico-sdk/src/rp2_common/pico_bootrom/bootrom.c.obj
                0x10001ab8                rom_reset_usb_boot_extra
 .text.xosc_init
                0x10001ae0       0x28 CMakeFiles/03_adc.dir/C_/mk/pico/pico-sdk/src/rp2_common/hardware_xosc/xosc.c.obj
                0x10001ae0                xosc_init
 .text.first_per_core_initializer
                0x10001b08        0x4 CMakeFiles/03_adc.dir/C_/mk/pico/pico-sdk/src/rp2_common/pico_runtime/runtime.c.obj
 .text.hard_assertion_failure
                0x10001b0c        0xc CMakeFiles/03_adc.dir/C_/mk/pico/pico-sdk/src/rp2_common/pico_runtime/runtime.c.obj
                0x10001b0c                hard_assertion_failure
 .text.runtime_run_initializers
                0x10001b18       0x28 CMakeFiles/03_adc.dir/C_/mk/pico/pico-sdk/src/rp2_common/pico_runtime/runtime.c.obj
                0x10001b18                runtime_run_initializers
 .text.runtime_init_early_resets
                0x10001b40       0x2c CMakeFiles/03_adc.dir/C_/mk/pico/pico-sdk/src/rp2_common/pico_runtime_init/runtime_init.c.obj
                0x10001b40                runtime_init_early_resets
 .text.runtime_init_usb_power_down
                0x10001b6c       0x1c CMakeFiles/03_adc.dir/C_/mk/pico/pico-sdk/src/rp2_common/pico_runtime_init/runtime_init.c.obj
                0x10001b6c                runtime_init_usb_power_down
 .text.runtime_init_post_clock_resets
                0x10001b88       0x20 CMakeFiles/03_adc.dir/C_/mk/pico/pico-sdk/src/rp2_common/pico_runtime_init/runtime_init.c.obj
                0x10001b88                runtime_init_post_clock_resets
 .text.runtime_init_rp2040_gpio_ie_disable
                0x10001ba8       0x14 CMakeFiles/03_adc.dir/C_/mk/pico/pico-sdk/src/rp2_common/pico_runtime_init/runtime_init.c.obj
                0x10001ba8                runtime_init_rp2040_gpio_ie_disable
 .text.runtime_init_spin_locks_reset
                0x10001bbc        0x8 CMakeFiles/03_adc.dir/C_/mk/pico/pico-sdk/src/rp2_common/pico_runtime_init/runtime_init.c.obj
                0x10001bbc                runtime_init_spin_locks_reset
 .text.runtime_init_install_ram_vector_table
                0x10001bc4       0xcc CMakeFiles/03_adc.dir/C_/mk/pico/pico-sdk/src/rp2_common/pico_runtime_init/runtime_init.c.obj
                0x10001bc4                runtime_init_install_ram_vector_table
 .text.runtime_init_clocks
                0x10001c90       0xd8 CMakeFiles/03_adc.dir/C_/mk/pico/pico-sdk/src/rp2_common/pico_runtime_init/runtime_init_clocks.c.obj
                0x10001c90                runtime_init_clocks
 .text          0x10001d68       0x10 CMakeFiles/03_adc.dir/C_/mk/pico/pico-sdk/src/rp2_common/pico_bit_ops/bit_ops_aeabi.S.obj
 .text.__wrap___aeabi_idiv
                0x10001d78       0x50 CMakeFiles/03_adc.dir/C_/mk/pico/pico-sdk/src/rp2_common/pico_divider/divider_hardware.S.obj
                0x10001d78                __wrap___aeabi_idivmod
                0x10001d78                divmod_s32s32
                0x10001d78                div_s32s32
                0x10001d78                __wrap___aeabi_idiv
                0x10001d80                divmod_s32s32_unsafe
                0x10001dac                divmod_s32s32_savestate
 .text.__wrap___aeabi_uidiv
                0x10001dc8       0x4c CMakeFiles/03_adc.dir/C_/mk/pico/pico-sdk/src/rp2_common/pico_divider/divider_hardware.S.obj
                0x10001dc8                __wrap___aeabi_uidiv
                0x10001dc8                __wrap___aeabi_uidivmod
                0x10001dc8                div_u32u32
                0x10001dc8                divmod_u32u32
                0x10001dd0                divmod_u32u32_unsafe
                0x10001df8                divmod_u32u32_savestate
 .text.__wrap___aeabi_ldiv
                0x10001e14      0x424 CMakeFiles/03_adc.dir/C_/mk/pico/pico-sdk/src/rp2_common/pico_divider/divider_hardware.S.obj
                0x10001e14                div_s64s64
                0x10001e14                divmod_s64s64
                0x10001e14                __wrap___aeabi_ldivmod
                0x10001e44                divmod_u64u64
                0x10001e44                div_u64u64
                0x10001e44                __wrap___aeabi_uldivmod
                0x10001e54                divmod_u64u64_savestate
                0x10001e74                divmod_s64s64_unsafe
                0x10001efc                divmod_u64u64_unsafe
 .text.__wrap___aeabi_darithmetic
                0x10002238       0x80 CMakeFiles/03_adc.dir/C_/mk/pico/pico-sdk/src/rp2_common/pico_double/double_aeabi_rp2040.S.obj
                0x10002238                __wrap___aeabi_drsub
                0x1000223e                __wrap___aeabi_dsub
                0x10002250                __wrap___aeabi_dadd
                0x10002262                __wrap___aeabi_ddiv
                0x1000229e                __wrap___aeabi_dmul
 .text.__wrap___aeabi_cdcmple
                0x100022b8       0x6c CMakeFiles/03_adc.dir/C_/mk/pico/pico-sdk/src/rp2_common/pico_double/double_aeabi_rp2040.S.obj
                0x100022b8                __wrap___aeabi_cdrcmple
                0x100022c8                __wrap___aeabi_cdcmpeq
                0x100022c8                __wrap___aeabi_cdcmple
 .text.__wrap___aeabi_dcmplt
                0x10002324        0xc CMakeFiles/03_adc.dir/C_/mk/pico/pico-sdk/src/rp2_common/pico_double/double_aeabi_rp2040.S.obj
                0x10002324                __wrap___aeabi_dcmplt
 .text.__wrap___aeabi_dcmple
                0x10002330       0x10 CMakeFiles/03_adc.dir/C_/mk/pico/pico-sdk/src/rp2_common/pico_double/double_aeabi_rp2040.S.obj
                0x10002330                __wrap___aeabi_dcmple
 .text.__wrap___aeabi_dcmpge
                0x10002340       0x10 CMakeFiles/03_adc.dir/C_/mk/pico/pico-sdk/src/rp2_common/pico_double/double_aeabi_rp2040.S.obj
                0x10002340                __wrap___aeabi_dcmpge
 .text.__wrap___aeabi_dcmpgt
                0x10002350        0xa CMakeFiles/03_adc.dir/C_/mk/pico/pico-sdk/src/rp2_common/pico_double/double_aeabi_rp2040.S.obj
                0x10002350                __wrap___aeabi_dcmpgt
 .text.__wrap___aeabi_dcmpun
                0x1000235a       0x18 CMakeFiles/03_adc.dir/C_/mk/pico/pico-sdk/src/rp2_common/pico_double/double_aeabi_rp2040.S.obj
                0x1000235a                __wrap___aeabi_dcmpun
 *fill*         0x10002372        0x2 
 .text.__wrap___aeabi_i2d
                0x10002374       0x38 CMakeFiles/03_adc.dir/C_/mk/pico/pico-sdk/src/rp2_common/pico_double/double_aeabi_rp2040.S.obj
                0x10002374                uint2double
                0x10002374                __wrap___aeabi_ui2d
                0x1000237c                int2double
                0x1000237c                __wrap___aeabi_i2d
 .text.__wrap___aeabi_d2iz
                0x100023ac       0x48 CMakeFiles/03_adc.dir/C_/mk/pico/pico-sdk/src/rp2_common/pico_double/double_aeabi_rp2040.S.obj
                0x100023ac                double2int_z
                0x100023ac                __wrap___aeabi_d2iz
 .text.__wrap___aeabi_d2uiz
                0x100023f4       0x18 CMakeFiles/03_adc.dir/C_/mk/pico/pico-sdk/src/rp2_common/pico_double/double_aeabi_rp2040.S.obj
                0x100023f4                double2uint
                0x100023f4                __wrap___aeabi_d2uiz
                0x100023f4                double2uint_z
 .text.__aeabi_double_init
                0x1000240c       0xa0 CMakeFiles/03_adc.dir/C_/mk/pico/pico-sdk/src/rp2_common/pico_double/double_init_rom_rp2040.c.obj
                0x1000240c                __aeabi_double_init
 .text.double_table_shim_on_use_helper
                0x100024ac       0x2c CMakeFiles/03_adc.dir/C_/mk/pico/pico-sdk/src/rp2_common/pico_double/double_v1_rom_shim_rp2040.S.obj
                0x100024ac                double_table_shim_on_use_helper
 .text.__wrap___aeabi_dsub
                0x100024d8       0x10 CMakeFiles/03_adc.dir/C_/mk/pico/pico-sdk/src/rp2_common/pico_double/double_v1_rom_shim_rp2040.S.obj
                0x100024d8                drsub_shim
                0x100024de                dsub_shim
 .text.dadd_shim
                0x100024e8      0x15c CMakeFiles/03_adc.dir/C_/mk/pico/pico-sdk/src/rp2_common/pico_double/double_v1_rom_shim_rp2040.S.obj
                0x100024e8                dadd_shim
 .text.dmul_shim
                0x10002644      0x15c CMakeFiles/03_adc.dir/C_/mk/pico/pico-sdk/src/rp2_common/pico_double/double_v1_rom_shim_rp2040.S.obj
                0x10002644                dmul_shim
 .text.ddiv_shim
                0x100027a0      0x1b0 CMakeFiles/03_adc.dir/C_/mk/pico/pico-sdk/src/rp2_common/pico_double/double_v1_rom_shim_rp2040.S.obj
                0x100027a0                ddiv_shim
 .text.double2uint_shim
                0x10002950        0xe CMakeFiles/03_adc.dir/C_/mk/pico/pico-sdk/src/rp2_common/pico_double/double_v1_rom_shim_rp2040.S.obj
                0x10002950                double2uint_shim
                0x10002952                double2ufix_shim
 *fill*         0x1000295e        0x2 
 .text.double2uint64_shim
                0x10002960       0x70 CMakeFiles/03_adc.dir/C_/mk/pico/pico-sdk/src/rp2_common/pico_double/double_v1_rom_shim_rp2040.S.obj
                0x10002960                double2uint64_shim
                0x10002962                double2ufix64_shim
                0x10002982                d2fix_a
 .text.dunpacks
                0x100029d0       0x3c CMakeFiles/03_adc.dir/C_/mk/pico/pico-sdk/src/rp2_common/pico_double/double_v1_rom_shim_rp2040.S.obj
                0x100029d0                dunpacks
 .text.__aeabi_lmul
                0x10002a0c       0x32 CMakeFiles/03_adc.dir/C_/mk/pico/pico-sdk/src/rp2_common/pico_int64_ops/pico_int64_ops_aeabi.S.obj
                0x10002a0c                __wrap___aeabi_lmul
 *fill*         0x10002a3e        0x2 
 .text.__wrap___aeabi_farithmetic
                0x10002a40       0x48 CMakeFiles/03_adc.dir/C_/mk/pico/pico-sdk/src/rp2_common/pico_float/float_aeabi_rp2040.S.obj
                0x10002a40                __wrap___aeabi_frsub
                0x10002a46                __wrap___aeabi_fsub
                0x10002a4c                __wrap___aeabi_fadd
                0x10002a52                __wrap___aeabi_fdiv
                0x10002a7a                __wrap___aeabi_fmul
 .text.__wrap___aeabi_i2f
                0x10002a88       0x44 CMakeFiles/03_adc.dir/C_/mk/pico/pico-sdk/src/rp2_common/pico_float/float_aeabi_rp2040.S.obj
                0x10002a88                __wrap___aeabi_i2f
                0x10002a88                int2float
 .text.__wrap___aeabi_f2d
                0x10002acc       0x14 CMakeFiles/03_adc.dir/C_/mk/pico/pico-sdk/src/rp2_common/pico_float/float_aeabi_rp2040.S.obj
                0x10002acc                __wrap___aeabi_f2d
 .text.__aeabi_float_init
                0x10002ae0       0x64 CMakeFiles/03_adc.dir/C_/mk/pico/pico-sdk/src/rp2_common/pico_float/float_init_rom_rp2040.c.obj
                0x10002ae0                __aeabi_float_init
 .text.float_table_shim_on_use_helper
                0x10002b44       0x2c CMakeFiles/03_adc.dir/C_/mk/pico/pico-sdk/src/rp2_common/pico_float/float_v1_rom_shim_rp2040.S.obj
                0x10002b44                float_table_shim_on_use_helper
 .text.float2double_shim
                0x10002b70       0x30 CMakeFiles/03_adc.dir/C_/mk/pico/pico-sdk/src/rp2_common/pico_float/float_v1_rom_shim_rp2040.S.obj
                0x10002b70                float2double_shim
 .text          0x10002ba0       0x10 CMakeFiles/03_adc.dir/C_/mk/pico/pico-sdk/src/rp2_common/pico_mem_ops/mem_ops_aeabi.S.obj
                0x10002ba0                __aeabi_mem_init
 .text.memset   0x10002bb0        0xc CMakeFiles/03_adc.dir/C_/mk/pico/pico-sdk/src/rp2_common/pico_mem_ops/mem_ops_aeabi.S.obj
                0x10002bb0                __wrap_memset
 .text.memcpy   0x10002bbc        0xc CMakeFiles/03_adc.dir/C_/mk/pico/pico-sdk/src/rp2_common/pico_mem_ops/mem_ops_aeabi.S.obj
                0x10002bbc                __wrap_memcpy
                0x10002bbc                __wrap___aeabi_memcpy
 .text._out_null
                0x10002bc8        0x4 CMakeFiles/03_adc.dir/C_/mk/pico/pico-sdk/src/rp2_common/pico_printf/printf.c.obj
 .text._out_rev
                0x10002bcc       0x9c CMakeFiles/03_adc.dir/C_/mk/pico/pico-sdk/src/rp2_common/pico_printf/printf.c.obj
 .text._ntoa_format
                0x10002c68      0x1cc CMakeFiles/03_adc.dir/C_/mk/pico/pico-sdk/src/rp2_common/pico_printf/printf.c.obj
 .text._out_char
                0x10002e34       0x10 CMakeFiles/03_adc.dir/C_/mk/pico/pico-sdk/src/rp2_common/pico_printf/printf.c.obj
 .text._out_fct
                0x10002e44       0x10 CMakeFiles/03_adc.dir/C_/mk/pico/pico-sdk/src/rp2_common/pico_printf/printf.c.obj
 .text._etoa    0x10002e54      0x44c CMakeFiles/03_adc.dir/C_/mk/pico/pico-sdk/src/rp2_common/pico_printf/printf.c.obj
 .text._ftoa    0x100032a0      0x398 CMakeFiles/03_adc.dir/C_/mk/pico/pico-sdk/src/rp2_common/pico_printf/printf.c.obj
 .text._vsnprintf
                0x10003638      0xb04 CMakeFiles/03_adc.dir/C_/mk/pico/pico-sdk/src/rp2_common/pico_printf/printf.c.obj
 .text.vfctprintf
                0x1000413c       0x20 CMakeFiles/03_adc.dir/C_/mk/pico/pico-sdk/src/rp2_common/pico_printf/printf.c.obj
                0x1000413c                vfctprintf
 .text.weak_raw_vprintf
                0x1000415c       0x30 CMakeFiles/03_adc.dir/C_/mk/pico/pico-sdk/src/rp2_common/pico_printf/printf.c.obj
                0x1000415c                weak_raw_vprintf
 .text._exit    0x1000418c        0x4 CMakeFiles/03_adc.dir/C_/mk/pico/pico-sdk/src/rp2_common/pico_clib_interface/newlib_interface.c.obj
                0x1000418c                _exit
 .text._sbrk    0x10004190       0x34 CMakeFiles/03_adc.dir/C_/mk/pico/pico-sdk/src/rp2_common/pico_clib_interface/newlib_interface.c.obj
                0x10004190                _sbrk
 .text._read    0x100041c4       0x24 CMakeFiles/03_adc.dir/C_/mk/pico/pico-sdk/src/rp2_common/pico_clib_interface/newlib_interface.c.obj
                0x100041c4                _read
 .text._write   0x100041e8       0x24 CMakeFiles/03_adc.dir/C_/mk/pico/pico-sdk/src/rp2_common/pico_clib_interface/newlib_interface.c.obj
                0x100041e8                _write
 .text._close   0x1000420c        0x8 CMakeFiles/03_adc.dir/C_/mk/pico/pico-sdk/src/rp2_common/pico_clib_interface/newlib_interface.c.obj
                0x1000420c                _close
 .text._lseek   0x10004214        0x8 CMakeFiles/03_adc.dir/C_/mk/pico/pico-sdk/src/rp2_common/pico_clib_interface/newlib_interface.c.obj
                0x10004214                _lseek
 .text.exit     0x1000421c        0x8 CMakeFiles/03_adc.dir/C_/mk/pico/pico-sdk/src/rp2_common/pico_clib_interface/newlib_interface.c.obj
                0x1000421c                exit
 .text.runtime_init
                0x10004224       0x2c CMakeFiles/03_adc.dir/C_/mk/pico/pico-sdk/src/rp2_common/pico_clib_interface/newlib_interface.c.obj
                0x10004224                runtime_init
 .text.stdio_out_chars_no_crlf
                0x10004250       0x10 CMakeFiles/03_adc.dir/C_/mk/pico/pico-sdk/src/rp2_common/pico_stdio/stdio.c.obj
 .text.stdio_out_chars_crlf
                0x10004260       0xb4 CMakeFiles/03_adc.dir/C_/mk/pico/pico-sdk/src/rp2_common/pico_stdio/stdio.c.obj
 .text.stdio_buffered_printer
                0x10004314       0x64 CMakeFiles/03_adc.dir/C_/mk/pico/pico-sdk/src/rp2_common/pico_stdio/stdio.c.obj
 .text.stdio_put_string
                0x10004378      0x100 CMakeFiles/03_adc.dir/C_/mk/pico/pico-sdk/src/rp2_common/pico_stdio/stdio.c.obj
                0x10004378                stdio_put_string
 .text.stdio_get_until
                0x10004478       0x84 CMakeFiles/03_adc.dir/C_/mk/pico/pico-sdk/src/rp2_common/pico_stdio/stdio.c.obj
                0x10004478                stdio_get_until
 .text.stdio_set_driver_enabled
                0x100044fc       0x30 CMakeFiles/03_adc.dir/C_/mk/pico/pico-sdk/src/rp2_common/pico_stdio/stdio.c.obj
                0x100044fc                stdio_set_driver_enabled
 .text.stdio_init_all
                0x1000452c        0x8 CMakeFiles/03_adc.dir/C_/mk/pico/pico-sdk/src/rp2_common/pico_stdio/stdio.c.obj
                0x1000452c                stdio_init_all
 .text.stdio_getchar_timeout_us
                0x10004534       0x98 CMakeFiles/03_adc.dir/C_/mk/pico/pico-sdk/src/rp2_common/pico_stdio/stdio.c.obj
                0x10004534                stdio_getchar_timeout_us
 .text.__wrap_putchar
                0x100045cc       0x98 CMakeFiles/03_adc.dir/C_/mk/pico/pico-sdk/src/rp2_common/pico_stdio/stdio.c.obj
                0x100045cc                __wrap_putchar
                0x100045cc                stdio_putchar
 .text.__wrap_puts
                0x10004664       0x3c CMakeFiles/03_adc.dir/C_/mk/pico/pico-sdk/src/rp2_common/pico_stdio/stdio.c.obj
                0x10004664                stdio_puts
                0x10004664                __wrap_puts
 .text.__wrap_vprintf
                0x100046a0       0xd8 CMakeFiles/03_adc.dir/C_/mk/pico/pico-sdk/src/rp2_common/pico_stdio/stdio.c.obj
                0x100046a0                stdio_vprintf
                0x100046a0                __wrap_vprintf
 .text.__wrap_printf
                0x10004778       0x18 CMakeFiles/03_adc.dir/C_/mk/pico/pico-sdk/src/rp2_common/pico_stdio/stdio.c.obj
                0x10004778                __wrap_printf
                0x10004778                stdio_printf
 .text.resetd_init
                0x10004790        0x4 CMakeFiles/03_adc.dir/C_/mk/pico/pico-sdk/src/rp2_common/pico_stdio_usb/reset_interface.c.obj
 .text.resetd_reset
                0x10004794        0xc CMakeFiles/03_adc.dir/C_/mk/pico/pico-sdk/src/rp2_common/pico_stdio_usb/reset_interface.c.obj
 .text.resetd_open
                0x100047a0       0x28 CMakeFiles/03_adc.dir/C_/mk/pico/pico-sdk/src/rp2_common/pico_stdio_usb/reset_interface.c.obj
 .text.resetd_xfer_cb
                0x100047c8        0x4 CMakeFiles/03_adc.dir/C_/mk/pico/pico-sdk/src/rp2_common/pico_stdio_usb/reset_interface.c.obj
 .text.resetd_control_xfer_cb
                0x100047cc       0x60 CMakeFiles/03_adc.dir/C_/mk/pico/pico-sdk/src/rp2_common/pico_stdio_usb/reset_interface.c.obj
 .text.tud_descriptor_bos_cb
                0x1000482c        0x8 CMakeFiles/03_adc.dir/C_/mk/pico/pico-sdk/src/rp2_common/pico_stdio_usb/reset_interface.c.obj
                0x1000482c                tud_descriptor_bos_cb
 .text.tud_vendor_control_xfer_cb
                0x10004834       0x34 CMakeFiles/03_adc.dir/C_/mk/pico/pico-sdk/src/rp2_common/pico_stdio_usb/reset_interface.c.obj
                0x10004834                tud_vendor_control_xfer_cb
 .text.usbd_app_driver_get_cb
                0x10004868        0xc CMakeFiles/03_adc.dir/C_/mk/pico/pico-sdk/src/rp2_common/pico_stdio_usb/reset_interface.c.obj
                0x10004868                usbd_app_driver_get_cb
 .text.tud_cdc_line_coding_cb
                0x10004874       0x2c CMakeFiles/03_adc.dir/C_/mk/pico/pico-sdk/src/rp2_common/pico_stdio_usb/reset_interface.c.obj
                0x10004874                tud_cdc_line_coding_cb
 .text.stdio_usb_set_chars_available_callback
                0x100048a0       0x14 CMakeFiles/03_adc.dir/C_/mk/pico/pico-sdk/src/rp2_common/pico_stdio_usb/stdio_usb.c.obj
                0x100048a0                stdio_usb_set_chars_available_callback
 .text.usb_irq  0x100048b4       0x10 CMakeFiles/03_adc.dir/C_/mk/pico/pico-sdk/src/rp2_common/pico_stdio_usb/stdio_usb.c.obj
 .text.timer_task
                0x100048c4       0x64 CMakeFiles/03_adc.dir/C_/mk/pico/pico-sdk/src/rp2_common/pico_stdio_usb/stdio_usb.c.obj
 .text.stdio_usb_in_chars
                0x10004928       0x90 CMakeFiles/03_adc.dir/C_/mk/pico/pico-sdk/src/rp2_common/pico_stdio_usb/stdio_usb.c.obj
                0x10004928                stdio_usb_in_chars
 .text.stdio_usb_out_flush
                0x100049b8       0x50 CMakeFiles/03_adc.dir/C_/mk/pico/pico-sdk/src/rp2_common/pico_stdio_usb/stdio_usb.c.obj
 .text.stdio_usb_out_chars
                0x10004a08      0x100 CMakeFiles/03_adc.dir/C_/mk/pico/pico-sdk/src/rp2_common/pico_stdio_usb/stdio_usb.c.obj
 .text.low_priority_worker_irq
                0x10004b08       0xc8 CMakeFiles/03_adc.dir/C_/mk/pico/pico-sdk/src/rp2_common/pico_stdio_usb/stdio_usb.c.obj
 .text.stdio_usb_init
                0x10004bd0       0xe8 CMakeFiles/03_adc.dir/C_/mk/pico/pico-sdk/src/rp2_common/pico_stdio_usb/stdio_usb.c.obj
                0x10004bd0                stdio_usb_init
 .text.tud_descriptor_device_cb
                0x10004cb8        0x8 CMakeFiles/03_adc.dir/C_/mk/pico/pico-sdk/src/rp2_common/pico_stdio_usb/stdio_usb_descriptors.c.obj
                0x10004cb8                tud_descriptor_device_cb
 .text.tud_descriptor_configuration_cb
                0x10004cc0        0x8 CMakeFiles/03_adc.dir/C_/mk/pico/pico-sdk/src/rp2_common/pico_stdio_usb/stdio_usb_descriptors.c.obj
                0x10004cc0                tud_descriptor_configuration_cb
 .text.tud_descriptor_string_cb
                0x10004cc8       0x74 CMakeFiles/03_adc.dir/C_/mk/pico/pico-sdk/src/rp2_common/pico_stdio_usb/stdio_usb_descriptors.c.obj
                0x10004cc8                tud_descriptor_string_cb
 .text.startup._retrieve_unique_id_on_boot
                0x10004d3c       0x10 CMakeFiles/03_adc.dir/C_/mk/pico/pico-sdk/src/rp2_common/pico_unique_id/unique_id.c.obj
 .text.pico_get_unique_board_id_string
                0x10004d4c      0x1a8 CMakeFiles/03_adc.dir/C_/mk/pico/pico-sdk/src/rp2_common/pico_unique_id/unique_id.c.obj
                0x10004d4c                pico_get_unique_board_id_string
 .text.flash_get_unique_id
                0x10004ef4       0x40 CMakeFiles/03_adc.dir/C_/mk/pico/pico-sdk/src/rp2_common/hardware_flash/flash.c.obj
                0x10004ef4                flash_get_unique_id
 .text.dcd_init
                0x10004f34       0x90 CMakeFiles/03_adc.dir/C_/mk/pico/pico-sdk/lib/tinyusb/src/portable/raspberrypi/rp2040/dcd_rp2040.c.obj
                0x10004f34                dcd_init
 .text.dcd_int_enable
                0x10004fc4        0xc CMakeFiles/03_adc.dir/C_/mk/pico/pico-sdk/lib/tinyusb/src/portable/raspberrypi/rp2040/dcd_rp2040.c.obj
                0x10004fc4                dcd_int_enable
 .text.dcd_set_address
                0x10004fd0       0x14 CMakeFiles/03_adc.dir/C_/mk/pico/pico-sdk/lib/tinyusb/src/portable/raspberrypi/rp2040/dcd_rp2040.c.obj
                0x10004fd0                dcd_set_address
 .text.dcd_sof_enable
                0x10004fe4       0x1c CMakeFiles/03_adc.dir/C_/mk/pico/pico-sdk/lib/tinyusb/src/portable/raspberrypi/rp2040/dcd_rp2040.c.obj
                0x10004fe4                dcd_sof_enable
 .text.dcd_edpt0_status_complete
                0x10005000       0x1c CMakeFiles/03_adc.dir/C_/mk/pico/pico-sdk/lib/tinyusb/src/portable/raspberrypi/rp2040/dcd_rp2040.c.obj
                0x10005000                dcd_edpt0_status_complete
 .text.dcd_edpt_open
                0x1000501c      0x114 CMakeFiles/03_adc.dir/C_/mk/pico/pico-sdk/lib/tinyusb/src/portable/raspberrypi/rp2040/dcd_rp2040.c.obj
                0x1000501c                dcd_edpt_open
 .text.dcd_edpt_close_all
                0x10005130        0x8 CMakeFiles/03_adc.dir/C_/mk/pico/pico-sdk/lib/tinyusb/src/portable/raspberrypi/rp2040/dcd_rp2040.c.obj
                0x10005130                dcd_edpt_close_all
 .text.dcd_edpt_xfer
                0x10005138       0x24 CMakeFiles/03_adc.dir/C_/mk/pico/pico-sdk/lib/tinyusb/src/portable/raspberrypi/rp2040/dcd_rp2040.c.obj
                0x10005138                dcd_edpt_xfer
 .text.dcd_edpt_stall
                0x1000515c       0x38 CMakeFiles/03_adc.dir/C_/mk/pico/pico-sdk/lib/tinyusb/src/portable/raspberrypi/rp2040/dcd_rp2040.c.obj
                0x1000515c                dcd_edpt_stall
 .text.dcd_edpt_clear_stall
                0x10005194       0x30 CMakeFiles/03_adc.dir/C_/mk/pico/pico-sdk/lib/tinyusb/src/portable/raspberrypi/rp2040/dcd_rp2040.c.obj
                0x10005194                dcd_edpt_clear_stall
 .text.rp2040_usb_init
                0x100051c4       0x40 CMakeFiles/03_adc.dir/C_/mk/pico/pico-sdk/lib/tinyusb/src/portable/raspberrypi/rp2040/rp2040_usb.c.obj
                0x100051c4                rp2040_usb_init
 .text.hw_endpoint_xfer_start
                0x10005204       0x50 CMakeFiles/03_adc.dir/C_/mk/pico/pico-sdk/lib/tinyusb/src/portable/raspberrypi/rp2040/rp2040_usb.c.obj
                0x10005204                hw_endpoint_xfer_start
 .text.tud_event_hook_cb
                0x10005254        0x4 CMakeFiles/03_adc.dir/C_/mk/pico/pico-sdk/lib/tinyusb/src/device/usbd.c.obj
                0x10005254                tud_event_hook_cb
 .text.tud_sof_cb
                0x10005258        0x4 CMakeFiles/03_adc.dir/C_/mk/pico/pico-sdk/lib/tinyusb/src/device/usbd.c.obj
                0x10005258                tud_sof_cb
 .text.tud_descriptor_device_qualifier_cb
                0x1000525c        0x4 CMakeFiles/03_adc.dir/C_/mk/pico/pico-sdk/lib/tinyusb/src/device/usbd.c.obj
                0x1000525c                tud_descriptor_device_qualifier_cb
 .text.tud_descriptor_other_speed_configuration_cb
                0x10005260        0x4 CMakeFiles/03_adc.dir/C_/mk/pico/pico-sdk/lib/tinyusb/src/device/usbd.c.obj
                0x10005260                tud_descriptor_other_speed_configuration_cb
 .text.tud_mount_cb
                0x10005264        0x4 CMakeFiles/03_adc.dir/C_/mk/pico/pico-sdk/lib/tinyusb/src/device/usbd.c.obj
                0x10005264                tud_mount_cb
 .text.tud_umount_cb
                0x10005268        0x4 CMakeFiles/03_adc.dir/C_/mk/pico/pico-sdk/lib/tinyusb/src/device/usbd.c.obj
                0x10005268                tud_umount_cb
 .text.tud_suspend_cb
                0x1000526c        0x4 CMakeFiles/03_adc.dir/C_/mk/pico/pico-sdk/lib/tinyusb/src/device/usbd.c.obj
                0x1000526c                tud_suspend_cb
 .text.tud_resume_cb
                0x10005270        0x4 CMakeFiles/03_adc.dir/C_/mk/pico/pico-sdk/lib/tinyusb/src/device/usbd.c.obj
                0x10005270                tud_resume_cb
 .text.tud_mounted
                0x10005274       0x10 CMakeFiles/03_adc.dir/C_/mk/pico/pico-sdk/lib/tinyusb/src/device/usbd.c.obj
                0x10005274                tud_mounted
 .text.tud_suspended
                0x10005284       0x10 CMakeFiles/03_adc.dir/C_/mk/pico/pico-sdk/lib/tinyusb/src/device/usbd.c.obj
                0x10005284                tud_suspended
 .text.tud_rhport_init
                0x10005294       0xf4 CMakeFiles/03_adc.dir/C_/mk/pico/pico-sdk/lib/tinyusb/src/device/usbd.c.obj
                0x10005294                tud_rhport_init
 .text.tud_task_ext
                0x10005388      0x800 CMakeFiles/03_adc.dir/C_/mk/pico/pico-sdk/lib/tinyusb/src/device/usbd.c.obj
                0x10005388                tud_task_ext
 .text.usbd_open_edpt_pair
                0x10005b88       0x9c CMakeFiles/03_adc.dir/C_/mk/pico/pico-sdk/lib/tinyusb/src/device/usbd.c.obj
                0x10005b88                usbd_open_edpt_pair
 .text.usbd_edpt_open
                0x10005c24       0x34 CMakeFiles/03_adc.dir/C_/mk/pico/pico-sdk/lib/tinyusb/src/device/usbd.c.obj
                0x10005c24                usbd_edpt_open
 .text.usbd_edpt_claim
                0x10005c58       0x28 CMakeFiles/03_adc.dir/C_/mk/pico/pico-sdk/lib/tinyusb/src/device/usbd.c.obj
                0x10005c58                usbd_edpt_claim
 .text.usbd_edpt_release
                0x10005c80       0x28 CMakeFiles/03_adc.dir/C_/mk/pico/pico-sdk/lib/tinyusb/src/device/usbd.c.obj
                0x10005c80                usbd_edpt_release
 .text.usbd_edpt_xfer
                0x10005ca8       0x4c CMakeFiles/03_adc.dir/C_/mk/pico/pico-sdk/lib/tinyusb/src/device/usbd.c.obj
                0x10005ca8                usbd_edpt_xfer
 .text.tud_control_status
                0x10005cf4       0x30 CMakeFiles/03_adc.dir/C_/mk/pico/pico-sdk/lib/tinyusb/src/device/usbd_control.c.obj
                0x10005cf4                tud_control_status
 .text.tud_control_xfer
                0x10005d24       0xbc CMakeFiles/03_adc.dir/C_/mk/pico/pico-sdk/lib/tinyusb/src/device/usbd_control.c.obj
                0x10005d24                tud_control_xfer
 .text.usbd_control_reset
                0x10005de0       0x14 CMakeFiles/03_adc.dir/C_/mk/pico/pico-sdk/lib/tinyusb/src/device/usbd_control.c.obj
                0x10005de0                usbd_control_reset
 .text.usbd_control_set_complete_callback
                0x10005df4        0xc CMakeFiles/03_adc.dir/C_/mk/pico/pico-sdk/lib/tinyusb/src/device/usbd_control.c.obj
                0x10005df4                usbd_control_set_complete_callback
 .text.usbd_control_set_request
                0x10005e00       0x1c CMakeFiles/03_adc.dir/C_/mk/pico/pico-sdk/lib/tinyusb/src/device/usbd_control.c.obj
                0x10005e00                usbd_control_set_request
 .text.usbd_control_xfer_cb
                0x10005e1c       0xf0 CMakeFiles/03_adc.dir/C_/mk/pico/pico-sdk/lib/tinyusb/src/device/usbd_control.c.obj
                0x10005e1c                usbd_control_xfer_cb
 .text._prep_out_transaction.isra.0
                0x10005f0c       0x6c CMakeFiles/03_adc.dir/C_/mk/pico/pico-sdk/lib/tinyusb/src/class/cdc/cdc_device.c.obj
 .text.tud_cdc_n_connected
                0x10005f78       0x2c CMakeFiles/03_adc.dir/C_/mk/pico/pico-sdk/lib/tinyusb/src/class/cdc/cdc_device.c.obj
                0x10005f78                tud_cdc_n_connected
 .text.tud_cdc_n_available
                0x10005fa4       0x18 CMakeFiles/03_adc.dir/C_/mk/pico/pico-sdk/lib/tinyusb/src/class/cdc/cdc_device.c.obj
                0x10005fa4                tud_cdc_n_available
 .text.tud_cdc_n_read
                0x10005fbc       0x94 CMakeFiles/03_adc.dir/C_/mk/pico/pico-sdk/lib/tinyusb/src/class/cdc/cdc_device.c.obj
                0x10005fbc                tud_cdc_n_read
 .text.tud_cdc_n_write_flush
                0x10006050       0x78 CMakeFiles/03_adc.dir/C_/mk/pico/pico-sdk/lib/tinyusb/src/class/cdc/cdc_device.c.obj
                0x10006050                tud_cdc_n_write_flush
 .text.tud_cdc_n_write
                0x100060c8       0x44 CMakeFiles/03_adc.dir/C_/mk/pico/pico-sdk/lib/tinyusb/src/class/cdc/cdc_device.c.obj
                0x100060c8                tud_cdc_n_write
 .text.tud_cdc_n_write_available
                0x1000610c       0x18 CMakeFiles/03_adc.dir/C_/mk/pico/pico-sdk/lib/tinyusb/src/class/cdc/cdc_device.c.obj
                0x1000610c                tud_cdc_n_write_available
 .text.cdcd_init
                0x10006124       0x70 CMakeFiles/03_adc.dir/C_/mk/pico/pico-sdk/lib/tinyusb/src/class/cdc/cdc_device.c.obj
                0x10006124                cdcd_init
 .text.cdcd_deinit
                0x10006194       0x24 CMakeFiles/03_adc.dir/C_/mk/pico/pico-sdk/lib/tinyusb/src/class/cdc/cdc_device.c.obj
                0x10006194                cdcd_deinit
 .text.cdcd_reset
                0x100061b8       0x4c CMakeFiles/03_adc.dir/C_/mk/pico/pico-sdk/lib/tinyusb/src/class/cdc/cdc_device.c.obj
                0x100061b8                cdcd_reset
 .text.cdcd_open
                0x10006204       0xa8 CMakeFiles/03_adc.dir/C_/mk/pico/pico-sdk/lib/tinyusb/src/class/cdc/cdc_device.c.obj
                0x10006204                cdcd_open
 .text.cdcd_control_xfer_cb
                0x100062ac       0xe8 CMakeFiles/03_adc.dir/C_/mk/pico/pico-sdk/lib/tinyusb/src/class/cdc/cdc_device.c.obj
                0x100062ac                cdcd_control_xfer_cb
 .text.cdcd_xfer_cb
                0x10006394       0xfc CMakeFiles/03_adc.dir/C_/mk/pico/pico-sdk/lib/tinyusb/src/class/cdc/cdc_device.c.obj
                0x10006394                cdcd_xfer_cb
 .text.vendord_init
                0x10006490       0x5c CMakeFiles/03_adc.dir/C_/mk/pico/pico-sdk/lib/tinyusb/src/class/vendor/vendor_device.c.obj
                0x10006490                vendord_init
 .text.vendord_deinit
                0x100064ec       0x1c CMakeFiles/03_adc.dir/C_/mk/pico/pico-sdk/lib/tinyusb/src/class/vendor/vendor_device.c.obj
                0x100064ec                vendord_deinit
 .text.vendord_reset
                0x10006508       0x28 CMakeFiles/03_adc.dir/C_/mk/pico/pico-sdk/lib/tinyusb/src/class/vendor/vendor_device.c.obj
                0x10006508                vendord_reset
 .text.vendord_open
                0x10006530      0x128 CMakeFiles/03_adc.dir/C_/mk/pico/pico-sdk/lib/tinyusb/src/class/vendor/vendor_device.c.obj
                0x10006530                vendord_open
 .text.vendord_xfer_cb
                0x10006658       0x9c CMakeFiles/03_adc.dir/C_/mk/pico/pico-sdk/lib/tinyusb/src/class/vendor/vendor_device.c.obj
                0x10006658                vendord_xfer_cb
 .text.tusb_rhport_init
                0x100066f4       0x48 CMakeFiles/03_adc.dir/C_/mk/pico/pico-sdk/lib/tinyusb/src/tusb.c.obj
                0x100066f4                tusb_rhport_init
 .text.tu_edpt_claim
                0x1000673c       0x50 CMakeFiles/03_adc.dir/C_/mk/pico/pico-sdk/lib/tinyusb/src/tusb.c.obj
                0x1000673c                tu_edpt_claim
 .text.tu_edpt_release
                0x1000678c       0x38 CMakeFiles/03_adc.dir/C_/mk/pico/pico-sdk/lib/tinyusb/src/tusb.c.obj
                0x1000678c                tu_edpt_release
 .text.tu_edpt_validate
                0x100067c4       0x78 CMakeFiles/03_adc.dir/C_/mk/pico/pico-sdk/lib/tinyusb/src/tusb.c.obj
                0x100067c4                tu_edpt_validate
 .text.tu_edpt_bind_driver
                0x1000683c       0x34 CMakeFiles/03_adc.dir/C_/mk/pico/pico-sdk/lib/tinyusb/src/tusb.c.obj
                0x1000683c                tu_edpt_bind_driver
 .text.tu_edpt_stream_init
                0x10006870       0x6c CMakeFiles/03_adc.dir/C_/mk/pico/pico-sdk/lib/tinyusb/src/tusb.c.obj
                0x10006870                tu_edpt_stream_init
 .text.tu_edpt_stream_deinit
                0x100068dc        0x4 CMakeFiles/03_adc.dir/C_/mk/pico/pico-sdk/lib/tinyusb/src/tusb.c.obj
                0x100068dc                tu_edpt_stream_deinit
 .text.tu_edpt_stream_write_zlp_if_needed
                0x100068e0       0x58 CMakeFiles/03_adc.dir/C_/mk/pico/pico-sdk/lib/tinyusb/src/tusb.c.obj
                0x100068e0                tu_edpt_stream_write_zlp_if_needed
 .text.tu_edpt_stream_write_xfer
                0x10006938       0x64 CMakeFiles/03_adc.dir/C_/mk/pico/pico-sdk/lib/tinyusb/src/tusb.c.obj
                0x10006938                tu_edpt_stream_write_xfer
 .text.tu_edpt_stream_read_xfer
                0x1000699c       0xdc CMakeFiles/03_adc.dir/C_/mk/pico/pico-sdk/lib/tinyusb/src/tusb.c.obj
                0x1000699c                tu_edpt_stream_read_xfer
 .text.tu_fifo_config
                0x10006a78       0x70 CMakeFiles/03_adc.dir/C_/mk/pico/pico-sdk/lib/tinyusb/src/common/tusb_fifo.c.obj
                0x10006a78                tu_fifo_config
 .text.tu_fifo_count
                0x10006ae8       0x2c CMakeFiles/03_adc.dir/C_/mk/pico/pico-sdk/lib/tinyusb/src/common/tusb_fifo.c.obj
                0x10006ae8                tu_fifo_count
 .text.tu_fifo_empty
                0x10006b14       0x10 CMakeFiles/03_adc.dir/C_/mk/pico/pico-sdk/lib/tinyusb/src/common/tusb_fifo.c.obj
                0x10006b14                tu_fifo_empty
 .text.tu_fifo_remaining
                0x10006b24       0x2c CMakeFiles/03_adc.dir/C_/mk/pico/pico-sdk/lib/tinyusb/src/common/tusb_fifo.c.obj
                0x10006b24                tu_fifo_remaining
 .text.tu_fifo_read
                0x10006b50       0xa0 CMakeFiles/03_adc.dir/C_/mk/pico/pico-sdk/lib/tinyusb/src/common/tusb_fifo.c.obj
                0x10006b50                tu_fifo_read
 .text.tu_fifo_read_n
                0x10006bf0       0xec CMakeFiles/03_adc.dir/C_/mk/pico/pico-sdk/lib/tinyusb/src/common/tusb_fifo.c.obj
                0x10006bf0                tu_fifo_read_n
 .text.tu_fifo_write
                0x10006cdc       0x88 CMakeFiles/03_adc.dir/C_/mk/pico/pico-sdk/lib/tinyusb/src/common/tusb_fifo.c.obj
                0x10006cdc                tu_fifo_write
 .text.tu_fifo_write_n
                0x10006d64      0x168 CMakeFiles/03_adc.dir/C_/mk/pico/pico-sdk/lib/tinyusb/src/common/tusb_fifo.c.obj
                0x10006d64                tu_fifo_write_n
 .text.tu_fifo_clear
                0x10006ecc       0x40 CMakeFiles/03_adc.dir/C_/mk/pico/pico-sdk/lib/tinyusb/src/common/tusb_fifo.c.obj
                0x10006ecc                tu_fifo_clear
 .text.tu_fifo_set_overwritable
                0x10006f0c       0x48 CMakeFiles/03_adc.dir/C_/mk/pico/pico-sdk/lib/tinyusb/src/common/tusb_fifo.c.obj
                0x10006f0c                tu_fifo_set_overwritable
 .text.adc_init
                0x10006f54       0x38 CMakeFiles/03_adc.dir/C_/mk/pico/pico-sdk/src/rp2_common/hardware_adc/adc.c.obj
                0x10006f54                adc_init
 .text.__sflush_r
                0x10006f8c      0x140 c:/mk/10 2021.10/bin/../lib/gcc/arm-none-eabi/10.3.1/../../../../arm-none-eabi/lib/thumb/v6-m/nofp\libg.a(lib_a-fflush.o)
                0x10006f8c                __sflush_r
 .text._fflush_r
                0x100070cc       0x6c c:/mk/10 2021.10/bin/../lib/gcc/arm-none-eabi/10.3.1/../../../../arm-none-eabi/lib/thumb/v6-m/nofp\libg.a(lib_a-fflush.o)
                0x100070cc                _fflush_r
 .text.fflush   0x10007138       0x78 c:/mk/10 2021.10/bin/../lib/gcc/arm-none-eabi/10.3.1/../../../../arm-none-eabi/lib/thumb/v6-m/nofp\libg.a(lib_a-fflush.o)
                0x10007138                fflush
 .text._cleanup_r
                0x100071b0       0x10 c:/mk/10 2021.10/bin/../lib/gcc/arm-none-eabi/10.3.1/../../../../arm-none-eabi/lib/thumb/v6-m/nofp\libg.a(lib_a-findfp.o)
                0x100071b0                _cleanup_r
 .text.__sinit  0x100071c0      0x120 c:/mk/10 2021.10/bin/../lib/gcc/arm-none-eabi/10.3.1/../../../../arm-none-eabi/lib/thumb/v6-m/nofp\libg.a(lib_a-findfp.o)
                0x100071c0                __sinit
 .text.__sfp_lock_acquire
                0x100072e0       0x10 c:/mk/10 2021.10/bin/../lib/gcc/arm-none-eabi/10.3.1/../../../../arm-none-eabi/lib/thumb/v6-m/nofp\libg.a(lib_a-findfp.o)
                0x100072e0                __sfp_lock_acquire
 .text.__sfp_lock_release
                0x100072f0       0x10 c:/mk/10 2021.10/bin/../lib/gcc/arm-none-eabi/10.3.1/../../../../arm-none-eabi/lib/thumb/v6-m/nofp\libg.a(lib_a-findfp.o)
                0x100072f0                __sfp_lock_release
 .text._malloc_trim_r
                0x10007300       0x9c c:/mk/10 2021.10/bin/../lib/gcc/arm-none-eabi/10.3.1/../../../../arm-none-eabi/lib/thumb/v6-m/nofp\libg.a(lib_a-freer.o)
                0x10007300                _malloc_trim_r
 .text._free_r  0x1000739c      0x1c4 c:/mk/10 2021.10/bin/../lib/gcc/arm-none-eabi/10.3.1/../../../../arm-none-eabi/lib/thumb/v6-m/nofp\libg.a(lib_a-freer.o)
                0x1000739c                _free_r
 .text._fwalk_reent
                0x10007560       0x48 c:/mk/10 2021.10/bin/../lib/gcc/arm-none-eabi/10.3.1/../../../../arm-none-eabi/lib/thumb/v6-m/nofp\libg.a(lib_a-fwalk.o)
                0x10007560                _fwalk_reent
 .text.__retarget_lock_init_recursive
                0x100075a8        0x4 c:/mk/10 2021.10/bin/../lib/gcc/arm-none-eabi/10.3.1/../../../../arm-none-eabi/lib/thumb/v6-m/nofp\libg.a(lib_a-lock.o)
                0x100075a8                __retarget_lock_init_recursive
 .text.__retarget_lock_close_recursive
                0x100075ac        0x4 c:/mk/10 2021.10/bin/../lib/gcc/arm-none-eabi/10.3.1/../../../../arm-none-eabi/lib/thumb/v6-m/nofp\libg.a(lib_a-lock.o)
                0x100075ac                __retarget_lock_close_recursive
 .text.__retarget_lock_acquire_recursive
                0x100075b0        0x4 c:/mk/10 2021.10/bin/../lib/gcc/arm-none-eabi/10.3.1/../../../../arm-none-eabi/lib/thumb/v6-m/nofp\libg.a(lib_a-lock.o)
                0x100075b0                __retarget_lock_acquire_recursive
 .text.__retarget_lock_release_recursive
                0x100075b4        0x4 c:/mk/10 2021.10/bin/../lib/gcc/arm-none-eabi/10.3.1/../../../../arm-none-eabi/lib/thumb/v6-m/nofp\libg.a(lib_a-lock.o)
                0x100075b4                __retarget_lock_release_recursive
 .text.__malloc_lock
                0x100075b8       0x10 c:/mk/10 2021.10/bin/../lib/gcc/arm-none-eabi/10.3.1/../../../../arm-none-eabi/lib/thumb/v6-m/nofp\libg.a(lib_a-mlock.o)
                0x100075b8                __malloc_lock
 .text.__malloc_unlock
                0x100075c8       0x10 c:/mk/10 2021.10/bin/../lib/gcc/arm-none-eabi/10.3.1/../../../../arm-none-eabi/lib/thumb/v6-m/nofp\libg.a(lib_a-mlock.o)
                0x100075c8                __malloc_unlock
 .text._sbrk_r  0x100075d8       0x24 c:/mk/10 2021.10/bin/../lib/gcc/arm-none-eabi/10.3.1/../../../../arm-none-eabi/lib/thumb/v6-m/nofp\libg.a(lib_a-sbrkr.o)
                0x100075d8                _sbrk_r
 .text.__sread  0x100075fc       0x28 c:/mk/10 2021.10/bin/../lib/gcc/arm-none-eabi/10.3.1/../../../../arm-none-eabi/lib/thumb/v6-m/nofp\libg.a(lib_a-stdio.o)
                0x100075fc                __sread
 .text.__swrite
                0x10007624       0x40 c:/mk/10 2021.10/bin/../lib/gcc/arm-none-eabi/10.3.1/../../../../arm-none-eabi/lib/thumb/v6-m/nofp\libg.a(lib_a-stdio.o)
                0x10007624                __swrite
 .text.__sseek  0x10007664       0x2c c:/mk/10 2021.10/bin/../lib/gcc/arm-none-eabi/10.3.1/../../../../arm-none-eabi/lib/thumb/v6-m/nofp\libg.a(lib_a-stdio.o)
                0x10007664                __sseek
 .text.__sclose
                0x10007690        0xc c:/mk/10 2021.10/bin/../lib/gcc/arm-none-eabi/10.3.1/../../../../arm-none-eabi/lib/thumb/v6-m/nofp\libg.a(lib_a-stdio.o)
                0x10007690                __sclose
 .text          0x1000769c       0x88 c:/mk/10 2021.10/bin/../lib/gcc/arm-none-eabi/10.3.1/../../../../arm-none-eabi/lib/thumb/v6-m/nofp\libg.a(lib_a-strcmp.o)
                0x1000769c                strcmp
 .text.strlen   0x10007724       0x5c c:/mk/10 2021.10/bin/../lib/gcc/arm-none-eabi/10.3.1/../../../../arm-none-eabi/lib/thumb/v6-m/nofp\libg.a(lib_a-strlen-stub.o)
                0x10007724                strlen
 .text._write_r
                0x10007780       0x28 c:/mk/10 2021.10/bin/../lib/gcc/arm-none-eabi/10.3.1/../../../../arm-none-eabi/lib/thumb/v6-m/nofp\libg.a(lib_a-writer.o)
                0x10007780                _write_r
 .text._close_r
                0x100077a8       0x24 c:/mk/10 2021.10/bin/../lib/gcc/arm-none-eabi/10.3.1/../../../../arm-none-eabi/lib/thumb/v6-m/nofp\libg.a(lib_a-closer.o)
                0x100077a8                _close_r
 .text._fclose_r
                0x100077cc       0xdc c:/mk/10 2021.10/bin/../lib/gcc/arm-none-eabi/10.3.1/../../../../arm-none-eabi/lib/thumb/v6-m/nofp\libg.a(lib_a-fclose.o)
                0x100077cc                _fclose_r
 .text._lseek_r
                0x100078a8       0x28 c:/mk/10 2021.10/bin/../lib/gcc/arm-none-eabi/10.3.1/../../../../arm-none-eabi/lib/thumb/v6-m/nofp\libg.a(lib_a-lseekr.o)
                0x100078a8                _lseek_r
 .text._read_r  0x100078d0       0x28 c:/mk/10 2021.10/bin/../lib/gcc/arm-none-eabi/10.3.1/../../../../arm-none-eabi/lib/thumb/v6-m/nofp\libg.a(lib_a-readr.o)
                0x100078d0                _read_r
 *(.fini)
 .fini          0x100078f8        0x4 c:/mk/10 2021.10/bin/../lib/gcc/arm-none-eabi/10.3.1/thumb/v6-m/nofp/crti.o
                0x100078f8                _fini
 *fill*         0x100078fc        0x4 
 .fini.__stub   0x10007900       0xd0 linker stubs
 *crtbegin.o(.ctors)
 *crtbegin?.o(.ctors)
 *(EXCLUDE_FILE(*crtend.o *crtend?.o) .ctors)
 *(SORT_BY_NAME(.ctors.*))
 *(.ctors)
 *crtbegin.o(.dtors)
 *crtbegin?.o(.dtors)
 *(EXCLUDE_FILE(*crtend.o *crtend?.o) .dtors)
 *(SORT_BY_NAME(.dtors.*))
 *(.dtors)
                0x100079d0                . = ALIGN (0x4)
                0x100079d0                PROVIDE (__preinit_array_start = .)
 *(SORT_BY_NAME(.preinit_array.*))
 .preinit_array.00100
                0x100079d0        0x4 CMakeFiles/03_adc.dir/C_/mk/pico/pico-sdk/src/rp2_common/pico_runtime_init/runtime_init.c.obj
                0x100079d0                __pre_init_runtime_init_early_resets
 .preinit_array.00101
                0x100079d4        0x4 CMakeFiles/03_adc.dir/C_/mk/pico/pico-sdk/src/rp2_common/pico_runtime_init/runtime_init.c.obj
                0x100079d4                __pre_init_runtime_init_usb_power_down
 .preinit_array.00275
                0x100079d8        0x4 CMakeFiles/03_adc.dir/C_/mk/pico/pico-sdk/src/rp2_common/pico_bit_ops/bit_ops_aeabi.S.obj
 .preinit_array.00300
                0x100079dc        0x4 CMakeFiles/03_adc.dir/C_/mk/pico/pico-sdk/src/rp2_common/pico_mem_ops/mem_ops_aeabi.S.obj
 .preinit_array.00350
                0x100079e0        0x4 CMakeFiles/03_adc.dir/C_/mk/pico/pico-sdk/src/rp2_common/pico_double/double_aeabi_rp2040.S.obj
 .preinit_array.00350
                0x100079e4        0x4 CMakeFiles/03_adc.dir/C_/mk/pico/pico-sdk/src/rp2_common/pico_float/float_aeabi_rp2040.S.obj
 .preinit_array.00500
                0x100079e8        0x4 CMakeFiles/03_adc.dir/C_/mk/pico/pico-sdk/src/rp2_common/pico_runtime_init/runtime_init.c.obj
                0x100079e8                __pre_init_runtime_init_clocks
 .preinit_array.00600
                0x100079ec        0x4 CMakeFiles/03_adc.dir/C_/mk/pico/pico-sdk/src/rp2_common/pico_runtime_init/runtime_init.c.obj
                0x100079ec                __pre_init_runtime_init_post_clock_resets
 .preinit_array.00700
                0x100079f0        0x4 CMakeFiles/03_adc.dir/C_/mk/pico/pico-sdk/src/rp2_common/pico_runtime_init/runtime_init.c.obj
                0x100079f0                __pre_init_runtime_init_rp2040_gpio_ie_disable
 .preinit_array.01000
                0x100079f4        0x4 CMakeFiles/03_adc.dir/C_/mk/pico/pico-sdk/src/rp2_common/pico_runtime_init/runtime_init.c.obj
                0x100079f4                __pre_init_runtime_init_spin_locks_reset
 .preinit_array.01100
                0x100079f8        0x4 CMakeFiles/03_adc.dir/C_/mk/pico/pico-sdk/src/common/pico_sync/mutex.c.obj
                0x100079f8                __pre_init_runtime_init_mutex
 .preinit_array.10080
                0x100079fc        0x4 CMakeFiles/03_adc.dir/C_/mk/pico/pico-sdk/src/rp2_common/pico_runtime_init/runtime_init.c.obj
                0x100079fc                __pre_init_runtime_init_install_ram_vector_table
 .preinit_array.11000
                0x10007a00        0x4 CMakeFiles/03_adc.dir/C_/mk/pico/pico-sdk/src/common/pico_time/time.c.obj
                0x10007a00                __pre_init_runtime_init_default_alarm_pool
 .preinit_array.YYYYY
                0x10007a04        0x4 CMakeFiles/03_adc.dir/C_/mk/pico/pico-sdk/src/rp2_common/pico_runtime/runtime.c.obj
                0x10007a04                __pre_init_first_per_core_initializer
 .preinit_array.ZZZZZ.01200
                0x10007a08        0x4 CMakeFiles/03_adc.dir/C_/mk/pico/pico-sdk/src/rp2_common/hardware_irq/irq.c.obj
                0x10007a08                __pre_init_runtime_init_per_core_irq_priorities
 *(.preinit_array)
                0x10007a0c                PROVIDE (__preinit_array_end = .)
                0x10007a0c                . = ALIGN (0x4)
                0x10007a0c                PROVIDE (__init_array_start = .)
 *(SORT_BY_NAME(.init_array.*))
 .init_array.01000
                0x10007a0c        0x4 CMakeFiles/03_adc.dir/C_/mk/pico/pico-sdk/src/rp2_common/pico_unique_id/unique_id.c.obj
 *(.init_array)
 .init_array    0x10007a10        0x4 c:/mk/10 2021.10/bin/../lib/gcc/arm-none-eabi/10.3.1/thumb/v6-m/nofp/crtbegin.o
                0x10007a14                PROVIDE (__init_array_end = .)
                0x10007a14                . = ALIGN (0x4)
                [!provide]                PROVIDE (__fini_array_start = .)
 *(SORT_BY_NAME(.fini_array.*))
 *(.fini_array)
                [!provide]                PROVIDE (__fini_array_end = .)
 *(.eh_frame*)
 .eh_frame      0x10007a14        0x0 c:/mk/10 2021.10/bin/../lib/gcc/arm-none-eabi/10.3.1/thumb/v6-m/nofp/crtbegin.o
                0x10007a14                . = ALIGN (0x4)

.glue_7         0x10007a14        0x0
 .glue_7        0x10007a14        0x0 linker stubs

.glue_7t        0x10007a14        0x0
 .glue_7t       0x10007a14        0x0 linker stubs

.vfp11_veneer   0x10007a14        0x0
 .vfp11_veneer  0x10007a14        0x0 linker stubs

.v4_bx          0x10007a14        0x0
 .v4_bx         0x10007a14        0x0 linker stubs

.iplt           0x10007a14        0x0
 .iplt          0x10007a14        0x0 c:/mk/10 2021.10/bin/../lib/gcc/arm-none-eabi/10.3.1/thumb/v6-m/nofp/crtbegin.o

.rodata         0x10007a18      0x8ec
 *(EXCLUDE_FILE(*libm.a: *libc.a:*lib_a-mem*.o *libgcc.a:) .rodata*)
 .rodata.process_command.part.0.str1.4
                0x10007a18      0x1a1 CMakeFiles/03_adc.dir/main.c.obj
 *fill*         0x10007bb9        0x3 
 .rodata.process_command.str1.4
                0x10007bbc       0x36 CMakeFiles/03_adc.dir/main.c.obj
 *fill*         0x10007bf2        0x2 
 .rodata.main.str1.4
                0x10007bf4       0xa2 CMakeFiles/03_adc.dir/main.c.obj
 *fill*         0x10007c96        0x2 
 .rodata.adc_task_handle.str1.4
                0x10007c98        0x7 CMakeFiles/03_adc.dir/adc-task/adc-task.c.obj
 *fill*         0x10007c9f        0x1 
 .rodata.panic.str1.4
                0x10007ca0       0x12 CMakeFiles/03_adc.dir/C_/mk/pico/pico-sdk/src/rp2_common/pico_platform_panic/panic.c.obj
 *fill*         0x10007cb2        0x2 
 .rodata.spin_lock_claim_unused.str1.4
                0x10007cb4       0x1b CMakeFiles/03_adc.dir/C_/mk/pico/pico-sdk/src/rp2_common/hardware_sync/sync.c.obj
 *fill*         0x10007ccf        0x1 
 .rodata.user_irq_claim_unused.str1.4
                0x10007cd0       0x1b CMakeFiles/03_adc.dir/C_/mk/pico/pico-sdk/src/rp2_common/hardware_irq/irq.c.obj
 *fill*         0x10007ceb        0x5 
 .rodata.at_the_end_of_time
                0x10007cf0        0x8 CMakeFiles/03_adc.dir/C_/mk/pico/pico-sdk/src/common/pico_time/time.c.obj
                0x10007cf0                at_the_end_of_time
 .rodata.timer_hardware_alarm_claim.str1.4
                0x10007cf8       0x22 CMakeFiles/03_adc.dir/C_/mk/pico/pico-sdk/src/rp2_common/hardware_timer/timer.c.obj
 *fill*         0x10007d1a        0x2 
 .rodata.hard_assertion_failure.str1.4
                0x10007d1c        0xc CMakeFiles/03_adc.dir/C_/mk/pico/pico-sdk/src/rp2_common/pico_runtime/runtime.c.obj
 .rodata.str1.4
                0x10007d28       0x3c CMakeFiles/03_adc.dir/C_/mk/pico/pico-sdk/src/rp2_common/pico_standard_binary_info/standard_binary_info.c.obj
 .rodata.__bi_26
                0x10007d64        0xc CMakeFiles/03_adc.dir/C_/mk/pico/pico-sdk/src/rp2_common/pico_standard_binary_info/standard_binary_info.c.obj
 .rodata.__bi_34
                0x10007d70        0xc CMakeFiles/03_adc.dir/C_/mk/pico/pico-sdk/src/rp2_common/pico_standard_binary_info/standard_binary_info.c.obj
 .rodata.__bi_42
                0x10007d7c        0xc CMakeFiles/03_adc.dir/C_/mk/pico/pico-sdk/src/rp2_common/pico_standard_binary_info/standard_binary_info.c.obj
 .rodata.__bi_48
                0x10007d88        0xc CMakeFiles/03_adc.dir/C_/mk/pico/pico-sdk/src/rp2_common/pico_standard_binary_info/standard_binary_info.c.obj
 .rodata.__bi_54
                0x10007d94        0xc CMakeFiles/03_adc.dir/C_/mk/pico/pico-sdk/src/rp2_common/pico_standard_binary_info/standard_binary_info.c.obj
 .rodata.__bi_78
                0x10007da0        0xc CMakeFiles/03_adc.dir/C_/mk/pico/pico-sdk/src/rp2_common/pico_standard_binary_info/standard_binary_info.c.obj
 .rodata.__bi_84
                0x10007dac        0xc CMakeFiles/03_adc.dir/C_/mk/pico/pico-sdk/src/rp2_common/pico_standard_binary_info/standard_binary_info.c.obj
 .rodata._ftoa.str1.4
                0x10007db8       0x15 CMakeFiles/03_adc.dir/C_/mk/pico/pico-sdk/src/rp2_common/pico_printf/printf.c.obj
 *fill*         0x10007dcd        0x3 
 .rodata._vsnprintf
                0x10007dd0      0x1e0 CMakeFiles/03_adc.dir/C_/mk/pico/pico-sdk/src/rp2_common/pico_printf/printf.c.obj
 .rodata.pow10.0
                0x10007fb0       0x50 CMakeFiles/03_adc.dir/C_/mk/pico/pico-sdk/src/rp2_common/pico_printf/printf.c.obj
 .rodata.crlf_str.0
                0x10008000        0x2 CMakeFiles/03_adc.dir/C_/mk/pico/pico-sdk/src/rp2_common/pico_stdio/stdio.c.obj
 *fill*         0x10008002        0x2 
 .rodata._resetd_driver
                0x10008004       0x20 CMakeFiles/03_adc.dir/C_/mk/pico/pico-sdk/src/rp2_common/pico_stdio_usb/reset_interface.c.obj
 .rodata.desc_bos
                0x10008024       0x21 CMakeFiles/03_adc.dir/C_/mk/pico/pico-sdk/src/rp2_common/pico_stdio_usb/reset_interface.c.obj
                0x10008024                desc_bos
 *fill*         0x10008045        0x3 
 .rodata.desc_ms_os_20
                0x10008048       0xa6 CMakeFiles/03_adc.dir/C_/mk/pico/pico-sdk/src/rp2_common/pico_stdio_usb/reset_interface.c.obj
 *fill*         0x100080ee        0x2 
 .rodata.str1.4
                0x100080f0       0x13 CMakeFiles/03_adc.dir/C_/mk/pico/pico-sdk/src/rp2_common/pico_stdio_usb/stdio_usb.c.obj
 *fill*         0x10008103        0x1 
 .rodata.__bi_202.0
                0x10008104        0xc CMakeFiles/03_adc.dir/C_/mk/pico/pico-sdk/src/rp2_common/pico_stdio_usb/stdio_usb.c.obj
 .rodata.str1.4
                0x10008110       0x2a CMakeFiles/03_adc.dir/C_/mk/pico/pico-sdk/src/rp2_common/pico_stdio_usb/stdio_usb_descriptors.c.obj
 *fill*         0x1000813a        0x2 
 .rodata.usbd_desc_cfg
                0x1000813c       0x54 CMakeFiles/03_adc.dir/C_/mk/pico/pico-sdk/src/rp2_common/pico_stdio_usb/stdio_usb_descriptors.c.obj
 .rodata.usbd_desc_device
                0x10008190       0x12 CMakeFiles/03_adc.dir/C_/mk/pico/pico-sdk/src/rp2_common/pico_stdio_usb/stdio_usb_descriptors.c.obj
 *fill*         0x100081a2        0x2 
 .rodata.usbd_desc_str
                0x100081a4       0x18 CMakeFiles/03_adc.dir/C_/mk/pico/pico-sdk/src/rp2_common/pico_stdio_usb/stdio_usb_descriptors.c.obj
 .rodata.str1.4
                0x100081bc       0x14 CMakeFiles/03_adc.dir/C_/mk/pico/pico-sdk/lib/tinyusb/src/portable/raspberrypi/rp2040/dcd_rp2040.c.obj
 .rodata.str1.4
                0x100081d0       0x48 CMakeFiles/03_adc.dir/C_/mk/pico/pico-sdk/lib/tinyusb/src/portable/raspberrypi/rp2040/rp2040_usb.c.obj
 .rodata.tud_task_ext
                0x10008218       0x8c CMakeFiles/03_adc.dir/C_/mk/pico/pico-sdk/lib/tinyusb/src/device/usbd.c.obj
 .rodata        0x100082a4       0x1c CMakeFiles/03_adc.dir/C_/mk/pico/pico-sdk/lib/tinyusb/src/device/usbd.c.obj
 .rodata._usbd_driver
                0x100082c0       0x40 CMakeFiles/03_adc.dir/C_/mk/pico/pico-sdk/lib/tinyusb/src/device/usbd.c.obj
 .rodata._global_impure_ptr
                0x10008300        0x4 c:/mk/10 2021.10/bin/../lib/gcc/arm-none-eabi/10.3.1/../../../../arm-none-eabi/lib/thumb/v6-m/nofp\libg.a(lib_a-impure.o)
                0x10008300                _global_impure_ptr
                0x10008304                . = ALIGN (0x4)
 *(SORT_BY_ALIGNMENT(SORT_BY_NAME(.flashdata*)))
                0x10008304                . = ALIGN (0x4)

.ARM.extab
 *(.ARM.extab* .gnu.linkonce.armextab.*)
                0x10008304                __exidx_start = .

.ARM.exidx
 *(.ARM.exidx* .gnu.linkonce.armexidx.*)
                0x10008304                __exidx_end = .
                0x10008304                . = ALIGN (0x4)
                0x10008304                __binary_info_start = .

.binary_info    0x10008304       0x20
 *(.binary_info.keep.*)
 .binary_info.keep.__bi_ptr26
                0x10008304        0x4 CMakeFiles/03_adc.dir/C_/mk/pico/pico-sdk/src/rp2_common/pico_standard_binary_info/standard_binary_info.c.obj
 .binary_info.keep.__bi_ptr34
                0x10008308        0x4 CMakeFiles/03_adc.dir/C_/mk/pico/pico-sdk/src/rp2_common/pico_standard_binary_info/standard_binary_info.c.obj
 .binary_info.keep.__bi_ptr42
                0x1000830c        0x4 CMakeFiles/03_adc.dir/C_/mk/pico/pico-sdk/src/rp2_common/pico_standard_binary_info/standard_binary_info.c.obj
 .binary_info.keep.__bi_ptr48
                0x10008310        0x4 CMakeFiles/03_adc.dir/C_/mk/pico/pico-sdk/src/rp2_common/pico_standard_binary_info/standard_binary_info.c.obj
 .binary_info.keep.__bi_ptr54
                0x10008314        0x4 CMakeFiles/03_adc.dir/C_/mk/pico/pico-sdk/src/rp2_common/pico_standard_binary_info/standard_binary_info.c.obj
 .binary_info.keep.__bi_ptr78
                0x10008318        0x4 CMakeFiles/03_adc.dir/C_/mk/pico/pico-sdk/src/rp2_common/pico_standard_binary_info/standard_binary_info.c.obj
 .binary_info.keep.__bi_ptr84
                0x1000831c        0x4 CMakeFiles/03_adc.dir/C_/mk/pico/pico-sdk/src/rp2_common/pico_standard_binary_info/standard_binary_info.c.obj
 *(.binary_info.*)
 .binary_info.__bi_ptr202
                0x10008320        0x4 CMakeFiles/03_adc.dir/C_/mk/pico/pico-sdk/src/rp2_common/pico_stdio_usb/stdio_usb.c.obj
                0x10008324                __binary_info_end = .
                0x10008324                . = ALIGN (0x4)

.ram_vector_table
                0x20000000       0xc0
 *(.ram_vector_table)
 .ram_vector_table
                0x20000000       0xc0 CMakeFiles/03_adc.dir/C_/mk/pico/pico-sdk/src/rp2_common/pico_runtime_init/runtime_init.c.obj
                0x20000000                ram_vector_table

.uninitialized_data
                0x200000c0        0x0
                0x200000c0                . = ALIGN (0x4)
 *(.uninitialized_data*)

.data           0x200000c0     0x1870 load address 0x10008324
                0x200000c0                __data_start__ = .
 *(vtable)
 *(.time_critical*)
 .time_critical.mutex_try_enter
                0x200000c0       0x44 CMakeFiles/03_adc.dir/C_/mk/pico/pico-sdk/src/common/pico_sync/mutex.c.obj
                0x200000c0                mutex_try_enter
 .time_critical.mutex_try_enter_block_until
                0x20000104       0x9c CMakeFiles/03_adc.dir/C_/mk/pico/pico-sdk/src/common/pico_sync/mutex.c.obj
                0x20000104                mutex_try_enter_block_until
 .time_critical.mutex_enter_timeout_ms
                0x200001a0       0x90 CMakeFiles/03_adc.dir/C_/mk/pico/pico-sdk/src/common/pico_sync/mutex.c.obj
                0x200001a0                mutex_enter_timeout_ms
 .time_critical.mutex_exit
                0x20000230       0x28 CMakeFiles/03_adc.dir/C_/mk/pico/pico-sdk/src/common/pico_sync/mutex.c.obj
                0x20000230                mutex_exit
 .time_critical.flash_init_boot2_copyout
                0x20000258       0x30 CMakeFiles/03_adc.dir/C_/mk/pico/pico-sdk/src/rp2_common/hardware_flash/flash.c.obj
 .time_critical.flash_enable_xip_via_boot2
                0x20000288       0x10 CMakeFiles/03_adc.dir/C_/mk/pico/pico-sdk/src/rp2_common/hardware_flash/flash.c.obj
 .time_critical.flash_save_hardware_state
                0x20000298       0x28 CMakeFiles/03_adc.dir/C_/mk/pico/pico-sdk/src/rp2_common/hardware_flash/flash.c.obj
 .time_critical.flash_restore_hardware_state
                0x200002c0       0x28 CMakeFiles/03_adc.dir/C_/mk/pico/pico-sdk/src/rp2_common/hardware_flash/flash.c.obj
 .time_critical.flash_cs_force
                0x200002e8       0x38 CMakeFiles/03_adc.dir/C_/mk/pico/pico-sdk/src/rp2_common/hardware_flash/flash.c.obj
 .time_critical.flash_do_cmd
                0x20000320       0xd4 CMakeFiles/03_adc.dir/C_/mk/pico/pico-sdk/src/rp2_common/hardware_flash/flash.c.obj
                0x20000320                flash_do_cmd
 .time_critical.reset_non_control_endpoints
                0x200003f4       0xbc CMakeFiles/03_adc.dir/C_/mk/pico/pico-sdk/lib/tinyusb/src/portable/raspberrypi/rp2040/dcd_rp2040.c.obj
 .time_critical.hw_handle_buff_status
                0x200004b0       0x98 CMakeFiles/03_adc.dir/C_/mk/pico/pico-sdk/lib/tinyusb/src/portable/raspberrypi/rp2040/dcd_rp2040.c.obj
 .time_critical.dcd_rp2040_irq
                0x20000548      0x530 CMakeFiles/03_adc.dir/C_/mk/pico/pico-sdk/lib/tinyusb/src/portable/raspberrypi/rp2040/dcd_rp2040.c.obj
 .time_critical.prepare_ep_buffer
                0x20000a78       0xf4 CMakeFiles/03_adc.dir/C_/mk/pico/pico-sdk/lib/tinyusb/src/portable/raspberrypi/rp2040/rp2040_usb.c.obj
 .time_critical.sync_ep_buffer
                0x20000b6c       0xb4 CMakeFiles/03_adc.dir/C_/mk/pico/pico-sdk/lib/tinyusb/src/portable/raspberrypi/rp2040/rp2040_usb.c.obj
 .time_critical._hw_endpoint_xfer_sync
                0x20000c20       0x28 CMakeFiles/03_adc.dir/C_/mk/pico/pico-sdk/lib/tinyusb/src/portable/raspberrypi/rp2040/rp2040_usb.c.obj
 .time_critical.e15_is_bulkin_ep
                0x20000c48       0x28 CMakeFiles/03_adc.dir/C_/mk/pico/pico-sdk/lib/tinyusb/src/portable/raspberrypi/rp2040/rp2040_usb.c.obj
 .time_critical.e15_is_critical_frame_period
                0x20000c70       0x34 CMakeFiles/03_adc.dir/C_/mk/pico/pico-sdk/lib/tinyusb/src/portable/raspberrypi/rp2040/rp2040_usb.c.obj
 .time_critical.hw_endpoint_reset_transfer
                0x20000ca4        0xc CMakeFiles/03_adc.dir/C_/mk/pico/pico-sdk/lib/tinyusb/src/portable/raspberrypi/rp2040/rp2040_usb.c.obj
                0x20000ca4                hw_endpoint_reset_transfer
 .time_critical._hw_endpoint_buffer_control_update32
                0x20000cb0       0x50 CMakeFiles/03_adc.dir/C_/mk/pico/pico-sdk/lib/tinyusb/src/portable/raspberrypi/rp2040/rp2040_usb.c.obj
                0x20000cb0                _hw_endpoint_buffer_control_update32
 .time_critical.hw_endpoint_start_next_buffer
                0x20000d00       0x6c CMakeFiles/03_adc.dir/C_/mk/pico/pico-sdk/lib/tinyusb/src/portable/raspberrypi/rp2040/rp2040_usb.c.obj
                0x20000d00                hw_endpoint_start_next_buffer
 .time_critical.hw_endpoint_xfer_continue
                0x20000d6c       0x40 CMakeFiles/03_adc.dir/C_/mk/pico/pico-sdk/lib/tinyusb/src/portable/raspberrypi/rp2040/rp2040_usb.c.obj
                0x20000d6c                hw_endpoint_xfer_continue
 .time_critical.tinyusb
                0x20000dac      0x1f0 CMakeFiles/03_adc.dir/C_/mk/pico/pico-sdk/lib/tinyusb/src/device/usbd.c.obj
                0x20000dac                dcd_event_handler
 *(.text*)
 .text          0x20000f9c        0x4 c:/mk/10 2021.10/bin/../lib/gcc/arm-none-eabi/10.3.1/thumb/v6-m/nofp\libgcc.a(_dvmd_tls.o)
                0x20000f9c                __aeabi_idiv0
                0x20000f9c                __aeabi_ldiv0
 .text.__stub   0x20000fa0       0x80 linker stubs
                0x20001020                . = ALIGN (0x4)
 *(.rodata*)
                0x20001020                . = ALIGN (0x4)
 *(.data*)
 .data.striped_spin_lock_num
                0x20001020        0x1 CMakeFiles/03_adc.dir/C_/mk/pico/pico-sdk/src/rp2_common/hardware_sync/sync.c.obj
 *fill*         0x20001021        0x3 
 .data          0x20001024       0x48 CMakeFiles/03_adc.dir/C_/mk/pico/pico-sdk/src/rp2_common/hardware_irq/irq_handler_chain.S.obj
                0x20001024                irq_handler_chain_slots
                0x20001054                irq_handler_chain_first_slot
                0x2000105e                irq_handler_chain_remove_tail
 .data.default_alarm_pool
                0x2000106c       0x18 CMakeFiles/03_adc.dir/C_/mk/pico/pico-sdk/src/common/pico_time/time.c.obj
 *fill*         0x20001084        0xc 
 .data.aeabi_bits_funcs
                0x20001090       0x10 CMakeFiles/03_adc.dir/C_/mk/pico/pico-sdk/src/rp2_common/pico_bit_ops/bit_ops_aeabi.S.obj
                0x20001090                aeabi_bits_funcs
                0x200010a0                aeabi_bits_funcs_end
 .data.aeabi_mem_funcs
                0x200010a0       0x10 CMakeFiles/03_adc.dir/C_/mk/pico/pico-sdk/src/rp2_common/pico_mem_ops/mem_ops_aeabi.S.obj
                0x200010a0                aeabi_mem_funcs
                0x200010b0                aeabi_mem_funcs_end
 .data.stdio_usb
                0x200010b0       0x18 CMakeFiles/03_adc.dir/C_/mk/pico/pico-sdk/src/rp2_common/pico_stdio_usb/stdio_usb.c.obj
                0x200010b0                stdio_usb
 .data._usbd_qdef
                0x200010c8       0x1c CMakeFiles/03_adc.dir/C_/mk/pico/pico-sdk/lib/tinyusb/src/device/usbd.c.obj
                0x200010c8                _usbd_qdef
 .data._usbd_rhport
                0x200010e4        0x1 CMakeFiles/03_adc.dir/C_/mk/pico/pico-sdk/lib/tinyusb/src/device/usbd.c.obj
 *fill*         0x200010e5        0x3 
 .data._impure_ptr
                0x200010e8        0x4 c:/mk/10 2021.10/bin/../lib/gcc/arm-none-eabi/10.3.1/../../../../arm-none-eabi/lib/thumb/v6-m/nofp\libg.a(lib_a-impure.o)
                0x200010e8                _impure_ptr
 *fill*         0x200010ec        0x4 
 .data.impure_data
                0x200010f0      0x428 c:/mk/10 2021.10/bin/../lib/gcc/arm-none-eabi/10.3.1/../../../../arm-none-eabi/lib/thumb/v6-m/nofp\libg.a(lib_a-impure.o)
 .data.__malloc_av_
                0x20001518      0x408 c:/mk/10 2021.10/bin/../lib/gcc/arm-none-eabi/10.3.1/../../../../arm-none-eabi/lib/thumb/v6-m/nofp\libg.a(lib_a-mallocr.o)
                0x20001518                __malloc_av_
 .data.__malloc_sbrk_base
                0x20001920        0x4 c:/mk/10 2021.10/bin/../lib/gcc/arm-none-eabi/10.3.1/../../../../arm-none-eabi/lib/thumb/v6-m/nofp\libg.a(lib_a-mallocr.o)
                0x20001920                __malloc_sbrk_base
 .data.__malloc_trim_threshold
                0x20001924        0x4 c:/mk/10 2021.10/bin/../lib/gcc/arm-none-eabi/10.3.1/../../../../arm-none-eabi/lib/thumb/v6-m/nofp\libg.a(lib_a-mallocr.o)
                0x20001924                __malloc_trim_threshold
                0x20001928                . = ALIGN (0x4)
 *(.after_data.*)
                0x20001928                . = ALIGN (0x4)
                0x20001928                PROVIDE (__mutex_array_start = .)
 *(SORT_BY_NAME(.mutex_array.*))
 *(.mutex_array)
 .mutex_array   0x20001928        0x8 CMakeFiles/03_adc.dir/C_/mk/pico/pico-sdk/src/rp2_common/pico_stdio/stdio.c.obj
                0x20001930                PROVIDE (__mutex_array_end = .)
                0x20001930                . = ALIGN (0x4)
 *(.jcr)
                0x20001930                . = ALIGN (0x4)

.igot.plt       0x20001930        0x0 load address 0x10009b94
 .igot.plt      0x20001930        0x0 c:/mk/10 2021.10/bin/../lib/gcc/arm-none-eabi/10.3.1/thumb/v6-m/nofp/crtbegin.o

.tdata          0x20001930        0x0 load address 0x10009b94
                0x20001930                . = ALIGN (0x4)
 *(.tdata .tdata.* .gnu.linkonce.td.*)
                0x20001930                __tdata_end = .
                0x20001930                PROVIDE (__data_end__ = .)
                0x10008324                __etext = LOADADDR (.data)

.tbss           0x20001930        0x0 load address 0x10009b94
                0x20001930                . = ALIGN (0x4)
                0x20001930                __bss_start__ = .
                0x20001930                __tls_base = .
 *(.tbss .tbss.* .gnu.linkonce.tb.*)
 *(.tcommon)
                0x20001930                __tls_end = .

.bss            0x20001930      0xf88 load address 0x10009b94
                0x20001930                . = ALIGN (0x4)
                0x20001930                __tbss_end = .
 *(SORT_BY_ALIGNMENT(SORT_BY_NAME(.bss*)))
 .bss.default_alarm_pool_entries
                0x20001930      0x180 CMakeFiles/03_adc.dir/C_/mk/pico/pico-sdk/src/common/pico_time/time.c.obj
 .bss.last_avail_time.1
                0x20001ab0        0x8 CMakeFiles/03_adc.dir/C_/mk/pico/pico-sdk/src/rp2_common/pico_stdio_usb/stdio_usb.c.obj
 .bss.last_measure_time_us
                0x20001ab8        0x8 CMakeFiles/03_adc.dir/adc-task/adc-task.c.obj
 .bss.sd_table  0x20001ac0      0x100 CMakeFiles/03_adc.dir/C_/mk/pico/pico-sdk/src/rp2_common/pico_double/double_init_rom_rp2040.c.obj
                0x20001ac0                sd_table
 .bss.sf_table  0x20001bc0      0x100 CMakeFiles/03_adc.dir/C_/mk/pico/pico-sdk/src/rp2_common/pico_float/float_init_rom_rp2040.c.obj
                0x20001bc0                sf_table
 .bss           0x20001cc0       0x1c c:/mk/10 2021.10/bin/../lib/gcc/arm-none-eabi/10.3.1/thumb/v6-m/nofp/crtbegin.o
 .bss.__lock___malloc_recursive_mutex
                0x20001cdc        0x1 c:/mk/10 2021.10/bin/../lib/gcc/arm-none-eabi/10.3.1/../../../../arm-none-eabi/lib/thumb/v6-m/nofp\libg.a(lib_a-lock.o)
                0x20001cdc                __lock___malloc_recursive_mutex
 *fill*         0x20001cdd        0x3 
 .bss.__lock___sfp_recursive_mutex
                0x20001ce0        0x1 c:/mk/10 2021.10/bin/../lib/gcc/arm-none-eabi/10.3.1/../../../../arm-none-eabi/lib/thumb/v6-m/nofp\libg.a(lib_a-lock.o)
                0x20001ce0                __lock___sfp_recursive_mutex
 *fill*         0x20001ce1        0x3 
 .bss.__lock___sinit_recursive_mutex
                0x20001ce4        0x1 c:/mk/10 2021.10/bin/../lib/gcc/arm-none-eabi/10.3.1/../../../../arm-none-eabi/lib/thumb/v6-m/nofp\libg.a(lib_a-lock.o)
                0x20001ce4                __lock___sinit_recursive_mutex
 *fill*         0x20001ce5        0x3 
 .bss.__malloc_current_mallinfo
                0x20001ce8       0x28 c:/mk/10 2021.10/bin/../lib/gcc/arm-none-eabi/10.3.1/../../../../arm-none-eabi/lib/thumb/v6-m/nofp\libg.a(lib_a-mallocr.o)
                0x20001ce8                __malloc_current_mallinfo
 .bss.__malloc_top_pad
                0x20001d10        0x4 c:/mk/10 2021.10/bin/../lib/gcc/arm-none-eabi/10.3.1/../../../../arm-none-eabi/lib/thumb/v6-m/nofp\libg.a(lib_a-mallocr.o)
                0x20001d10                __malloc_top_pad
 .bss._app_driver
                0x20001d14        0x4 CMakeFiles/03_adc.dir/C_/mk/pico/pico-sdk/lib/tinyusb/src/device/usbd.c.obj
 .bss._cdcd_epbuf
                0x20001d18       0x80 CMakeFiles/03_adc.dir/C_/mk/pico/pico-sdk/lib/tinyusb/src/class/cdc/cdc_device.c.obj
 .bss._cdcd_fifo_cfg
                0x20001d98        0x1 CMakeFiles/03_adc.dir/C_/mk/pico/pico-sdk/lib/tinyusb/src/class/cdc/cdc_device.c.obj
 *fill*         0x20001d99        0x3 
 .bss._cdcd_itf
                0x20001d9c       0xc8 CMakeFiles/03_adc.dir/C_/mk/pico/pico-sdk/lib/tinyusb/src/class/cdc/cdc_device.c.obj
 .bss._ctrl_epbuf
                0x20001e64       0x40 CMakeFiles/03_adc.dir/C_/mk/pico/pico-sdk/lib/tinyusb/src/device/usbd_control.c.obj
 .bss._ctrl_xfer
                0x20001ea4       0x14 CMakeFiles/03_adc.dir/C_/mk/pico/pico-sdk/lib/tinyusb/src/device/usbd_control.c.obj
 .bss._tusb_rhport_role
                0x20001eb8        0x2 CMakeFiles/03_adc.dir/C_/mk/pico/pico-sdk/lib/tinyusb/src/tusb.c.obj
                0x20001eb8                _tusb_rhport_role
 *fill*         0x20001eba        0x2 
 .bss._ubsd_mutexdef
                0x20001ebc        0x8 CMakeFiles/03_adc.dir/C_/mk/pico/pico-sdk/lib/tinyusb/src/device/usbd.c.obj
 .bss._usbd_dev
                0x20001ec4       0x54 CMakeFiles/03_adc.dir/C_/mk/pico/pico-sdk/lib/tinyusb/src/device/usbd.c.obj
 .bss._usbd_mutex
                0x20001f18        0x4 CMakeFiles/03_adc.dir/C_/mk/pico/pico-sdk/lib/tinyusb/src/device/usbd.c.obj
 .bss._usbd_q   0x20001f1c        0x4 CMakeFiles/03_adc.dir/C_/mk/pico/pico-sdk/lib/tinyusb/src/device/usbd.c.obj
 .bss._usbd_qdef_buf
                0x20001f20       0xc0 CMakeFiles/03_adc.dir/C_/mk/pico/pico-sdk/lib/tinyusb/src/device/usbd.c.obj
                0x20001f20                _usbd_qdef_buf
 .bss._vendord_epbuf
                0x20001fe0       0x80 CMakeFiles/03_adc.dir/C_/mk/pico/pico-sdk/lib/tinyusb/src/class/vendor/vendor_device.c.obj
 .bss._vendord_itf
                0x20002060      0x24c CMakeFiles/03_adc.dir/C_/mk/pico/pico-sdk/lib/tinyusb/src/class/vendor/vendor_device.c.obj
 .bss.boot2_copyout
                0x200022ac      0x100 CMakeFiles/03_adc.dir/C_/mk/pico/pico-sdk/src/rp2_common/hardware_flash/flash.c.obj
 .bss.chars_available_callback
                0x200023ac        0x4 CMakeFiles/03_adc.dir/C_/mk/pico/pico-sdk/src/rp2_common/pico_stdio_usb/stdio_usb.c.obj
 .bss.chars_available_param
                0x200023b0        0x4 CMakeFiles/03_adc.dir/C_/mk/pico/pico-sdk/src/rp2_common/pico_stdio_usb/stdio_usb.c.obj
 .bss.claimed   0x200023b4        0x4 CMakeFiles/03_adc.dir/C_/mk/pico/pico-sdk/src/rp2_common/hardware_sync/sync.c.obj
 .bss.claimed   0x200023b8        0x1 CMakeFiles/03_adc.dir/C_/mk/pico/pico-sdk/src/rp2_common/hardware_timer/timer.c.obj
 *fill*         0x200023b9        0x3 
 .bss.cmd_buffer
                0x200023bc       0x40 CMakeFiles/03_adc.dir/main.c.obj
 .bss.configured_freq
                0x200023fc       0x28 CMakeFiles/03_adc.dir/C_/mk/pico/pico-sdk/src/rp2_common/hardware_clocks/clocks.c.obj
 .bss.desc_str.0
                0x20002424       0x28 CMakeFiles/03_adc.dir/C_/mk/pico/pico-sdk/src/rp2_common/pico_stdio_usb/stdio_usb_descriptors.c.obj
 .bss.drivers   0x2000244c        0x4 CMakeFiles/03_adc.dir/C_/mk/pico/pico-sdk/src/rp2_common/pico_stdio/stdio.c.obj
 .bss.e15_last_sof
                0x20002450        0x4 CMakeFiles/03_adc.dir/C_/mk/pico/pico-sdk/lib/tinyusb/src/portable/raspberrypi/rp2040/rp2040_usb.c.obj
                0x20002450                e15_last_sof
 .bss.errno     0x20002454        0x4 c:/mk/10 2021.10/bin/../lib/gcc/arm-none-eabi/10.3.1/../../../../arm-none-eabi/lib/thumb/v6-m/nofp\libg.a(lib_a-reent.o)
                0x20002454                errno
 .bss.filter    0x20002458        0x4 CMakeFiles/03_adc.dir/C_/mk/pico/pico-sdk/src/rp2_common/pico_stdio/stdio.c.obj
 .bss.heap_end.0
                0x2000245c        0x4 CMakeFiles/03_adc.dir/C_/mk/pico/pico-sdk/src/rp2_common/pico_clib_interface/newlib_interface.c.obj
 .bss.hw_endpoints
                0x20002460      0x400 CMakeFiles/03_adc.dir/C_/mk/pico/pico-sdk/lib/tinyusb/src/portable/raspberrypi/rp2040/dcd_rp2040.c.obj
 .bss.lazy_vsnprintf
                0x20002860        0x4 CMakeFiles/03_adc.dir/C_/mk/pico/pico-sdk/src/rp2_common/pico_printf/printf.c.obj
 .bss.load_value
                0x20002864        0x4 CMakeFiles/03_adc.dir/C_/mk/pico/pico-sdk/src/rp2_common/hardware_watchdog/watchdog.c.obj
 .bss.next_buffer_ptr
                0x20002868        0x4 CMakeFiles/03_adc.dir/C_/mk/pico/pico-sdk/lib/tinyusb/src/portable/raspberrypi/rp2040/dcd_rp2040.c.obj
 .bss.one_shot_timer_crit_sec
                0x2000286c        0x8 CMakeFiles/03_adc.dir/C_/mk/pico/pico-sdk/src/rp2_common/pico_stdio_usb/stdio_usb.c.obj
 .bss.pools     0x20002874       0x10 CMakeFiles/03_adc.dir/C_/mk/pico/pico-sdk/src/common/pico_time/time.c.obj
 .bss.retrieved_id
                0x20002884        0x8 CMakeFiles/03_adc.dir/C_/mk/pico/pico-sdk/src/rp2_common/pico_unique_id/unique_id.c.obj
 .bss.sf_clz_func
                0x2000288c        0x4 CMakeFiles/03_adc.dir/C_/mk/pico/pico-sdk/src/rp2_common/pico_double/double_init_rom_rp2040.c.obj
                0x2000288c                sf_clz_func
 .bss.sleep_notifier
                0x20002890        0x4 CMakeFiles/03_adc.dir/C_/mk/pico/pico-sdk/src/common/pico_time/time.c.obj
 .bss.stdio_usb_mutex
                0x20002894        0x8 CMakeFiles/03_adc.dir/C_/mk/pico/pico-sdk/src/rp2_common/pico_stdio_usb/stdio_usb.c.obj
 .bss.usbd_serial_str
                0x2000289c       0x11 CMakeFiles/03_adc.dir/C_/mk/pico/pico-sdk/src/rp2_common/pico_stdio_usb/stdio_usb_descriptors.c.obj
 .bss._app_driver_count
                0x200028ad        0x1 CMakeFiles/03_adc.dir/C_/mk/pico/pico-sdk/lib/tinyusb/src/device/usbd.c.obj
 .bss._sof_enable
                0x200028ae        0x1 CMakeFiles/03_adc.dir/C_/mk/pico/pico-sdk/lib/tinyusb/src/portable/raspberrypi/rp2040/dcd_rp2040.c.obj
 .bss._usbd_queued_setup
                0x200028af        0x1 CMakeFiles/03_adc.dir/C_/mk/pico/pico-sdk/lib/tinyusb/src/device/usbd.c.obj
 .bss.adc_state
                0x200028b0        0x1 CMakeFiles/03_adc.dir/adc-task/adc-task.c.obj
 .bss.boot2_copyout_valid
                0x200028b1        0x1 CMakeFiles/03_adc.dir/C_/mk/pico/pico-sdk/src/rp2_common/hardware_flash/flash.c.obj
 .bss.cmd_index
                0x200028b2        0x1 CMakeFiles/03_adc.dir/main.c.obj
 .bss.irq_handler_chain_free_slot_head
                0x200028b3        0x1 CMakeFiles/03_adc.dir/C_/mk/pico/pico-sdk/src/rp2_common/hardware_irq/irq.c.obj
 .bss.itf_num   0x200028b4        0x1 CMakeFiles/03_adc.dir/C_/mk/pico/pico-sdk/src/rp2_common/pico_stdio_usb/reset_interface.c.obj
 .bss.low_priority_irq_num
                0x200028b5        0x1 CMakeFiles/03_adc.dir/C_/mk/pico/pico-sdk/src/rp2_common/pico_stdio_usb/stdio_usb.c.obj
 .bss.one_shot_timer_pending
                0x200028b6        0x1 CMakeFiles/03_adc.dir/C_/mk/pico/pico-sdk/src/rp2_common/pico_stdio_usb/stdio_usb.c.obj
 .bss.user_irq_claimed
                0x200028b7        0x1 CMakeFiles/03_adc.dir/C_/mk/pico/pico-sdk/src/rp2_common/hardware_irq/irq.c.obj
 *(COMMON)
                0x200028b8                . = ALIGN (0x4)
                0x200028b8                __bss_end__ = .

.heap           0x200028b8      0x800 load address 0x10009b94
                0x200028b8                __end__ = .
                0x200028b8                end = __end__
 *(.heap*)
 .heap          0x200028b8      0x800 CMakeFiles/03_adc.dir/C_/mk/pico/pico-sdk/src/rp2_common/pico_crt0/crt0.S.obj
                0x20040000                __HeapLimit = (ORIGIN (RAM) + LENGTH (RAM))

.scratch_x      0x20040000        0x0 load address 0x10009b94
                0x20040000                __scratch_x_start__ = .
 *(.scratch_x.*)
                0x20040000                . = ALIGN (0x4)
                0x20040000                __scratch_x_end__ = .
                0x10009b94                __scratch_x_source__ = LOADADDR (.scratch_x)

.scratch_y      0x20041000        0x0 load address 0x10009b94
                0x20041000                __scratch_y_start__ = .
 *(.scratch_y.*)
                0x20041000                . = ALIGN (0x4)
                0x20041000                __scratch_y_end__ = .
                0x10009b94                __scratch_y_source__ = LOADADDR (.scratch_y)

.stack1_dummy   0x20040000        0x0
 *(.stack1*)

.stack_dummy    0x20041000      0x800
 *(.stack*)